Archive member included to satisfy reference by file (symbol)

c:/ac6/systemworkbench/plugins/fr.ac6.mcu.externaltools.arm-none.win32_1.17.0.201812190825/tools/compiler/bin/../lib/gcc/arm-none-eabi/7.3.1/../../../../arm-none-eabi/lib/thumb/v7-m\libc_nano.a(lib_a-exit.o)
                              c:/ac6/systemworkbench/plugins/fr.ac6.mcu.externaltools.arm-none.win32_1.17.0.201812190825/tools/compiler/bin/../lib/gcc/arm-none-eabi/7.3.1/../../../../arm-none-eabi/lib/thumb/v7-m/crt0.o (exit)
c:/ac6/systemworkbench/plugins/fr.ac6.mcu.externaltools.arm-none.win32_1.17.0.201812190825/tools/compiler/bin/../lib/gcc/arm-none-eabi/7.3.1/../../../../arm-none-eabi/lib/thumb/v7-m\libc_nano.a(lib_a-impure.o)
                              c:/ac6/systemworkbench/plugins/fr.ac6.mcu.externaltools.arm-none.win32_1.17.0.201812190825/tools/compiler/bin/../lib/gcc/arm-none-eabi/7.3.1/../../../../arm-none-eabi/lib/thumb/v7-m\libc_nano.a(lib_a-exit.o) (_global_impure_ptr)
c:/ac6/systemworkbench/plugins/fr.ac6.mcu.externaltools.arm-none.win32_1.17.0.201812190825/tools/compiler/bin/../lib/gcc/arm-none-eabi/7.3.1/../../../../arm-none-eabi/lib/thumb/v7-m\libc_nano.a(lib_a-init.o)
                              c:/ac6/systemworkbench/plugins/fr.ac6.mcu.externaltools.arm-none.win32_1.17.0.201812190825/tools/compiler/bin/../lib/gcc/arm-none-eabi/7.3.1/../../../../arm-none-eabi/lib/thumb/v7-m/crt0.o (__libc_init_array)
c:/ac6/systemworkbench/plugins/fr.ac6.mcu.externaltools.arm-none.win32_1.17.0.201812190825/tools/compiler/bin/../lib/gcc/arm-none-eabi/7.3.1/../../../../arm-none-eabi/lib/thumb/v7-m\libc_nano.a(lib_a-memset.o)
                              c:/ac6/systemworkbench/plugins/fr.ac6.mcu.externaltools.arm-none.win32_1.17.0.201812190825/tools/compiler/bin/../lib/gcc/arm-none-eabi/7.3.1/../../../../arm-none-eabi/lib/thumb/v7-m/crt0.o (memset)
c:/ac6/systemworkbench/plugins/fr.ac6.mcu.externaltools.arm-none.win32_1.17.0.201812190825/tools/compiler/bin/../lib/gcc/arm-none-eabi/7.3.1/../../../../arm-none-eabi/lib/thumb/v7-m\libc_nano.a(lib_a-strlen.o)
                              Src/main.o (strlen)
c:/ac6/systemworkbench/plugins/fr.ac6.mcu.externaltools.arm-none.win32_1.17.0.201812190825/tools/compiler/bin/../lib/gcc/arm-none-eabi/7.3.1/../../../../arm-none-eabi/lib/thumb/v7-m\libnosys.a(_exit.o)
                              c:/ac6/systemworkbench/plugins/fr.ac6.mcu.externaltools.arm-none.win32_1.17.0.201812190825/tools/compiler/bin/../lib/gcc/arm-none-eabi/7.3.1/../../../../arm-none-eabi/lib/thumb/v7-m\libc_nano.a(lib_a-exit.o) (_exit)

Allocating common symbols
Common symbol       size              file

hUsbDeviceFS        0x224             Src/usb_device.o
nrf_init_result     0x1               Src/main.o
uwTick              0x4               Drivers/STM32F1xx_HAL_Driver/Src/stm32f1xx_hal.o
pFlash              0x20              Drivers/STM32F1xx_HAL_Driver/Src/stm32f1xx_hal_flash.o
UserRxBufferFS      0x3e8             Src/usbd_cdc_if.o
UserTxBufferFS      0x3e8             Src/usbd_cdc_if.o
hspi1               0x58              Src/main.o
hpcd_USB_FS         0x460             Src/usbd_conf.o
USBD_StrDesc        0x200             Src/usbd_desc.o
nrf_tx_cfg          0x24              Src/main.o

Discarded input sections

 .text          0x00000000        0x0 c:/ac6/systemworkbench/plugins/fr.ac6.mcu.externaltools.arm-none.win32_1.17.0.201812190825/tools/compiler/bin/../lib/gcc/arm-none-eabi/7.3.1/thumb/v7-m/crti.o
 .data          0x00000000        0x0 c:/ac6/systemworkbench/plugins/fr.ac6.mcu.externaltools.arm-none.win32_1.17.0.201812190825/tools/compiler/bin/../lib/gcc/arm-none-eabi/7.3.1/thumb/v7-m/crti.o
 .bss           0x00000000        0x0 c:/ac6/systemworkbench/plugins/fr.ac6.mcu.externaltools.arm-none.win32_1.17.0.201812190825/tools/compiler/bin/../lib/gcc/arm-none-eabi/7.3.1/thumb/v7-m/crti.o
 .data          0x00000000        0x4 c:/ac6/systemworkbench/plugins/fr.ac6.mcu.externaltools.arm-none.win32_1.17.0.201812190825/tools/compiler/bin/../lib/gcc/arm-none-eabi/7.3.1/thumb/v7-m/crtbegin.o
 .text          0x00000000       0x74 c:/ac6/systemworkbench/plugins/fr.ac6.mcu.externaltools.arm-none.win32_1.17.0.201812190825/tools/compiler/bin/../lib/gcc/arm-none-eabi/7.3.1/../../../../arm-none-eabi/lib/thumb/v7-m/crt0.o
 .data          0x00000000        0x0 c:/ac6/systemworkbench/plugins/fr.ac6.mcu.externaltools.arm-none.win32_1.17.0.201812190825/tools/compiler/bin/../lib/gcc/arm-none-eabi/7.3.1/../../../../arm-none-eabi/lib/thumb/v7-m/crt0.o
 .bss           0x00000000        0x0 c:/ac6/systemworkbench/plugins/fr.ac6.mcu.externaltools.arm-none.win32_1.17.0.201812190825/tools/compiler/bin/../lib/gcc/arm-none-eabi/7.3.1/../../../../arm-none-eabi/lib/thumb/v7-m/crt0.o
 .ARM.extab     0x00000000        0x0 c:/ac6/systemworkbench/plugins/fr.ac6.mcu.externaltools.arm-none.win32_1.17.0.201812190825/tools/compiler/bin/../lib/gcc/arm-none-eabi/7.3.1/../../../../arm-none-eabi/lib/thumb/v7-m/crt0.o
[...]
Memory Configuration

Name             Origin             Length             Attributes
RAM              0x20000000         0x00005000         xrw
FLASH            0x08000000         0x00010000         xr
*default*        0x00000000         0xffffffff

Linker script and memory map

LOAD c:/ac6/systemworkbench/plugins/fr.ac6.mcu.externaltools.arm-none.win32_1.17.0.201812190825/tools/compiler/bin/../lib/gcc/arm-none-eabi/7.3.1/thumb/v7-m/crti.o
LOAD c:/ac6/systemworkbench/plugins/fr.ac6.mcu.externaltools.arm-none.win32_1.17.0.201812190825/tools/compiler/bin/../lib/gcc/arm-none-eabi/7.3.1/thumb/v7-m/crtbegin.o
LOAD c:/ac6/systemworkbench/plugins/fr.ac6.mcu.externaltools.arm-none.win32_1.17.0.201812190825/tools/compiler/bin/../lib/gcc/arm-none-eabi/7.3.1/../../../../arm-none-eabi/lib/thumb/v7-m/crt0.o
LOAD Drivers/STM32F1xx_HAL_Driver/Src/stm32f1xx_hal.o
LOAD Drivers/STM32F1xx_HAL_Driver/Src/stm32f1xx_hal_cortex.o
LOAD Drivers/STM32F1xx_HAL_Driver/Src/stm32f1xx_hal_dma.o
LOAD Drivers/STM32F1xx_HAL_Driver/Src/stm32f1xx_hal_flash.o
LOAD Drivers/STM32F1xx_HAL_Driver/Src/stm32f1xx_hal_flash_ex.o
LOAD Drivers/STM32F1xx_HAL_Driver/Src/stm32f1xx_hal_gpio.o
LOAD Drivers/STM32F1xx_HAL_Driver/Src/stm32f1xx_hal_gpio_ex.o
LOAD Drivers/STM32F1xx_HAL_Driver/Src/stm32f1xx_hal_pcd.o
LOAD Drivers/STM32F1xx_HAL_Driver/Src/stm32f1xx_hal_pcd_ex.o
LOAD Drivers/STM32F1xx_HAL_Driver/Src/stm32f1xx_hal_pwr.o
LOAD Drivers/STM32F1xx_HAL_Driver/Src/stm32f1xx_hal_rcc.o
LOAD Drivers/STM32F1xx_HAL_Driver/Src/stm32f1xx_hal_rcc_ex.o
LOAD Drivers/STM32F1xx_HAL_Driver/Src/stm32f1xx_hal_spi.o
LOAD Drivers/STM32F1xx_HAL_Driver/Src/stm32f1xx_hal_spi_ex.o
LOAD Drivers/STM32F1xx_HAL_Driver/Src/stm32f1xx_hal_tim.o
LOAD Drivers/STM32F1xx_HAL_Driver/Src/stm32f1xx_hal_tim_ex.o
LOAD Drivers/STM32F1xx_HAL_Driver/Src/stm32f1xx_ll_usb.o
LOAD Middlewares/ST/STM32_USB_Device_Library/Class/CDC/Src/usbd_cdc.o
LOAD Middlewares/ST/STM32_USB_Device_Library/Core/Src/usbd_core.o
LOAD Middlewares/ST/STM32_USB_Device_Library/Core/Src/usbd_ctlreq.o
LOAD Middlewares/ST/STM32_USB_Device_Library/Core/Src/usbd_ioreq.o
LOAD Src/main.o
LOAD Src/stm32f1xx_hal_msp.o
LOAD Src/stm32f1xx_it.o
LOAD Src/system_stm32f1xx.o
LOAD Src/tm2_stm32_nrf24l01.o
LOAD Src/usb_device.o
LOAD Src/usbd_cdc_if.o
LOAD Src/usbd_conf.o
LOAD Src/usbd_desc.o
LOAD startup/startup_stm32f103xb.o
LOAD c:/ac6/systemworkbench/plugins/fr.ac6.mcu.externaltools.arm-none.win32_1.17.0.201812190825/tools/compiler/bin/../lib/gcc/arm-none-eabi/7.3.1/../../../../arm-none-eabi/lib/thumb/v7-m\libm.a
START GROUP
LOAD c:/ac6/systemworkbench/plugins/fr.ac6.mcu.externaltools.arm-none.win32_1.17.0.201812190825/tools/compiler/bin/../lib/gcc/arm-none-eabi/7.3.1/thumb/v7-m\libgcc.a
LOAD c:/ac6/systemworkbench/plugins/fr.ac6.mcu.externaltools.arm-none.win32_1.17.0.201812190825/tools/compiler/bin/../lib/gcc/arm-none-eabi/7.3.1/../../../../arm-none-eabi/lib/thumb/v7-m\libc_nano.a
END GROUP
START GROUP
LOAD c:/ac6/systemworkbench/plugins/fr.ac6.mcu.externaltools.arm-none.win32_1.17.0.201812190825/tools/compiler/bin/../lib/gcc/arm-none-eabi/7.3.1/thumb/v7-m\libgcc.a
LOAD c:/ac6/systemworkbench/plugins/fr.ac6.mcu.externaltools.arm-none.win32_1.17.0.201812190825/tools/compiler/bin/../lib/gcc/arm-none-eabi/7.3.1/../../../../arm-none-eabi/lib/thumb/v7-m\libc_nano.a
LOAD c:/ac6/systemworkbench/plugins/fr.ac6.mcu.externaltools.arm-none.win32_1.17.0.201812190825/tools/compiler/bin/../lib/gcc/arm-none-eabi/7.3.1/../../../../arm-none-eabi/lib/thumb/v7-m\libnosys.a
END GROUP
START GROUP
LOAD c:/ac6/systemworkbench/plugins/fr.ac6.mcu.externaltools.arm-none.win32_1.17.0.201812190825/tools/compiler/bin/../lib/gcc/arm-none-eabi/7.3.1/thumb/v7-m\libgcc.a
LOAD c:/ac6/systemworkbench/plugins/fr.ac6.mcu.externaltools.arm-none.win32_1.17.0.201812190825/tools/compiler/bin/../lib/gcc/arm-none-eabi/7.3.1/../../../../arm-none-eabi/lib/thumb/v7-m\libc_nano.a
LOAD c:/ac6/systemworkbench/plugins/fr.ac6.mcu.externaltools.arm-none.win32_1.17.0.201812190825/tools/compiler/bin/../lib/gcc/arm-none-eabi/7.3.1/../../../../arm-none-eabi/lib/thumb/v7-m\libnosys.a
END GROUP
LOAD c:/ac6/systemworkbench/plugins/fr.ac6.mcu.externaltools.arm-none.win32_1.17.0.201812190825/tools/compiler/bin/../lib/gcc/arm-none-eabi/7.3.1/thumb/v7-m/crtend.o
LOAD c:/ac6/systemworkbench/plugins/fr.ac6.mcu.externaltools.arm-none.win32_1.17.0.201812190825/tools/compiler/bin/../lib/gcc/arm-none-eabi/7.3.1/thumb/v7-m/crtn.o
                0x20005000                _estack = 0x20005000
                0x00000200                _Min_Heap_Size = 0x200
                0x00000400                _Min_Stack_Size = 0x400

.isr_vector     0x08000000      0x10c
                0x08000000                . = ALIGN (0x4)
 *(.isr_vector)
 .isr_vector    0x08000000      0x10c startup/startup_stm32f103xb.o
                0x08000000                g_pfnVectors
                0x0800010c                . = ALIGN (0x4)

.text           0x0800010c     0x3cc8
                0x0800010c                . = ALIGN (0x4)
 *(.text)
 .text          0x0800010c       0x40 c:/ac6/systemworkbench/plugins/fr.ac6.mcu.externaltools.arm-none.win32_1.17.0.201812190825/tools/compiler/bin/../lib/gcc/arm-none-eabi/7.3.1/thumb/v7-m/crtbegin.o
 .text          0x0800014c       0x10 c:/ac6/systemworkbench/plugins/fr.ac6.mcu.externaltools.arm-none.win32_1.17.0.201812190825/tools/compiler/bin/../lib/gcc/arm-none-eabi/7.3.1/../../../../arm-none-eabi/lib/thumb/v7-m\libc_nano.a(lib_a-strlen.o)
                0x0800014c                strlen
 *(.text*)
 .text.HAL_InitTick
                0x0800015c       0x48 Drivers/STM32F1xx_HAL_Driver/Src/stm32f1xx_hal.o
                0x0800015c                HAL_InitTick
 .text.HAL_Init
                0x080001a4       0x24 Drivers/STM32F1xx_HAL_Driver/Src/stm32f1xx_hal.o
                0x080001a4                HAL_Init
 .text.HAL_IncTick
                0x080001c8       0x18 Drivers/STM32F1xx_HAL_Driver/Src/stm32f1xx_hal.o
                0x080001c8                HAL_IncTick
 .text.HAL_GetTick
                0x080001e0        0xc Drivers/STM32F1xx_HAL_Driver/Src/stm32f1xx_hal.o
                0x080001e0                HAL_GetTick
 .text.HAL_Delay
                0x080001ec       0x28 Drivers/STM32F1xx_HAL_Driver/Src/stm32f1xx_hal.o
                0x080001ec                HAL_Delay
 .text.HAL_NVIC_SetPriorityGrouping
                0x08000214       0x24 Drivers/STM32F1xx_HAL_Driver/Src/stm32f1xx_hal_cortex.o
                0x08000214                HAL_NVIC_SetPriorityGrouping
 .text.HAL_NVIC_SetPriority
                0x08000238       0x68 Drivers/STM32F1xx_HAL_Driver/Src/stm32f1xx_hal_cortex.o
                0x08000238                HAL_NVIC_SetPriority
 .text.HAL_NVIC_EnableIRQ
                0x080002a0       0x18 Drivers/STM32F1xx_HAL_Driver/Src/stm32f1xx_hal_cortex.o
                0x080002a0                HAL_NVIC_EnableIRQ
 .text.HAL_SYSTICK_Config
                0x080002b8       0x2c Drivers/STM32F1xx_HAL_Driver/Src/stm32f1xx_hal_cortex.o
                0x080002b8                HAL_SYSTICK_Config
 .text.HAL_SYSTICK_CLKSourceConfig
                0x080002e4       0x20 Drivers/STM32F1xx_HAL_Driver/Src/stm32f1xx_hal_cortex.o
                0x080002e4                HAL_SYSTICK_CLKSourceConfig
 .text.HAL_SYSTICK_Callback
                0x08000304        0x2 Drivers/STM32F1xx_HAL_Driver/Src/stm32f1xx_hal_cortex.o
                0x08000304                HAL_SYSTICK_Callback
 .text.HAL_SYSTICK_IRQHandler
                0x08000306        0x8 Drivers/STM32F1xx_HAL_Driver/Src/stm32f1xx_hal_cortex.o
                0x08000306                HAL_SYSTICK_IRQHandler
 *fill*         0x0800030e        0x2 
 .text.HAL_GPIO_Init
                0x08000310      0x1d4 Drivers/STM32F1xx_HAL_Driver/Src/stm32f1xx_hal_gpio.o
                0x08000310                HAL_GPIO_Init
 .text.HAL_GPIO_ReadPin
                0x080004e4        0xe Drivers/STM32F1xx_HAL_Driver/Src/stm32f1xx_hal_gpio.o
                0x080004e4                HAL_GPIO_ReadPin
 .text.HAL_GPIO_WritePin
                0x080004f2        0xc Drivers/STM32F1xx_HAL_Driver/Src/stm32f1xx_hal_gpio.o
                0x080004f2                HAL_GPIO_WritePin
 .text.HAL_PCD_Init
                0x080004fe       0xd6 Drivers/STM32F1xx_HAL_Driver/Src/stm32f1xx_hal_pcd.o
                0x080004fe                HAL_PCD_Init
 .text.HAL_PCD_Start
                0x080005d4       0x2e Drivers/STM32F1xx_HAL_Driver/Src/stm32f1xx_hal_pcd.o
                0x080005d4                HAL_PCD_Start
 .text.HAL_PCD_SetAddress
                0x08000602       0x28 Drivers/STM32F1xx_HAL_Driver/Src/stm32f1xx_hal_pcd.o
                0x08000602                HAL_PCD_SetAddress
 .text.HAL_PCD_EP_Open
                0x0800062a       0x52 Drivers/STM32F1xx_HAL_Driver/Src/stm32f1xx_hal_pcd.o
                0x0800062a                HAL_PCD_EP_Open
 .text.HAL_PCD_EP_Close
                0x0800067c       0x4e Drivers/STM32F1xx_HAL_Driver/Src/stm32f1xx_hal_pcd.o
                0x0800067c                HAL_PCD_EP_Close
 .text.HAL_PCD_EP_Receive
                0x080006ca       0x3e Drivers/STM32F1xx_HAL_Driver/Src/stm32f1xx_hal_pcd.o
                0x080006ca                HAL_PCD_EP_Receive
 .text.HAL_PCD_EP_GetRxCount
                0x08000708        0xe Drivers/STM32F1xx_HAL_Driver/Src/stm32f1xx_hal_pcd.o
                0x08000708                HAL_PCD_EP_GetRxCount
 .text.HAL_PCD_EP_Transmit
                0x08000716       0x3c Drivers/STM32F1xx_HAL_Driver/Src/stm32f1xx_hal_pcd.o
                0x08000716                HAL_PCD_EP_Transmit
 .text.PCD_EP_ISR_Handler
                0x08000752      0x444 Drivers/STM32F1xx_HAL_Driver/Src/stm32f1xx_hal_pcd.o
 .text.HAL_PCD_IRQHandler
                0x08000b96      0x160 Drivers/STM32F1xx_HAL_Driver/Src/stm32f1xx_hal_pcd.o
                0x08000b96                HAL_PCD_IRQHandler
 .text.HAL_PCD_EP_SetStall
                0x08000cf6       0x5c Drivers/STM32F1xx_HAL_Driver/Src/stm32f1xx_hal_pcd.o
                0x08000cf6                HAL_PCD_EP_SetStall
 .text.HAL_PCD_EP_ClrStall
                0x08000d52       0x4e Drivers/STM32F1xx_HAL_Driver/Src/stm32f1xx_hal_pcd.o
                0x08000d52                HAL_PCD_EP_ClrStall
 .text.HAL_PCDEx_PMAConfig
                0x08000da0       0x30 Drivers/STM32F1xx_HAL_Driver/Src/stm32f1xx_hal_pcd_ex.o
                0x08000da0                HAL_PCDEx_PMAConfig
 .text.RCC_Delay
                0x08000dd0       0x2c Drivers/STM32F1xx_HAL_Driver/Src/stm32f1xx_hal_rcc.o
 .text.HAL_RCC_OscConfig
                0x08000dfc      0x3dc Drivers/STM32F1xx_HAL_Driver/Src/stm32f1xx_hal_rcc.o
                0x08000dfc                HAL_RCC_OscConfig
 .text.HAL_RCC_GetSysClockFreq
                0x080011d8       0x70 Drivers/STM32F1xx_HAL_Driver/Src/stm32f1xx_hal_rcc.o
                0x080011d8                HAL_RCC_GetSysClockFreq
 .text.HAL_RCC_ClockConfig
                0x08001248      0x178 Drivers/STM32F1xx_HAL_Driver/Src/stm32f1xx_hal_rcc.o
                0x08001248                HAL_RCC_ClockConfig
 .text.HAL_RCC_GetHCLKFreq
                0x080013c0        0xc Drivers/STM32F1xx_HAL_Driver/Src/stm32f1xx_hal_rcc.o
                0x080013c0                HAL_RCC_GetHCLKFreq
 .text.HAL_RCCEx_PeriphCLKConfig
                0x080013cc      0x114 Drivers/STM32F1xx_HAL_Driver/Src/stm32f1xx_hal_rcc_ex.o
                0x080013cc                HAL_RCCEx_PeriphCLKConfig
 .text.SPI_WaitFlagStateUntilTimeout
                0x080014e0       0x96 Drivers/STM32F1xx_HAL_Driver/Src/stm32f1xx_hal_spi.o
 .text.SPI_CheckFlag_BSY
                0x08001576       0x28 Drivers/STM32F1xx_HAL_Driver/Src/stm32f1xx_hal_spi.o
 .text.HAL_SPI_Transmit
                0x0800159e      0x1a6 Drivers/STM32F1xx_HAL_Driver/Src/stm32f1xx_hal_spi.o
                0x0800159e                HAL_SPI_Transmit
 .text.HAL_SPI_TransmitReceive
                0x08001744      0x238 Drivers/STM32F1xx_HAL_Driver/Src/stm32f1xx_hal_spi.o
                0x08001744                HAL_SPI_TransmitReceive
 .text.HAL_SPI_Init
                0x0800197c       0x82 Drivers/STM32F1xx_HAL_Driver/Src/stm32f1xx_hal_spi_ex.o
                0x0800197c                HAL_SPI_Init
 .text.USB_CoreInit
                0x080019fe        0xe Drivers/STM32F1xx_HAL_Driver/Src/stm32f1xx_ll_usb.o
                0x080019fe                USB_CoreInit
 .text.USB_EnableGlobalInt
                0x08001a0c       0x10 Drivers/STM32F1xx_HAL_Driver/Src/stm32f1xx_ll_usb.o
                0x08001a0c                USB_EnableGlobalInt
 .text.USB_DisableGlobalInt
                0x08001a1c       0x14 Drivers/STM32F1xx_HAL_Driver/Src/stm32f1xx_ll_usb.o
                0x08001a1c                USB_DisableGlobalInt
 .text.USB_SetCurrentMode
                0x08001a30        0x4 Drivers/STM32F1xx_HAL_Driver/Src/stm32f1xx_ll_usb.o
                0x08001a30                USB_SetCurrentMode
 .text.USB_DevInit
                0x08001a34       0x2c Drivers/STM32F1xx_HAL_Driver/Src/stm32f1xx_ll_usb.o
                0x08001a34                USB_DevInit
 .text.USB_ActivateEndpoint
                0x08001a60      0x328 Drivers/STM32F1xx_HAL_Driver/Src/stm32f1xx_ll_usb.o
                0x08001a60                USB_ActivateEndpoint
 .text.USB_DeactivateEndpoint
                0x08001d88      0x1c4 Drivers/STM32F1xx_HAL_Driver/Src/stm32f1xx_ll_usb.o
                0x08001d88                USB_DeactivateEndpoint
 .text.USB_EPSetStall
                0x08001f4c       0x6e Drivers/STM32F1xx_HAL_Driver/Src/stm32f1xx_ll_usb.o
                0x08001f4c                USB_EPSetStall
 .text.USB_EPClearStall
                0x08001fba       0x92 Drivers/STM32F1xx_HAL_Driver/Src/stm32f1xx_ll_usb.o
                0x08001fba                USB_EPClearStall
 .text.USB_SetDevAddress
                0x0800204c        0xc Drivers/STM32F1xx_HAL_Driver/Src/stm32f1xx_ll_usb.o
                0x0800204c                USB_SetDevAddress
 .text.USB_DevConnect
                0x08002058        0x4 Drivers/STM32F1xx_HAL_Driver/Src/stm32f1xx_ll_usb.o
                0x08002058                USB_DevConnect
 .text.USB_DevDisconnect
                0x0800205c        0x4 Drivers/STM32F1xx_HAL_Driver/Src/stm32f1xx_ll_usb.o
                0x0800205c                USB_DevDisconnect
 .text.USB_ReadInterrupts
                0x08002060        0x6 Drivers/STM32F1xx_HAL_Driver/Src/stm32f1xx_ll_usb.o
                0x08002060                USB_ReadInterrupts
 .text.USB_EP0_OutStart
                0x08002066        0x4 Drivers/STM32F1xx_HAL_Driver/Src/stm32f1xx_ll_usb.o
                0x08002066                USB_EP0_OutStart
 .text.USB_WritePMA
                0x0800206a       0x2a Drivers/STM32F1xx_HAL_Driver/Src/stm32f1xx_ll_usb.o
                0x0800206a                USB_WritePMA
 .text.USB_EPStartXfer
                0x08002094      0x2ba Drivers/STM32F1xx_HAL_Driver/Src/stm32f1xx_ll_usb.o
                0x08002094                USB_EPStartXfer
 .text.USB_ReadPMA
                0x0800234e       0x1e Drivers/STM32F1xx_HAL_Driver/Src/stm32f1xx_ll_usb.o
                0x0800234e                USB_ReadPMA
 .text.USBD_CDC_DataIn
                0x0800236c       0x12 Middlewares/ST/STM32_USB_Device_Library/Class/CDC/Src/usbd_cdc.o
 .text.USBD_CDC_EP0_RxReady
                0x0800237e       0x28 Middlewares/ST/STM32_USB_Device_Library/Class/CDC/Src/usbd_cdc.o
 *fill*         0x080023a6        0x2 
 .text.USBD_CDC_GetFSCfgDesc
                0x080023a8        0xc Middlewares/ST/STM32_USB_Device_Library/Class/CDC/Src/usbd_cdc.o
 .text.USBD_CDC_GetHSCfgDesc
                0x080023b4        0xc Middlewares/ST/STM32_USB_Device_Library/Class/CDC/Src/usbd_cdc.o
 .text.USBD_CDC_GetOtherSpeedCfgDesc
                0x080023c0        0xc Middlewares/ST/STM32_USB_Device_Library/Class/CDC/Src/usbd_cdc.o
 .text.USBD_CDC_GetDeviceQualifierDescriptor
                0x080023cc        0xc Middlewares/ST/STM32_USB_Device_Library/Class/CDC/Src/usbd_cdc.o
                0x080023cc                USBD_CDC_GetDeviceQualifierDescriptor
 .text.USBD_CDC_DataOut
                0x080023d8       0x2e Middlewares/ST/STM32_USB_Device_Library/Class/CDC/Src/usbd_cdc.o
 *fill*         0x08002406        0x2 
 .text.USBD_CDC_Setup
                0x08002408       0x74 Middlewares/ST/STM32_USB_Device_Library/Class/CDC/Src/usbd_cdc.o
 .text.USBD_CDC_DeInit
                0x0800247c       0x3a Middlewares/ST/STM32_USB_Device_Library/Class/CDC/Src/usbd_cdc.o
 .text.USBD_CDC_Init
                0x080024b6       0x96 Middlewares/ST/STM32_USB_Device_Library/Class/CDC/Src/usbd_cdc.o
 .text.USBD_CDC_RegisterInterface
                0x0800254c        0xe Middlewares/ST/STM32_USB_Device_Library/Class/CDC/Src/usbd_cdc.o
                0x0800254c                USBD_CDC_RegisterInterface
 .text.USBD_CDC_SetTxBuffer
                0x0800255a       0x10 Middlewares/ST/STM32_USB_Device_Library/Class/CDC/Src/usbd_cdc.o
                0x0800255a                USBD_CDC_SetTxBuffer
 .text.USBD_CDC_SetRxBuffer
                0x0800256a        0xc Middlewares/ST/STM32_USB_Device_Library/Class/CDC/Src/usbd_cdc.o
                0x0800256a                USBD_CDC_SetRxBuffer
 .text.USBD_CDC_TransmitPacket
                0x08002576       0x2e Middlewares/ST/STM32_USB_Device_Library/Class/CDC/Src/usbd_cdc.o
                0x08002576                USBD_CDC_TransmitPacket
 .text.USBD_CDC_ReceivePacket
                0x080025a4       0x32 Middlewares/ST/STM32_USB_Device_Library/Class/CDC/Src/usbd_cdc.o
                0x080025a4                USBD_CDC_ReceivePacket
 .text.USBD_Init
                0x080025d6       0x2e Middlewares/ST/STM32_USB_Device_Library/Core/Src/usbd_core.o
                0x080025d6                USBD_Init
 .text.USBD_RegisterClass
                0x08002604        0xe Middlewares/ST/STM32_USB_Device_Library/Core/Src/usbd_core.o
                0x08002604                USBD_RegisterClass
 .text.USBD_Start
                0x08002612        0xa Middlewares/ST/STM32_USB_Device_Library/Core/Src/usbd_core.o
                0x08002612                USBD_Start
 .text.USBD_SetClassConfig
                0x0800261c       0x1a Middlewares/ST/STM32_USB_Device_Library/Core/Src/usbd_core.o
                0x0800261c                USBD_SetClassConfig
 .text.USBD_ClrClassConfig
                0x08002636        0xe Middlewares/ST/STM32_USB_Device_Library/Core/Src/usbd_core.o
                0x08002636                USBD_ClrClassConfig
 .text.USBD_LL_SetupStage
                0x08002644       0x5a Middlewares/ST/STM32_USB_Device_Library/Core/Src/usbd_core.o
                0x08002644                USBD_LL_SetupStage
 .text.USBD_LL_DataOutStage
                0x0800269e       0x6a Middlewares/ST/STM32_USB_Device_Library/Core/Src/usbd_core.o
                0x0800269e                USBD_LL_DataOutStage
 .text.USBD_LL_DataInStage
                0x08002708       0xb0 Middlewares/ST/STM32_USB_Device_Library/Core/Src/usbd_core.o
                0x08002708                USBD_LL_DataInStage
 .text.USBD_LL_Reset
                0x080027b8       0x3e Middlewares/ST/STM32_USB_Device_Library/Core/Src/usbd_core.o
                0x080027b8                USBD_LL_Reset
 .text.USBD_LL_SetSpeed
                0x080027f6        0x6 Middlewares/ST/STM32_USB_Device_Library/Core/Src/usbd_core.o
                0x080027f6                USBD_LL_SetSpeed
 .text.USBD_LL_Suspend
                0x080027fc       0x12 Middlewares/ST/STM32_USB_Device_Library/Core/Src/usbd_core.o
                0x080027fc                USBD_LL_Suspend
 .text.USBD_LL_Resume
                0x0800280e        0xc Middlewares/ST/STM32_USB_Device_Library/Core/Src/usbd_core.o
                0x0800280e                USBD_LL_Resume
 .text.USBD_LL_SOF
                0x0800281a       0x1c Middlewares/ST/STM32_USB_Device_Library/Core/Src/usbd_core.o
                0x0800281a                USBD_LL_SOF
 .text.USBD_GetLen
                0x08002836       0x14 Middlewares/ST/STM32_USB_Device_Library/Core/Src/usbd_ctlreq.o
 .text.USBD_SetFeature
                0x0800284a       0x20 Middlewares/ST/STM32_USB_Device_Library/Core/Src/usbd_ctlreq.o
 .text.USBD_ParseSetupRequest
                0x0800286a       0x28 Middlewares/ST/STM32_USB_Device_Library/Core/Src/usbd_ctlreq.o
                0x0800286a                USBD_ParseSetupRequest
 .text.USBD_CtlError
                0x08002892       0x14 Middlewares/ST/STM32_USB_Device_Library/Core/Src/usbd_ctlreq.o
                0x08002892                USBD_CtlError
 .text.USBD_GetDescriptor
                0x080028a6      0x132 Middlewares/ST/STM32_USB_Device_Library/Core/Src/usbd_ctlreq.o
 .text.USBD_SetAddress
                0x080029d8       0x4a Middlewares/ST/STM32_USB_Device_Library/Core/Src/usbd_ctlreq.o
 *fill*         0x08002a22        0x2 
 .text.USBD_SetConfig
                0x08002a24       0xa4 Middlewares/ST/STM32_USB_Device_Library/Core/Src/usbd_ctlreq.o
 .text.USBD_GetConfig
                0x08002ac8       0x3a Middlewares/ST/STM32_USB_Device_Library/Core/Src/usbd_ctlreq.o
 .text.USBD_GetStatus
                0x08002b02       0x2c Middlewares/ST/STM32_USB_Device_Library/Core/Src/usbd_ctlreq.o
 .text.USBD_ClrFeature
                0x08002b2e       0x30 Middlewares/ST/STM32_USB_Device_Library/Core/Src/usbd_ctlreq.o
 .text.USBD_StdDevReq
                0x08002b5e       0x48 Middlewares/ST/STM32_USB_Device_Library/Core/Src/usbd_ctlreq.o
                0x08002b5e                USBD_StdDevReq
 .text.USBD_StdItfReq
                0x08002ba6       0x38 Middlewares/ST/STM32_USB_Device_Library/Core/Src/usbd_ctlreq.o
                0x08002ba6                USBD_StdItfReq
 .text.USBD_StdEPReq
                0x08002bde      0x118 Middlewares/ST/STM32_USB_Device_Library/Core/Src/usbd_ctlreq.o
                0x08002bde                USBD_StdEPReq
 .text.USBD_GetString
                0x08002cf6       0x3a Middlewares/ST/STM32_USB_Device_Library/Core/Src/usbd_ctlreq.o
                0x08002cf6                USBD_GetString
 .text.USBD_CtlSendData
                0x08002d30       0x1a Middlewares/ST/STM32_USB_Device_Library/Core/Src/usbd_ioreq.o
                0x08002d30                USBD_CtlSendData
 .text.USBD_CtlContinueSendData
                0x08002d4a       0x10 Middlewares/ST/STM32_USB_Device_Library/Core/Src/usbd_ioreq.o
                0x08002d4a                USBD_CtlContinueSendData
 .text.USBD_CtlPrepareRx
                0x08002d5a       0x1e Middlewares/ST/STM32_USB_Device_Library/Core/Src/usbd_ioreq.o
                0x08002d5a                USBD_CtlPrepareRx
 .text.USBD_CtlContinueRx
                0x08002d78       0x10 Middlewares/ST/STM32_USB_Device_Library/Core/Src/usbd_ioreq.o
                0x08002d78                USBD_CtlContinueRx
 .text.USBD_CtlSendStatus
                0x08002d88       0x16 Middlewares/ST/STM32_USB_Device_Library/Core/Src/usbd_ioreq.o
                0x08002d88                USBD_CtlSendStatus
 .text.USBD_CtlReceiveStatus
                0x08002d9e       0x16 Middlewares/ST/STM32_USB_Device_Library/Core/Src/usbd_ioreq.o
                0x08002d9e                USBD_CtlReceiveStatus
 .text.MX_GPIO_Init
                0x08002db4       0xc8 Src/main.o
 .text.usb_receive_bytes
                0x08002e7c       0x30 Src/main.o
                0x08002e7c                usb_receive_bytes
 .text._Error_Handler
                0x08002eac        0x2 Src/main.o
                0x08002eac                _Error_Handler
 *fill*         0x08002eae        0x2 
 .text.MX_SPI1_Init
                0x08002eb0       0x4c Src/main.o
 .text.SystemClock_Config
                0x08002efc       0xa8 Src/main.o
                0x08002efc                SystemClock_Config
 .text.main     0x08002fa4      0x1dc Src/main.o
                0x08002fa4                main
 .text.HAL_MspInit
                0x08003180       0x90 Src/stm32f1xx_hal_msp.o
                0x08003180                HAL_MspInit
 .text.HAL_SPI_MspInit
                0x08003210       0x58 Src/stm32f1xx_hal_msp.o
                0x08003210                HAL_SPI_MspInit
 .text.NMI_Handler
                0x08003268        0x2 Src/stm32f1xx_it.o
                0x08003268                NMI_Handler
 .text.HardFault_Handler
                0x0800326a        0x2 Src/stm32f1xx_it.o
                0x0800326a                HardFault_Handler
 .text.MemManage_Handler
                0x0800326c        0x2 Src/stm32f1xx_it.o
                0x0800326c                MemManage_Handler
 .text.BusFault_Handler
                0x0800326e        0x2 Src/stm32f1xx_it.o
                0x0800326e                BusFault_Handler
 .text.UsageFault_Handler
                0x08003270        0x2 Src/stm32f1xx_it.o
                0x08003270                UsageFault_Handler
 .text.SVC_Handler
                0x08003272        0x2 Src/stm32f1xx_it.o
                0x08003272                SVC_Handler
 .text.DebugMon_Handler
                0x08003274        0x2 Src/stm32f1xx_it.o
                0x08003274                DebugMon_Handler
 .text.PendSV_Handler
                0x08003276        0x2 Src/stm32f1xx_it.o
                0x08003276                PendSV_Handler
 .text.SysTick_Handler
                0x08003278        0xc Src/stm32f1xx_it.o
                0x08003278                SysTick_Handler
 .text.USB_LP_CAN1_RX0_IRQHandler
                0x08003284       0x10 Src/stm32f1xx_it.o
                0x08003284                USB_LP_CAN1_RX0_IRQHandler
 .text.SystemInit
                0x08003294       0x4c Src/system_stm32f1xx.o
                0x08003294                SystemInit
 .text.tm2_NRF24L01_CE_LOW
                0x080032e0        0xe Src/tm2_stm32_nrf24l01.o
                0x080032e0                tm2_NRF24L01_CE_LOW
 .text.tm2_NRF24L01_CE_HIGH
                0x080032ee        0xe Src/tm2_stm32_nrf24l01.o
                0x080032ee                tm2_NRF24L01_CE_HIGH
 .text.tm2_NRF24L01_CSN_LOW
                0x080032fc        0xe Src/tm2_stm32_nrf24l01.o
                0x080032fc                tm2_NRF24L01_CSN_LOW
 .text.tm2_NRF24L01_CSN_HIGH
                0x0800330a        0xe Src/tm2_stm32_nrf24l01.o
                0x0800330a                tm2_NRF24L01_CSN_HIGH
 .text.tm2_NRF24L01_FLUSH_TX
                0x08003318       0x26 Src/tm2_stm32_nrf24l01.o
                0x08003318                tm2_NRF24L01_FLUSH_TX
 .text.tm2_NRF24L01_FLUSH_RX
                0x0800333e       0x26 Src/tm2_stm32_nrf24l01.o
                0x0800333e                tm2_NRF24L01_FLUSH_RX
 .text.tm2_NRF24L01_ReadRegister
                0x08003364       0x48 Src/tm2_stm32_nrf24l01.o
                0x08003364                tm2_NRF24L01_ReadRegister
 .text.tm2_NRF24L01_WriteRegister
                0x080033ac       0x40 Src/tm2_stm32_nrf24l01.o
                0x080033ac                tm2_NRF24L01_WriteRegister
 .text.tm2_NRF24L01_WriteRegisterMulti
                0x080033ec       0x3e Src/tm2_stm32_nrf24l01.o
                0x080033ec                tm2_NRF24L01_WriteRegisterMulti
 .text.tm2_NRF24L01_GetData
                0x0800342a       0x44 Src/tm2_stm32_nrf24l01.o
                0x0800342a                tm2_NRF24L01_GetData
 .text.tm2_NRF24L01_RxFifoEmpty
                0x0800346e        0xe Src/tm2_stm32_nrf24l01.o
                0x0800346e                tm2_NRF24L01_RxFifoEmpty
 .text.tm2_NRF24L01_GetStatus
                0x0800347c       0x32 Src/tm2_stm32_nrf24l01.o
                0x0800347c                tm2_NRF24L01_GetStatus
 .text.tm2_NRF24L01_DataReady
                0x080034ae       0x20 Src/tm2_stm32_nrf24l01.o
                0x080034ae                tm2_NRF24L01_DataReady
 .text.tm2_NRF24L01_GetTransmissionStatus
                0x080034ce       0x1e Src/tm2_stm32_nrf24l01.o
                0x080034ce                tm2_NRF24L01_GetTransmissionStatus
 .text.tm2_NRF24L01_SoftwareReset
                0x080034ec      0x152 Src/tm2_stm32_nrf24l01.o
                0x080034ec                tm2_NRF24L01_SoftwareReset
 .text.tm2_NRF24L01_SetChannel
                0x0800363e       0x12 Src/tm2_stm32_nrf24l01.o
                0x0800363e                tm2_NRF24L01_SetChannel
 .text.tm2_NRF24L01_SetRF
                0x08003650       0x54 Src/tm2_stm32_nrf24l01.o
                0x08003650                tm2_NRF24L01_SetRF
 .text.tm2_NRF24L01_Clear_Interrupts
                0x080036a4        0xc Src/tm2_stm32_nrf24l01.o
                0x080036a4                tm2_NRF24L01_Clear_Interrupts
 .text.tm2_NRF24L01_PowerUpTx
                0x080036b0       0x14 Src/tm2_stm32_nrf24l01.o
                0x080036b0                tm2_NRF24L01_PowerUpTx
 .text.tm2_NRF24L01_Transmit
                0x080036c4       0x50 Src/tm2_stm32_nrf24l01.o
                0x080036c4                tm2_NRF24L01_Transmit
 .text.tm2_NRF24L01_PowerUpRx
                0x08003714       0x26 Src/tm2_stm32_nrf24l01.o
                0x08003714                tm2_NRF24L01_PowerUpRx
 .text.tm2_NRF24L01_Init
                0x0800373a      0x1f6 Src/tm2_stm32_nrf24l01.o
                0x0800373a                tm2_NRF24L01_Init
 .text.MX_USB_DEVICE_Init
                0x08003930       0x38 Src/usb_device.o
                0x08003930                MX_USB_DEVICE_Init
 .text.CDC_DeInit_FS
                0x08003968        0x4 Src/usbd_cdc_if.o
 .text.CDC_Control_FS
                0x0800396c        0x4 Src/usbd_cdc_if.o
 .text.CDC_Receive_FS
                0x08003970       0x20 Src/usbd_cdc_if.o
 .text.CDC_Init_FS
                0x08003990       0x28 Src/usbd_cdc_if.o
 .text.CDC_Transmit_FS
                0x080039b8       0x2c Src/usbd_cdc_if.o
                0x080039b8                CDC_Transmit_FS
 .text.HAL_PCD_MspInit
                0x080039e4       0x40 Src/usbd_conf.o
                0x080039e4                HAL_PCD_MspInit
 .text.HAL_PCD_SetupStageCallback
                0x08003a24       0x10 Src/usbd_conf.o
                0x08003a24                HAL_PCD_SetupStageCallback
 .text.HAL_PCD_DataOutStageCallback
                0x08003a34       0x14 Src/usbd_conf.o
                0x08003a34                HAL_PCD_DataOutStageCallback
 .text.HAL_PCD_DataInStageCallback
                0x08003a48       0x12 Src/usbd_conf.o
                0x08003a48                HAL_PCD_DataInStageCallback
 .text.HAL_PCD_SOFCallback
                0x08003a5a        0xc Src/usbd_conf.o
                0x08003a5a                HAL_PCD_SOFCallback
 .text.HAL_PCD_ResetCallback
                0x08003a66       0x18 Src/usbd_conf.o
                0x08003a66                HAL_PCD_ResetCallback
 *fill*         0x08003a7e        0x2 
 .text.HAL_PCD_SuspendCallback
                0x08003a80       0x20 Src/usbd_conf.o
                0x08003a80                HAL_PCD_SuspendCallback
 .text.HAL_PCD_ResumeCallback
                0x08003aa0        0xc Src/usbd_conf.o
                0x08003aa0                HAL_PCD_ResumeCallback
 .text.USBD_LL_Init
                0x08003aac       0x94 Src/usbd_conf.o
                0x08003aac                USBD_LL_Init
 .text.USBD_LL_Start
                0x08003b40       0x1c Src/usbd_conf.o
                0x08003b40                USBD_LL_Start
 .text.USBD_LL_OpenEP
                0x08003b5c       0x22 Src/usbd_conf.o
                0x08003b5c                USBD_LL_OpenEP
 .text.USBD_LL_CloseEP
                0x08003b7e       0x1c Src/usbd_conf.o
                0x08003b7e                USBD_LL_CloseEP
 .text.USBD_LL_StallEP
                0x08003b9a       0x1c Src/usbd_conf.o
                0x08003b9a                USBD_LL_StallEP
 .text.USBD_LL_ClearStallEP
                0x08003bb6       0x1c Src/usbd_conf.o
                0x08003bb6                USBD_LL_ClearStallEP
 .text.USBD_LL_IsStallEP
                0x08003bd2       0x26 Src/usbd_conf.o
                0x08003bd2                USBD_LL_IsStallEP
 .text.USBD_LL_SetUSBAddress
                0x08003bf8       0x1c Src/usbd_conf.o
                0x08003bf8                USBD_LL_SetUSBAddress
 .text.USBD_LL_Transmit
                0x08003c14       0x1c Src/usbd_conf.o
                0x08003c14                USBD_LL_Transmit
 .text.USBD_LL_PrepareReceive
                0x08003c30       0x1c Src/usbd_conf.o
                0x08003c30                USBD_LL_PrepareReceive
 .text.USBD_LL_GetRxDataSize
                0x08003c4c        0xc Src/usbd_conf.o
                0x08003c4c                USBD_LL_GetRxDataSize
 .text.USBD_static_malloc
                0x08003c58        0x8 Src/usbd_conf.o
                0x08003c58                USBD_static_malloc
 .text.USBD_static_free
                0x08003c60        0x2 Src/usbd_conf.o
                0x08003c60                USBD_static_free
 .text.HAL_PCDEx_SetConnectionState
                0x08003c62        0x2 Src/usbd_conf.o
                0x08003c62                HAL_PCDEx_SetConnectionState
 .text.USBD_FS_DeviceDescriptor
                0x08003c64        0xc Src/usbd_desc.o
                0x08003c64                USBD_FS_DeviceDescriptor
 .text.USBD_FS_LangIDStrDescriptor
                0x08003c70        0xc Src/usbd_desc.o
                0x08003c70                USBD_FS_LangIDStrDescriptor
 .text.USBD_FS_ProductStrDescriptor
                0x08003c7c       0x24 Src/usbd_desc.o
                0x08003c7c                USBD_FS_ProductStrDescriptor
 .text.USBD_FS_ManufacturerStrDescriptor
                0x08003ca0       0x1c Src/usbd_desc.o
                0x08003ca0                USBD_FS_ManufacturerStrDescriptor
 .text.USBD_FS_SerialStrDescriptor
                0x08003cbc       0x24 Src/usbd_desc.o
                0x08003cbc                USBD_FS_SerialStrDescriptor
 .text.USBD_FS_ConfigStrDescriptor
                0x08003ce0       0x24 Src/usbd_desc.o
                0x08003ce0                USBD_FS_ConfigStrDescriptor
 .text.USBD_FS_InterfaceStrDescriptor
                0x08003d04       0x24 Src/usbd_desc.o
                0x08003d04                USBD_FS_InterfaceStrDescriptor
 .text.Reset_Handler
                0x08003d28       0x48 startup/startup_stm32f103xb.o
                0x08003d28                Reset_Handler
 .text.Default_Handler
                0x08003d70        0x2 startup/startup_stm32f103xb.o
                0x08003d70                RTC_Alarm_IRQHandler
                0x08003d70                EXTI2_IRQHandler
                0x08003d70                TIM1_CC_IRQHandler
                0x08003d70                PVD_IRQHandler
                0x08003d70                EXTI3_IRQHandler
                0x08003d70                EXTI0_IRQHandler
                0x08003d70                I2C2_EV_IRQHandler
                0x08003d70                ADC1_2_IRQHandler
                0x08003d70                SPI1_IRQHandler
                0x08003d70                TAMPER_IRQHandler
                0x08003d70                DMA1_Channel4_IRQHandler
                0x08003d70                USART3_IRQHandler
                0x08003d70                RTC_IRQHandler
                0x08003d70                DMA1_Channel7_IRQHandler
                0x08003d70                CAN1_RX1_IRQHandler
                0x08003d70                TIM4_IRQHandler
                0x08003d70                I2C1_EV_IRQHandler
                0x08003d70                DMA1_Channel6_IRQHandler
                0x08003d70                TIM3_IRQHandler
                0x08003d70                RCC_IRQHandler
                0x08003d70                TIM1_TRG_COM_IRQHandler
                0x08003d70                DMA1_Channel1_IRQHandler
                0x08003d70                Default_Handler
                0x08003d70                EXTI15_10_IRQHandler
                0x08003d70                EXTI9_5_IRQHandler
                0x08003d70                SPI2_IRQHandler
                0x08003d70                DMA1_Channel5_IRQHandler
                0x08003d70                EXTI4_IRQHandler
                0x08003d70                USB_HP_CAN1_TX_IRQHandler
                0x08003d70                DMA1_Channel3_IRQHandler
                0x08003d70                TIM1_UP_IRQHandler
                0x08003d70                WWDG_IRQHandler
                0x08003d70                TIM2_IRQHandler
                0x08003d70                TIM1_BRK_IRQHandler
                0x08003d70                EXTI1_IRQHandler
                0x08003d70                USART2_IRQHandler
                0x08003d70                I2C2_ER_IRQHandler
                0x08003d70                DMA1_Channel2_IRQHandler
                0x08003d70                CAN1_SCE_IRQHandler
                0x08003d70                FLASH_IRQHandler
                0x08003d70                USART1_IRQHandler
                0x08003d70                I2C1_ER_IRQHandler
                0x08003d70                USBWakeUp_IRQHandler
 *fill*         0x08003d72        0x2 
 .text.__libc_init_array
                0x08003d74       0x48 c:/ac6/systemworkbench/plugins/fr.ac6.mcu.externaltools.arm-none.win32_1.17.0.201812190825/tools/compiler/bin/../lib/gcc/arm-none-eabi/7.3.1/../../../../arm-none-eabi/lib/thumb/v7-m\libc_nano.a(lib_a-init.o)
                0x08003d74                __libc_init_array
 *(.glue_7)
 .glue_7        0x08003dbc        0x0 linker stubs
 *(.glue_7t)
 .glue_7t       0x08003dbc        0x0 linker stubs
 *(.eh_frame)
 .eh_frame      0x08003dbc        0x0 c:/ac6/systemworkbench/plugins/fr.ac6.mcu.externaltools.arm-none.win32_1.17.0.201812190825/tools/compiler/bin/../lib/gcc/arm-none-eabi/7.3.1/thumb/v7-m/crtbegin.o
 *(.init)
 .init          0x08003dbc        0x4 c:/ac6/systemworkbench/plugins/fr.ac6.mcu.externaltools.arm-none.win32_1.17.0.201812190825/tools/compiler/bin/../lib/gcc/arm-none-eabi/7.3.1/thumb/v7-m/crti.o
                0x08003dbc                _init
 .init          0x08003dc0        0x8 c:/ac6/systemworkbench/plugins/fr.ac6.mcu.externaltools.arm-none.win32_1.17.0.201812190825/tools/compiler/bin/../lib/gcc/arm-none-eabi/7.3.1/thumb/v7-m/crtn.o
 *(.fini)
 .fini          0x08003dc8        0x4 c:/ac6/systemworkbench/plugins/fr.ac6.mcu.externaltools.arm-none.win32_1.17.0.201812190825/tools/compiler/bin/../lib/gcc/arm-none-eabi/7.3.1/thumb/v7-m/crti.o
                0x08003dc8                _fini
 .fini          0x08003dcc        0x8 c:/ac6/systemworkbench/plugins/fr.ac6.mcu.externaltools.arm-none.win32_1.17.0.201812190825/tools/compiler/bin/../lib/gcc/arm-none-eabi/7.3.1/thumb/v7-m/crtn.o
                0x08003dd4                . = ALIGN (0x4)
                0x08003dd4                _etext = .

.vfp11_veneer   0x08003dd4        0x0
 .vfp11_veneer  0x08003dd4        0x0 linker stubs

.v4_bx          0x08003dd4        0x0
 .v4_bx         0x08003dd4        0x0 linker stubs

.iplt           0x08003dd4        0x0
 .iplt          0x08003dd4        0x0 c:/ac6/systemworkbench/plugins/fr.ac6.mcu.externaltools.arm-none.win32_1.17.0.201812190825/tools/compiler/bin/../lib/gcc/arm-none-eabi/7.3.1/thumb/v7-m/crtbegin.o

.rodata         0x08003dd4       0xa8
                0x08003dd4                . = ALIGN (0x4)
 *(.rodata)
 .rodata        0x08003dd4       0x12 Drivers/STM32F1xx_HAL_Driver/Src/stm32f1xx_hal_rcc.o
 *fill*         0x08003de6        0x2 
 .rodata        0x08003de8       0x18 Src/system_stm32f1xx.o
                0x08003de8                AHBPrescTable
                0x08003df8                APBPrescTable
 *(.rodata*)
 .rodata.str1.4
                0x08003e00        0xe Src/main.o
 *fill*         0x08003e0e        0x2 
 .rodata.str1.4
                0x08003e10       0x13 Src/usbd_conf.o
 *fill*         0x08003e23        0x1 
 .rodata.str1.4
                0x08003e24       0x58 Src/usbd_desc.o
                                 0x56 (size before relaxing)
                0x08003e7c                . = ALIGN (0x4)

.rel.dyn        0x08003e7c        0x0
 .rel.iplt      0x08003e7c        0x0 c:/ac6/systemworkbench/plugins/fr.ac6.mcu.externaltools.arm-none.win32_1.17.0.201812190825/tools/compiler/bin/../lib/gcc/arm-none-eabi/7.3.1/thumb/v7-m/crtbegin.o

.ARM.extab
 *(.ARM.extab* .gnu.linkonce.armextab.*)

.ARM            0x08003e7c        0x0
                0x08003e7c                __exidx_start = .
 *(.ARM.exidx*)
                0x08003e7c                __exidx_end = .

.preinit_array  0x08003e7c        0x0
                0x08003e7c                PROVIDE (__preinit_array_start = .)
 *(.preinit_array*)
                0x08003e7c                PROVIDE (__preinit_array_end = .)

.init_array     0x08003e7c        0x4
                0x08003e7c                PROVIDE (__init_array_start = .)
 *(SORT_BY_NAME(.init_array.*))
 *(.init_array*)
 .init_array    0x08003e7c        0x4 c:/ac6/systemworkbench/plugins/fr.ac6.mcu.externaltools.arm-none.win32_1.17.0.201812190825/tools/compiler/bin/../lib/gcc/arm-none-eabi/7.3.1/thumb/v7-m/crtbegin.o
                0x08003e80                PROVIDE (__init_array_end = .)

.fini_array     0x08003e80        0x4
                [!provide]                PROVIDE (__fini_array_start = .)
 *(SORT_BY_NAME(.fini_array.*))
 *(.fini_array*)
 .fini_array    0x08003e80        0x4 c:/ac6/systemworkbench/plugins/fr.ac6.mcu.externaltools.arm-none.win32_1.17.0.201812190825/tools/compiler/bin/../lib/gcc/arm-none-eabi/7.3.1/thumb/v7-m/crtbegin.o
                [!provide]                PROVIDE (__fini_array_end = .)
                0x08003e84                _sidata = LOADADDR (.data)

.data           0x20000000      0x160 load address 0x08003e84
                0x20000000                . = ALIGN (0x4)
                0x20000000                _sdata = .
 *(.data)
 .data          0x20000000        0x8 Drivers/STM32F1xx_HAL_Driver/Src/stm32f1xx_hal.o
                0x20000000                uwTickFreq
                0x20000004                uwTickPrio
 .data          0x20000008      0x110 Middlewares/ST/STM32_USB_Device_Library/Class/CDC/Src/usbd_cdc.o
                0x20000008                USBD_CDC_CfgFSDesc
                0x2000004c                USBD_CDC_CfgHSDesc
                0x20000090                USBD_CDC_OtherSpeedCfgDesc
                0x200000e0                USBD_CDC
 .data          0x20000118        0x4 Src/system_stm32f1xx.o
                0x20000118                SystemCoreClock
 .data          0x2000011c       0x10 Src/usbd_cdc_if.o
                0x2000011c                USBD_Interface_fops_FS
 .data          0x2000012c       0x34 Src/usbd_desc.o
                0x2000012c                USBD_FS_DeviceDesc
                0x20000140                USBD_LangIDDesc
                0x20000144                FS_Desc
 *(.data*)
                0x20000160                . = ALIGN (0x4)
                0x20000160                _edata = .

.igot.plt       0x20000160        0x0 load address 0x08003fe4
 .igot.plt      0x20000160        0x0 c:/ac6/systemworkbench/plugins/fr.ac6.mcu.externaltools.arm-none.win32_1.17.0.201812190825/tools/compiler/bin/../lib/gcc/arm-none-eabi/7.3.1/thumb/v7-m/crtbegin.o
                0x20000160                . = ALIGN (0x4)

.bss            0x20000160     0x1318 load address 0x08003fe4
                0x20000160                _sbss = .
                0x20000160                __bss_start__ = _sbss
 *(.bss)
 .bss           0x20000160       0x1c c:/ac6/systemworkbench/plugins/fr.ac6.mcu.externaltools.arm-none.win32_1.17.0.201812190825/tools/compiler/bin/../lib/gcc/arm-none-eabi/7.3.1/thumb/v7-m/crtbegin.o
 .bss           0x2000017c        0x1 Middlewares/ST/STM32_USB_Device_Library/Class/CDC/Src/usbd_cdc.o
 .bss           0x2000017d        0x1 Middlewares/ST/STM32_USB_Device_Library/Core/Src/usbd_ctlreq.o
 *fill*         0x2000017e        0x2 
 .bss           0x20000180      0x220 Src/usbd_conf.o
 *(.bss*)
 *(COMMON)
 COMMON         0x200003a0        0x4 Drivers/STM32F1xx_HAL_Driver/Src/stm32f1xx_hal.o
                0x200003a0                uwTick
 COMMON         0x200003a4       0x80 Src/main.o
                0x200003a4                nrf_init_result
                0x200003a8                hspi1
                0x20000400                nrf_tx_cfg
 COMMON         0x20000424      0x224 Src/usb_device.o
                0x20000424                hUsbDeviceFS
 COMMON         0x20000648      0x7d0 Src/usbd_cdc_if.o
                0x20000648                UserRxBufferFS
                0x20000a30                UserTxBufferFS
 COMMON         0x20000e18      0x460 Src/usbd_conf.o
                0x20000e18                hpcd_USB_FS
 COMMON         0x20001278      0x200 Src/usbd_desc.o
                0x20001278                USBD_StrDesc
                0x20001478                . = ALIGN (0x4)
                0x20001478                _ebss = .
                0x20001478                __bss_end__ = _ebss

._user_heap_stack
                0x20001478      0x600 load address 0x08003fe4
                0x20001478                . = ALIGN (0x8)
                [!provide]                PROVIDE (end = .)
                [!provide]                PROVIDE (_end = .)
                0x20001678                . = (. + _Min_Heap_Size)
 *fill*         0x20001478      0x200 
                0x20001a78                . = (. + _Min_Stack_Size)
 *fill*         0x20001678      0x400 
                0x20001a78                . = ALIGN (0x8)

/DISCARD/
 libc.a(*)
 libm.a(*)
 libgcc.a(*)

.ARM.attributes
                0x00000000       0x29
 *(.ARM.attributes)
 .ARM.attributes
                0x00000000       0x1d c:/ac6/systemworkbench/plugins/fr.ac6.mcu.externaltools.arm-none.win32_1.17.0.201812190825/tools/compiler/bin/../lib/gcc/arm-none-eabi/7.3.1/thumb/v7-m/crti.o
 .ARM.attributes
                0x0000001d       0x2d c:/ac6/systemworkbench/plugins/fr.ac6.mcu.externaltools.arm-none.win32_1.17.0.201812190825/tools/compiler/bin/../lib/gcc/arm-none-eabi/7.3.1/thumb/v7-m/crtbegin.o
 .ARM.attributes
                0x0000004a       0x33 Drivers/STM32F1xx_HAL_Driver/Src/stm32f1xx_hal.o
 .ARM.attributes
                0x0000007d       0x33 Drivers/STM32F1xx_HAL_Driver/Src/stm32f1xx_hal_cortex.o
 .ARM.attributes
                0x000000b0       0x33 Drivers/STM32F1xx_HAL_Driver/Src/stm32f1xx_hal_gpio.o
 .ARM.attributes
                0x000000e3       0x33 Drivers/STM32F1xx_HAL_Driver/Src/stm32f1xx_hal_pcd.o
 .ARM.attributes
                0x00000116       0x33 Drivers/STM32F1xx_HAL_Driver/Src/stm32f1xx_hal_pcd_ex.o
 .ARM.attributes
                0x00000149       0x33 Drivers/STM32F1xx_HAL_Driver/Src/stm32f1xx_hal_rcc.o
 .ARM.attributes
                0x0000017c       0x33 Drivers/STM32F1xx_HAL_Driver/Src/stm32f1xx_hal_rcc_ex.o
 .ARM.attributes
                0x000001af       0x33 Drivers/STM32F1xx_HAL_Driver/Src/stm32f1xx_hal_spi.o
 .ARM.attributes
                0x000001e2       0x33 Drivers/STM32F1xx_HAL_Driver/Src/stm32f1xx_hal_spi_ex.o
 .ARM.attributes
                0x00000215       0x33 Drivers/STM32F1xx_HAL_Driver/Src/stm32f1xx_ll_usb.o
 .ARM.attributes
                0x00000248       0x33 Middlewares/ST/STM32_USB_Device_Library/Class/CDC/Src/usbd_cdc.o
 .ARM.attributes
                0x0000027b       0x33 Middlewares/ST/STM32_USB_Device_Library/Core/Src/usbd_core.o
 .ARM.attributes
                0x000002ae       0x33 Middlewares/ST/STM32_USB_Device_Library/Core/Src/usbd_ctlreq.o
 .ARM.attributes
                0x000002e1       0x33 Middlewares/ST/STM32_USB_Device_Library/Core/Src/usbd_ioreq.o
 .ARM.attributes
                0x00000314       0x33 Src/main.o
 .ARM.attributes
                0x00000347       0x33 Src/stm32f1xx_hal_msp.o
 .ARM.attributes
                0x0000037a       0x33 Src/stm32f1xx_it.o
 .ARM.attributes
                0x000003ad       0x33 Src/system_stm32f1xx.o
 .ARM.attributes
                0x000003e0       0x33 Src/tm2_stm32_nrf24l01.o
 .ARM.attributes
                0x00000413       0x33 Src/usb_device.o
 .ARM.attributes
                0x00000446       0x33 Src/usbd_cdc_if.o
 .ARM.attributes
                0x00000479       0x33 Src/usbd_conf.o
 .ARM.attributes
                0x000004ac       0x33 Src/usbd_desc.o
 .ARM.attributes
                0x000004df       0x21 startup/startup_stm32f103xb.o
 .ARM.attributes
                0x00000500       0x2d c:/ac6/systemworkbench/plugins/fr.ac6.mcu.externaltools.arm-none.win32_1.17.0.201812190825/tools/compiler/bin/../lib/gcc/arm-none-eabi/7.3.1/../../../../arm-none-eabi/lib/thumb/v7-m\libc_nano.a(lib_a-init.o)
 .ARM.attributes
                0x0000052d       0x17 c:/ac6/systemworkbench/plugins/fr.ac6.mcu.externaltools.arm-none.win32_1.17.0.201812190825/tools/compiler/bin/../lib/gcc/arm-none-eabi/7.3.1/../../../../arm-none-eabi/lib/thumb/v7-m\libc_nano.a(lib_a-strlen.o)
 .ARM.attributes
                0x00000544       0x1d c:/ac6/systemworkbench/plugins/fr.ac6.mcu.externaltools.arm-none.win32_1.17.0.201812190825/tools/compiler/bin/../lib/gcc/arm-none-eabi/7.3.1/thumb/v7-m/crtn.o
OUTPUT(water_s_joystick.elf elf32-littlearm)

.debug_info     0x00000000    0x1d071
 .debug_info    0x00000000      0xfa6 Drivers/STM32F1xx_HAL_Driver/Src/stm32f1xx_hal.o
 .debug_info    0x00000fa6     0x1475 Drivers/STM32F1xx_HAL_Driver/Src/stm32f1xx_hal_cortex.o
 .debug_info    0x0000241b      0xe87 Drivers/STM32F1xx_HAL_Driver/Src/stm32f1xx_hal_gpio.o
 .debug_info    0x000032a2     0x19d2 Drivers/STM32F1xx_HAL_Driver/Src/stm32f1xx_hal_pcd.o
 .debug_info    0x00004c74      0xe0d Drivers/STM32F1xx_HAL_Driver/Src/stm32f1xx_hal_pcd_ex.o
 .debug_info    0x00005a81     0x11ef Drivers/STM32F1xx_HAL_Driver/Src/stm32f1xx_hal_rcc.o
 .debug_info    0x00006c70      0xc67 Drivers/STM32F1xx_HAL_Driver/Src/stm32f1xx_hal_rcc_ex.o
 .debug_info    0x000078d7     0x214d Drivers/STM32F1xx_HAL_Driver/Src/stm32f1xx_hal_spi.o
 .debug_info    0x00009a24      0xe25 Drivers/STM32F1xx_HAL_Driver/Src/stm32f1xx_hal_spi_ex.o
 .debug_info    0x0000a849     0x172c Drivers/STM32F1xx_HAL_Driver/Src/stm32f1xx_ll_usb.o
 .debug_info    0x0000bf75     0x1583 Middlewares/ST/STM32_USB_Device_Library/Class/CDC/Src/usbd_cdc.o
 .debug_info    0x0000d4f8     0x14ab Middlewares/ST/STM32_USB_Device_Library/Core/Src/usbd_core.o
 .debug_info    0x0000e9a3     0x166a Middlewares/ST/STM32_USB_Device_Library/Core/Src/usbd_ctlreq.o
 .debug_info    0x0001000d      0xfd4 Middlewares/ST/STM32_USB_Device_Library/Core/Src/usbd_ioreq.o
 .debug_info    0x00010fe1     0x2055 Src/main.o
 .debug_info    0x00013036     0x12cd Src/stm32f1xx_hal_msp.o
 .debug_info    0x00014303      0xe3a Src/stm32f1xx_it.o
 .debug_info    0x0001513d      0xc15 Src/system_stm32f1xx.o
 .debug_info    0x00015d52     0x25cf Src/tm2_stm32_nrf24l01.o
 .debug_info    0x00018321      0xe8b Src/usb_device.o
 .debug_info    0x000191ac     0x10ce Src/usbd_cdc_if.o
 .debug_info    0x0001a27a     0x2076 Src/usbd_conf.o
 .debug_info    0x0001c2f0      0xd5f Src/usbd_desc.o
 .debug_info    0x0001d04f       0x22 startup/startup_stm32f103xb.o

.debug_abbrev   0x00000000     0x3f4b
 .debug_abbrev  0x00000000      0x2f4 Drivers/STM32F1xx_HAL_Driver/Src/stm32f1xx_hal.o
 .debug_abbrev  0x000002f4      0x3cd Drivers/STM32F1xx_HAL_Driver/Src/stm32f1xx_hal_cortex.o
 .debug_abbrev  0x000006c1      0x2a7 Drivers/STM32F1xx_HAL_Driver/Src/stm32f1xx_hal_gpio.o
 .debug_abbrev  0x00000968      0x357 Drivers/STM32F1xx_HAL_Driver/Src/stm32f1xx_hal_pcd.o
 .debug_abbrev  0x00000cbf      0x232 Drivers/STM32F1xx_HAL_Driver/Src/stm32f1xx_hal_pcd_ex.o
 .debug_abbrev  0x00000ef1      0x335 Drivers/STM32F1xx_HAL_Driver/Src/stm32f1xx_hal_rcc.o
 .debug_abbrev  0x00001226      0x2b4 Drivers/STM32F1xx_HAL_Driver/Src/stm32f1xx_hal_rcc_ex.o
 .debug_abbrev  0x000014da      0x2e1 Drivers/STM32F1xx_HAL_Driver/Src/stm32f1xx_hal_spi.o
 .debug_abbrev  0x000017bb      0x209 Drivers/STM32F1xx_HAL_Driver/Src/stm32f1xx_hal_spi_ex.o
 .debug_abbrev  0x000019c4      0x2c3 Drivers/STM32F1xx_HAL_Driver/Src/stm32f1xx_ll_usb.o
 .debug_abbrev  0x00001c87      0x31d Middlewares/ST/STM32_USB_Device_Library/Class/CDC/Src/usbd_cdc.o
 .debug_abbrev  0x00001fa4      0x2ac Middlewares/ST/STM32_USB_Device_Library/Core/Src/usbd_core.o
 .debug_abbrev  0x00002250      0x329 Middlewares/ST/STM32_USB_Device_Library/Core/Src/usbd_ctlreq.o
 .debug_abbrev  0x00002579      0x215 Middlewares/ST/STM32_USB_Device_Library/Core/Src/usbd_ioreq.o
 .debug_abbrev  0x0000278e      0x368 Src/main.o
 .debug_abbrev  0x00002af6      0x254 Src/stm32f1xx_hal_msp.o
 .debug_abbrev  0x00002d4a      0x21d Src/stm32f1xx_it.o
 .debug_abbrev  0x00002f67      0x228 Src/system_stm32f1xx.o
 .debug_abbrev  0x0000318f      0x336 Src/tm2_stm32_nrf24l01.o
 .debug_abbrev  0x000034c5      0x218 Src/usb_device.o
 .debug_abbrev  0x000036dd      0x2c9 Src/usbd_cdc_if.o
 .debug_abbrev  0x000039a6      0x31c Src/usbd_conf.o
 .debug_abbrev  0x00003cc2      0x277 Src/usbd_desc.o
 .debug_abbrev  0x00003f39       0x12 startup/startup_stm32f103xb.o

.debug_loc      0x00000000     0x7653
 .debug_loc     0x00000000       0xfd Drivers/STM32F1xx_HAL_Driver/Src/stm32f1xx_hal.o
 .debug_loc     0x000000fd      0x5ad Drivers/STM32F1xx_HAL_Driver/Src/stm32f1xx_hal_cortex.o
 .debug_loc     0x000006aa      0x44e Drivers/STM32F1xx_HAL_Driver/Src/stm32f1xx_hal_gpio.o
 .debug_loc     0x00000af8      0xa6c Drivers/STM32F1xx_HAL_Driver/Src/stm32f1xx_hal_pcd.o
 .debug_loc     0x00001564       0xf4 Drivers/STM32F1xx_HAL_Driver/Src/stm32f1xx_hal_pcd_ex.o
 .debug_loc     0x00001658      0x4f6 Drivers/STM32F1xx_HAL_Driver/Src/stm32f1xx_hal_rcc.o
 .debug_loc     0x00001b4e      0x2d0 Drivers/STM32F1xx_HAL_Driver/Src/stm32f1xx_hal_rcc_ex.o
 .debug_loc     0x00001e1e     0x1958 Drivers/STM32F1xx_HAL_Driver/Src/stm32f1xx_hal_spi.o
 .debug_loc     0x00003776       0x4d Drivers/STM32F1xx_HAL_Driver/Src/stm32f1xx_hal_spi_ex.o
 .debug_loc     0x000037c3      0xc0d Drivers/STM32F1xx_HAL_Driver/Src/stm32f1xx_ll_usb.o
 .debug_loc     0x000043d0      0x4a4 Middlewares/ST/STM32_USB_Device_Library/Class/CDC/Src/usbd_cdc.o
 .debug_loc     0x00004874      0x6f8 Middlewares/ST/STM32_USB_Device_Library/Core/Src/usbd_core.o
 .debug_loc     0x00004f6c      0xb38 Middlewares/ST/STM32_USB_Device_Library/Core/Src/usbd_ctlreq.o
 .debug_loc     0x00005aa4      0x23c Middlewares/ST/STM32_USB_Device_Library/Core/Src/usbd_ioreq.o
 .debug_loc     0x00005ce0      0x174 Src/main.o
 .debug_loc     0x00005e54       0x5b Src/stm32f1xx_hal_msp.o
 .debug_loc     0x00005eaf       0xdf Src/system_stm32f1xx.o
 .debug_loc     0x00005f8e      0x7a8 Src/tm2_stm32_nrf24l01.o
 .debug_loc     0x00006736      0x113 Src/usbd_cdc_if.o
 .debug_loc     0x00006849      0xb53 Src/usbd_conf.o
 .debug_loc     0x0000739c      0x2b7 Src/usbd_desc.o

.debug_aranges  0x00000000      0xcc8
 .debug_aranges
                0x00000000       0xd0 Drivers/STM32F1xx_HAL_Driver/Src/stm32f1xx_hal.o
 .debug_aranges
                0x000000d0       0x90 Drivers/STM32F1xx_HAL_Driver/Src/stm32f1xx_hal_cortex.o
 .debug_aranges
                0x00000160       0x58 Drivers/STM32F1xx_HAL_Driver/Src/stm32f1xx_hal_gpio.o
 .debug_aranges
                0x000001b8      0x120 Drivers/STM32F1xx_HAL_Driver/Src/stm32f1xx_hal_pcd.o
 .debug_aranges
                0x000002d8       0x28 Drivers/STM32F1xx_HAL_Driver/Src/stm32f1xx_hal_pcd_ex.o
 .debug_aranges
                0x00000300       0x90 Drivers/STM32F1xx_HAL_Driver/Src/stm32f1xx_hal_rcc.o
 .debug_aranges
                0x00000390       0x30 Drivers/STM32F1xx_HAL_Driver/Src/stm32f1xx_hal_rcc_ex.o
 .debug_aranges
                0x000003c0      0x1d0 Drivers/STM32F1xx_HAL_Driver/Src/stm32f1xx_hal_spi.o
 .debug_aranges
                0x00000590       0x20 Drivers/STM32F1xx_HAL_Driver/Src/stm32f1xx_hal_spi_ex.o
 .debug_aranges
                0x000005b0      0x100 Drivers/STM32F1xx_HAL_Driver/Src/stm32f1xx_ll_usb.o
 .debug_aranges
                0x000006b0       0x90 Middlewares/ST/STM32_USB_Device_Library/Class/CDC/Src/usbd_cdc.o
 .debug_aranges
                0x00000740       0xb8 Middlewares/ST/STM32_USB_Device_Library/Core/Src/usbd_core.o
 .debug_aranges
                0x000007f8       0x88 Middlewares/ST/STM32_USB_Device_Library/Core/Src/usbd_ctlreq.o
 .debug_aranges
                0x00000880       0x50 Middlewares/ST/STM32_USB_Device_Library/Core/Src/usbd_ioreq.o
 .debug_aranges
                0x000008d0       0x58 Src/main.o
 .debug_aranges
                0x00000928       0x30 Src/stm32f1xx_hal_msp.o
 .debug_aranges
                0x00000958       0x68 Src/stm32f1xx_it.o
 .debug_aranges
                0x000009c0       0x28 Src/system_stm32f1xx.o
 .debug_aranges
                0x000009e8       0xf8 Src/tm2_stm32_nrf24l01.o
 .debug_aranges
                0x00000ae0       0x20 Src/usb_device.o
 .debug_aranges
                0x00000b00       0x40 Src/usbd_cdc_if.o
 .debug_aranges
                0x00000b40      0x110 Src/usbd_conf.o
 .debug_aranges
                0x00000c50       0x50 Src/usbd_desc.o
 .debug_aranges
                0x00000ca0       0x28 startup/startup_stm32f103xb.o

.debug_ranges   0x00000000      0xd08
 .debug_ranges  0x00000000       0xc0 Drivers/STM32F1xx_HAL_Driver/Src/stm32f1xx_hal.o
 .debug_ranges  0x000000c0       0xe0 Drivers/STM32F1xx_HAL_Driver/Src/stm32f1xx_hal_cortex.o
 .debug_ranges  0x000001a0       0x48 Drivers/STM32F1xx_HAL_Driver/Src/stm32f1xx_hal_gpio.o
 .debug_ranges  0x000001e8      0x140 Drivers/STM32F1xx_HAL_Driver/Src/stm32f1xx_hal_pcd.o
 .debug_ranges  0x00000328       0x18 Drivers/STM32F1xx_HAL_Driver/Src/stm32f1xx_hal_pcd_ex.o
 .debug_ranges  0x00000340       0xa0 Drivers/STM32F1xx_HAL_Driver/Src/stm32f1xx_hal_rcc.o
 .debug_ranges  0x000003e0       0x38 Drivers/STM32F1xx_HAL_Driver/Src/stm32f1xx_hal_rcc_ex.o
 .debug_ranges  0x00000418      0x1c0 Drivers/STM32F1xx_HAL_Driver/Src/stm32f1xx_hal_spi.o
 .debug_ranges  0x000005d8       0x10 Drivers/STM32F1xx_HAL_Driver/Src/stm32f1xx_hal_spi_ex.o
 .debug_ranges  0x000005e8      0x1e0 Drivers/STM32F1xx_HAL_Driver/Src/stm32f1xx_ll_usb.o
 .debug_ranges  0x000007c8       0x80 Middlewares/ST/STM32_USB_Device_Library/Class/CDC/Src/usbd_cdc.o
 .debug_ranges  0x00000848       0xa8 Middlewares/ST/STM32_USB_Device_Library/Core/Src/usbd_core.o
 .debug_ranges  0x000008f0       0x78 Middlewares/ST/STM32_USB_Device_Library/Core/Src/usbd_ctlreq.o
 .debug_ranges  0x00000968       0x40 Middlewares/ST/STM32_USB_Device_Library/Core/Src/usbd_ioreq.o
 .debug_ranges  0x000009a8       0x48 Src/main.o
 .debug_ranges  0x000009f0       0x20 Src/stm32f1xx_hal_msp.o
 .debug_ranges  0x00000a10       0x58 Src/stm32f1xx_it.o
 .debug_ranges  0x00000a68       0x18 Src/system_stm32f1xx.o
 .debug_ranges  0x00000a80       0xe8 Src/tm2_stm32_nrf24l01.o
 .debug_ranges  0x00000b68       0x10 Src/usb_device.o
 .debug_ranges  0x00000b78       0x30 Src/usbd_cdc_if.o
 .debug_ranges  0x00000ba8      0x100 Src/usbd_conf.o
 .debug_ranges  0x00000ca8       0x40 Src/usbd_desc.o
 .debug_ranges  0x00000ce8       0x20 startup/startup_stm32f103xb.o

.debug_macro    0x00000000    0x17fa2
 .debug_macro   0x00000000      0x327 Drivers/STM32F1xx_HAL_Driver/Src/stm32f1xx_hal.o
 .debug_macro   0x00000327      0xa60 Drivers/STM32F1xx_HAL_Driver/Src/stm32f1xx_hal.o
 .debug_macro   0x00000d87       0x70 Drivers/STM32F1xx_HAL_Driver/Src/stm32f1xx_hal.o
 .debug_macro   0x00000df7      0x169 Drivers/STM32F1xx_HAL_Driver/Src/stm32f1xx_hal.o
 .debug_macro   0x00000f60       0x2e Drivers/STM32F1xx_HAL_Driver/Src/stm32f1xx_hal.o
 .debug_macro   0x00000f8e       0x22 Drivers/STM32F1xx_HAL_Driver/Src/stm32f1xx_hal.o
 .debug_macro   0x00000fb0       0x22 Drivers/STM32F1xx_HAL_Driver/Src/stm32f1xx_hal.o
 .debug_macro   0x00000fd2       0x8e Drivers/STM32F1xx_HAL_Driver/Src/stm32f1xx_hal.o
 .debug_macro   0x00001060       0x51 Drivers/STM32F1xx_HAL_Driver/Src/stm32f1xx_hal.o
 .debug_macro   0x000010b1       0xef Drivers/STM32F1xx_HAL_Driver/Src/stm32f1xx_hal.o
 .debug_macro   0x000011a0       0x6a Drivers/STM32F1xx_HAL_Driver/Src/stm32f1xx_hal.o
 .debug_macro   0x0000120a      0x1df Drivers/STM32F1xx_HAL_Driver/Src/stm32f1xx_hal.o
 .debug_macro   0x000013e9       0x34 Drivers/STM32F1xx_HAL_Driver/Src/stm32f1xx_hal.o
 .debug_macro   0x0000141d       0x34 Drivers/STM32F1xx_HAL_Driver/Src/stm32f1xx_hal.o
 .debug_macro   0x00001451      0xb8e Drivers/STM32F1xx_HAL_Driver/Src/stm32f1xx_hal.o
 .debug_macro   0x00001fdf     0xe90a Drivers/STM32F1xx_HAL_Driver/Src/stm32f1xx_hal.o
 .debug_macro   0x000108e9       0x43 Drivers/STM32F1xx_HAL_Driver/Src/stm32f1xx_hal.o
 .debug_macro   0x0001092c       0x5e Drivers/STM32F1xx_HAL_Driver/Src/stm32f1xx_hal.o
 .debug_macro   0x0001098a       0x18 Drivers/STM32F1xx_HAL_Driver/Src/stm32f1xx_hal.o
 .debug_macro   0x000109a2       0x35 Drivers/STM32F1xx_HAL_Driver/Src/stm32f1xx_hal.o
 .debug_macro   0x000109d7       0x34 Drivers/STM32F1xx_HAL_Driver/Src/stm32f1xx_hal.o
 .debug_macro   0x00010a0b       0x16 Drivers/STM32F1xx_HAL_Driver/Src/stm32f1xx_hal.o
 .debug_macro   0x00010a21       0x97 Drivers/STM32F1xx_HAL_Driver/Src/stm32f1xx_hal.o
 .debug_macro   0x00010ab8      0x330 Drivers/STM32F1xx_HAL_Driver/Src/stm32f1xx_hal.o
 .debug_macro   0x00010de8       0xfd Drivers/STM32F1xx_HAL_Driver/Src/stm32f1xx_hal.o
 .debug_macro   0x00010ee5       0x10 Drivers/STM32F1xx_HAL_Driver/Src/stm32f1xx_hal.o
 .debug_macro   0x00010ef5       0x58 Drivers/STM32F1xx_HAL_Driver/Src/stm32f1xx_hal.o
 .debug_macro   0x00010f4d       0x1f Drivers/STM32F1xx_HAL_Driver/Src/stm32f1xx_hal.o
 .debug_macro   0x00010f6c       0x43 Drivers/STM32F1xx_HAL_Driver/Src/stm32f1xx_hal.o
 .debug_macro   0x00010faf       0x20 Drivers/STM32F1xx_HAL_Driver/Src/stm32f1xx_hal.o
 .debug_macro   0x00010fcf      0x18e Drivers/STM32F1xx_HAL_Driver/Src/stm32f1xx_hal.o
 .debug_macro   0x0001115d       0x10 Drivers/STM32F1xx_HAL_Driver/Src/stm32f1xx_hal.o
 .debug_macro   0x0001116d       0x1c Drivers/STM32F1xx_HAL_Driver/Src/stm32f1xx_hal.o
 .debug_macro   0x00011189       0x52 Drivers/STM32F1xx_HAL_Driver/Src/stm32f1xx_hal.o
 .debug_macro   0x000111db       0x40 Drivers/STM32F1xx_HAL_Driver/Src/stm32f1xx_hal.o
 .debug_macro   0x0001121b       0x10 Drivers/STM32F1xx_HAL_Driver/Src/stm32f1xx_hal.o
 .debug_macro   0x0001122b       0x40 Drivers/STM32F1xx_HAL_Driver/Src/stm32f1xx_hal.o
 .debug_macro   0x0001126b       0xd7 Drivers/STM32F1xx_HAL_Driver/Src/stm32f1xx_hal.o
 .debug_macro   0x00011342       0x1c Drivers/STM32F1xx_HAL_Driver/Src/stm32f1xx_hal.o
 .debug_macro   0x0001135e       0x3d Drivers/STM32F1xx_HAL_Driver/Src/stm32f1xx_hal.o
 .debug_macro   0x0001139b       0x16 Drivers/STM32F1xx_HAL_Driver/Src/stm32f1xx_hal.o
 .debug_macro   0x000113b1      0x16f Drivers/STM32F1xx_HAL_Driver/Src/stm32f1xx_hal.o
 .debug_macro   0x00011520       0x50 Drivers/STM32F1xx_HAL_Driver/Src/stm32f1xx_hal.o
 .debug_macro   0x00011570      0x5c2 Drivers/STM32F1xx_HAL_Driver/Src/stm32f1xx_hal.o
 .debug_macro   0x00011b32      0x28a Drivers/STM32F1xx_HAL_Driver/Src/stm32f1xx_hal.o
 .debug_macro   0x00011dbc      0x1cb Drivers/STM32F1xx_HAL_Driver/Src/stm32f1xx_hal.o
 .debug_macro   0x00011f87      0x11e Drivers/STM32F1xx_HAL_Driver/Src/stm32f1xx_hal.o
 .debug_macro   0x000120a5      0x1b3 Drivers/STM32F1xx_HAL_Driver/Src/stm32f1xx_hal.o
 .debug_macro   0x00012258       0x27 Drivers/STM32F1xx_HAL_Driver/Src/stm32f1xx_hal.o
 .debug_macro   0x0001227f      0x1bc Drivers/STM32F1xx_HAL_Driver/Src/stm32f1xx_hal.o
 .debug_macro   0x0001243b       0x34 Drivers/STM32F1xx_HAL_Driver/Src/stm32f1xx_hal.o
 .debug_macro   0x0001246f       0x3c Drivers/STM32F1xx_HAL_Driver/Src/stm32f1xx_hal.o
 .debug_macro   0x000124ab       0x57 Drivers/STM32F1xx_HAL_Driver/Src/stm32f1xx_hal.o
 .debug_macro   0x00012502       0x8c Drivers/STM32F1xx_HAL_Driver/Src/stm32f1xx_hal.o
 .debug_macro   0x0001258e      0x242 Drivers/STM32F1xx_HAL_Driver/Src/stm32f1xx_hal.o
 .debug_macro   0x000127d0      0x143 Drivers/STM32F1xx_HAL_Driver/Src/stm32f1xx_hal.o
 .debug_macro   0x00012913      0x1f4 Drivers/STM32F1xx_HAL_Driver/Src/stm32f1xx_hal.o
 .debug_macro   0x00012b07       0x50 Drivers/STM32F1xx_HAL_Driver/Src/stm32f1xx_hal.o
 .debug_macro   0x00012b57      0x26c Drivers/STM32F1xx_HAL_Driver/Src/stm32f1xx_hal.o
 .debug_macro   0x00012dc3       0x83 Drivers/STM32F1xx_HAL_Driver/Src/stm32f1xx_hal.o
 .debug_macro   0x00012e46      0x303 Drivers/STM32F1xx_HAL_Driver/Src/stm32f1xx_hal_cortex.o
 .debug_macro   0x00013149      0x373 Drivers/STM32F1xx_HAL_Driver/Src/stm32f1xx_hal_gpio.o
 .debug_macro   0x000134bc      0x30f Drivers/STM32F1xx_HAL_Driver/Src/stm32f1xx_hal_pcd.o
 .debug_macro   0x000137cb      0x303 Drivers/STM32F1xx_HAL_Driver/Src/stm32f1xx_hal_pcd_ex.o
 .debug_macro   0x00013ace      0x315 Drivers/STM32F1xx_HAL_Driver/Src/stm32f1xx_hal_rcc.o
 .debug_macro   0x00013de3      0x303 Drivers/STM32F1xx_HAL_Driver/Src/stm32f1xx_hal_rcc_ex.o
 .debug_macro   0x000140e6      0x30b Drivers/STM32F1xx_HAL_Driver/Src/stm32f1xx_hal_spi.o
 .debug_macro   0x000143f1      0x303 Drivers/STM32F1xx_HAL_Driver/Src/stm32f1xx_hal_spi_ex.o
 .debug_macro   0x000146f4      0x303 Drivers/STM32F1xx_HAL_Driver/Src/stm32f1xx_ll_usb.o
 .debug_macro   0x000149f7      0x3c3 Middlewares/ST/STM32_USB_Device_Library/Class/CDC/Src/usbd_cdc.o
 .debug_macro   0x00014dba       0x58 Middlewares/ST/STM32_USB_Device_Library/Class/CDC/Src/usbd_cdc.o
 .debug_macro   0x00014e12       0x94 Middlewares/ST/STM32_USB_Device_Library/Class/CDC/Src/usbd_cdc.o
 .debug_macro   0x00014ea6       0x57 Middlewares/ST/STM32_USB_Device_Library/Class/CDC/Src/usbd_cdc.o
 .debug_macro   0x00014efd       0x16 Middlewares/ST/STM32_USB_Device_Library/Class/CDC/Src/usbd_cdc.o
 .debug_macro   0x00014f13       0x35 Middlewares/ST/STM32_USB_Device_Library/Class/CDC/Src/usbd_cdc.o
 .debug_macro   0x00014f48       0x16 Middlewares/ST/STM32_USB_Device_Library/Class/CDC/Src/usbd_cdc.o
 .debug_macro   0x00014f5e       0x29 Middlewares/ST/STM32_USB_Device_Library/Class/CDC/Src/usbd_cdc.o
 .debug_macro   0x00014f87       0x16 Middlewares/ST/STM32_USB_Device_Library/Class/CDC/Src/usbd_cdc.o
 .debug_macro   0x00014f9d       0x6a Middlewares/ST/STM32_USB_Device_Library/Class/CDC/Src/usbd_cdc.o
 .debug_macro   0x00015007      0x1c3 Middlewares/ST/STM32_USB_Device_Library/Class/CDC/Src/usbd_cdc.o
 .debug_macro   0x000151ca       0x83 Middlewares/ST/STM32_USB_Device_Library/Class/CDC/Src/usbd_cdc.o
 .debug_macro   0x0001524d      0x3aa Middlewares/ST/STM32_USB_Device_Library/Core/Src/usbd_core.o
 .debug_macro   0x000155f7      0x3aa Middlewares/ST/STM32_USB_Device_Library/Core/Src/usbd_ctlreq.o
 .debug_macro   0x000159a1      0x3a6 Middlewares/ST/STM32_USB_Device_Library/Core/Src/usbd_ioreq.o
 .debug_macro   0x00015d47      0x39b Src/main.o
 .debug_macro   0x000160e2      0x344 Src/main.o
 .debug_macro   0x00016426      0x303 Src/stm32f1xx_hal_msp.o
 .debug_macro   0x00016729      0x30d Src/stm32f1xx_it.o
 .debug_macro   0x00016a36      0x309 Src/system_stm32f1xx.o
 .debug_macro   0x00016d3f      0x310 Src/tm2_stm32_nrf24l01.o
 .debug_macro   0x0001704f      0x3e1 Src/usb_device.o
 .debug_macro   0x00017430      0x3cb Src/usbd_cdc_if.o
 .debug_macro   0x000177fb      0x3c3 Src/usbd_conf.o
 .debug_macro   0x00017bbe      0x3e4 Src/usbd_desc.o

.debug_line     0x00000000     0xe3a4
 .debug_line    0x00000000      0x933 Drivers/STM32F1xx_HAL_Driver/Src/stm32f1xx_hal.o
 .debug_line    0x00000933      0x94b Drivers/STM32F1xx_HAL_Driver/Src/stm32f1xx_hal_cortex.o
 .debug_line    0x0000127e      0x930 Drivers/STM32F1xx_HAL_Driver/Src/stm32f1xx_hal_gpio.o
 .debug_line    0x00001bae      0xc60 Drivers/STM32F1xx_HAL_Driver/Src/stm32f1xx_hal_pcd.o
 .debug_line    0x0000280e      0x7af Drivers/STM32F1xx_HAL_Driver/Src/stm32f1xx_hal_pcd_ex.o
 .debug_line    0x00002fbd      0xa4d Drivers/STM32F1xx_HAL_Driver/Src/stm32f1xx_hal_rcc.o
 .debug_line    0x00003a0a      0x839 Drivers/STM32F1xx_HAL_Driver/Src/stm32f1xx_hal_rcc_ex.o
 .debug_line    0x00004243     0x117a Drivers/STM32F1xx_HAL_Driver/Src/stm32f1xx_hal_spi.o
 .debug_line    0x000053bd      0x7ac Drivers/STM32F1xx_HAL_Driver/Src/stm32f1xx_hal_spi_ex.o
 .debug_line    0x00005b69      0xbaa Drivers/STM32F1xx_HAL_Driver/Src/stm32f1xx_ll_usb.o
 .debug_line    0x00006713      0xab3 Middlewares/ST/STM32_USB_Device_Library/Class/CDC/Src/usbd_cdc.o
 .debug_line    0x000071c6      0xa9c Middlewares/ST/STM32_USB_Device_Library/Core/Src/usbd_core.o
 .debug_line    0x00007c62      0xaba Middlewares/ST/STM32_USB_Device_Library/Core/Src/usbd_ctlreq.o
 .debug_line    0x0000871c      0x91f Middlewares/ST/STM32_USB_Device_Library/Core/Src/usbd_ioreq.o
 .debug_line    0x0000903b      0x9c3 Src/main.o
 .debug_line    0x000099fe      0x7b1 Src/stm32f1xx_hal_msp.o
 .debug_line    0x0000a1af      0x815 Src/stm32f1xx_it.o
 .debug_line    0x0000a9c4      0x7b0 Src/system_stm32f1xx.o
 .debug_line    0x0000b174      0xa6d Src/tm2_stm32_nrf24l01.o
 .debug_line    0x0000bbe1      0x934 Src/usb_device.o
 .debug_line    0x0000c515      0x966 Src/usbd_cdc_if.o
 .debug_line    0x0000ce7b      0xba4 Src/usbd_conf.o
 .debug_line    0x0000da1f      0x908 Src/usbd_desc.o
 .debug_line    0x0000e327       0x7d startup/startup_stm32f103xb.o

.debug_str      0x00000000    0x7005c
 .debug_str     0x00000000    0x6b1c6 Drivers/STM32F1xx_HAL_Driver/Src/stm32f1xx_hal.o
                              0x6b59f (size before relaxing)
 .debug_str     0x0006b1c6      0x2e1 Drivers/STM32F1xx_HAL_Driver/Src/stm32f1xx_hal_cortex.o
                              0x6b4f4 (size before relaxing)
 .debug_str     0x0006b4a7      0x3a3 Drivers/STM32F1xx_HAL_Driver/Src/stm32f1xx_hal_gpio.o
                              0x6b23b (size before relaxing)
 .debug_str     0x0006b84a      0x811 Drivers/STM32F1xx_HAL_Driver/Src/stm32f1xx_hal_pcd.o
                              0x6b6a9 (size before relaxing)
 .debug_str     0x0006c05b       0x57 Drivers/STM32F1xx_HAL_Driver/Src/stm32f1xx_hal_pcd_ex.o
                              0x6b186 (size before relaxing)
 .debug_str     0x0006c0b2      0x368 Drivers/STM32F1xx_HAL_Driver/Src/stm32f1xx_hal_rcc.o
                              0x6b290 (size before relaxing)
 .debug_str     0x0006c41a      0x12b Drivers/STM32F1xx_HAL_Driver/Src/stm32f1xx_hal_rcc_ex.o
                              0x6b01c (size before relaxing)
 .debug_str     0x0006c545      0x86f Drivers/STM32F1xx_HAL_Driver/Src/stm32f1xx_hal_spi.o
                              0x6b74d (size before relaxing)
 .debug_str     0x0006cdb4       0x3b Drivers/STM32F1xx_HAL_Driver/Src/stm32f1xx_hal_spi_ex.o
                              0x6b21c (size before relaxing)
 .debug_str     0x0006cdef      0x151 Drivers/STM32F1xx_HAL_Driver/Src/stm32f1xx_ll_usb.o
                              0x6b359 (size before relaxing)
 .debug_str     0x0006cf40     0x12b3 Middlewares/ST/STM32_USB_Device_Library/Class/CDC/Src/usbd_cdc.o
                              0x6c1dc (size before relaxing)
 .debug_str     0x0006e1f3      0x294 Middlewares/ST/STM32_USB_Device_Library/Core/Src/usbd_core.o
                              0x6be9d (size before relaxing)
 .debug_str     0x0006e487      0x12e Middlewares/ST/STM32_USB_Device_Library/Core/Src/usbd_ctlreq.o
                              0x6bdb7 (size before relaxing)
 .debug_str     0x0006e5b5       0x51 Middlewares/ST/STM32_USB_Device_Library/Core/Src/usbd_ioreq.o
                              0x6bce4 (size before relaxing)
 .debug_str     0x0006e606     0x1326 Src/main.o
                              0x6d87a (size before relaxing)
 .debug_str     0x0006f92c       0x1b Src/stm32f1xx_hal_msp.o
                              0x6b5b1 (size before relaxing)
 .debug_str     0x0006f947       0xc4 Src/stm32f1xx_it.o
                              0x6b1dc (size before relaxing)
 .debug_str     0x0006fa0b       0x69 Src/system_stm32f1xx.o
                              0x6aee6 (size before relaxing)
 .debug_str     0x0006fa74      0x23a Src/tm2_stm32_nrf24l01.o
                              0x6c681 (size before relaxing)
 .debug_str     0x0006fcae       0x3e Src/usb_device.o
                              0x6bf54 (size before relaxing)
 .debug_str     0x0006fcec       0x97 Src/usbd_cdc_if.o
                              0x6c067 (size before relaxing)
 .debug_str     0x0006fd83       0x51 Src/usbd_conf.o
                              0x6ca1d (size before relaxing)
 .debug_str     0x0006fdd4      0x221 Src/usbd_desc.o
                              0x6bb7d (size before relaxing)
 .debug_str     0x0006fff5       0x67 startup/startup_stm32f103xb.o

.comment        0x00000000       0x7f
 .comment       0x00000000       0x7f Drivers/STM32F1xx_HAL_Driver/Src/stm32f1xx_hal.o
                                 0x80 (size before relaxing)
 .comment       0x0000007f       0x80 Drivers/STM32F1xx_HAL_Driver/Src/stm32f1xx_hal_cortex.o
 .comment       0x0000007f       0x80 Drivers/STM32F1xx_HAL_Driver/Src/stm32f1xx_hal_gpio.o
 .comment       0x0000007f       0x80 Drivers/STM32F1xx_HAL_Driver/Src/stm32f1xx_hal_pcd.o
 .comment       0x0000007f       0x80 Drivers/STM32F1xx_HAL_Driver/Src/stm32f1xx_hal_pcd_ex.o
 .comment       0x0000007f       0x80 Drivers/STM32F1xx_HAL_Driver/Src/stm32f1xx_hal_rcc.o
 .comment       0x0000007f       0x80 Drivers/STM32F1xx_HAL_Driver/Src/stm32f1xx_hal_rcc_ex.o
 .comment       0x0000007f       0x80 Drivers/STM32F1xx_HAL_Driver/Src/stm32f1xx_hal_spi.o
 .comment       0x0000007f       0x80 Drivers/STM32F1xx_HAL_Driver/Src/stm32f1xx_hal_spi_ex.o
 .comment       0x0000007f       0x80 Drivers/STM32F1xx_HAL_Driver/Src/stm32f1xx_ll_usb.o
 .comment       0x0000007f       0x80 Middlewares/ST/STM32_USB_Device_Library/Class/CDC/Src/usbd_cdc.o
 .comment       0x0000007f       0x80 Middlewares/ST/STM32_USB_Device_Library/Core/Src/usbd_core.o
 .comment       0x0000007f       0x80 Middlewares/ST/STM32_USB_Device_Library/Core/Src/usbd_ctlreq.o
 .comment       0x0000007f       0x80 Middlewares/ST/STM32_USB_Device_Library/Core/Src/usbd_ioreq.o
 .comment       0x0000007f       0x80 Src/main.o
 .comment       0x0000007f       0x80 Src/stm32f1xx_hal_msp.o
 .comment       0x0000007f       0x80 Src/stm32f1xx_it.o
 .comment       0x0000007f       0x80 Src/system_stm32f1xx.o
 .comment       0x0000007f       0x80 Src/tm2_stm32_nrf24l01.o
 .comment       0x0000007f       0x80 Src/usb_device.o
 .comment       0x0000007f       0x80 Src/usbd_cdc_if.o
 .comment       0x0000007f       0x80 Src/usbd_conf.o
 .comment       0x0000007f       0x80 Src/usbd_desc.o

.debug_frame    0x00000000     0x1f8c
 .debug_frame   0x00000000      0x1ac Drivers/STM32F1xx_HAL_Driver/Src/stm32f1xx_hal.o
 .debug_frame   0x000001ac      0x12c Drivers/STM32F1xx_HAL_Driver/Src/stm32f1xx_hal_cortex.o
 .debug_frame   0x000002d8       0xd4 Drivers/STM32F1xx_HAL_Driver/Src/stm32f1xx_hal_gpio.o
 .debug_frame   0x000003ac      0x300 Drivers/STM32F1xx_HAL_Driver/Src/stm32f1xx_hal_pcd.o
 .debug_frame   0x000006ac       0x30 Drivers/STM32F1xx_HAL_Driver/Src/stm32f1xx_hal_pcd_ex.o
 .debug_frame   0x000006dc      0x174 Drivers/STM32F1xx_HAL_Driver/Src/stm32f1xx_hal_rcc.o
 .debug_frame   0x00000850       0x6c Drivers/STM32F1xx_HAL_Driver/Src/stm32f1xx_hal_rcc_ex.o
 .debug_frame   0x000008bc      0x56c Drivers/STM32F1xx_HAL_Driver/Src/stm32f1xx_hal_spi.o
 .debug_frame   0x00000e28       0x2c Drivers/STM32F1xx_HAL_Driver/Src/stm32f1xx_hal_spi_ex.o
 .debug_frame   0x00000e54      0x23c Drivers/STM32F1xx_HAL_Driver/Src/stm32f1xx_ll_usb.o
 .debug_frame   0x00001090      0x14c Middlewares/ST/STM32_USB_Device_Library/Class/CDC/Src/usbd_cdc.o
 .debug_frame   0x000011dc      0x1bc Middlewares/ST/STM32_USB_Device_Library/Core/Src/usbd_core.o
 .debug_frame   0x00001398      0x17c Middlewares/ST/STM32_USB_Device_Library/Core/Src/usbd_ctlreq.o
 .debug_frame   0x00001514       0xb8 Middlewares/ST/STM32_USB_Device_Library/Core/Src/usbd_ioreq.o
 .debug_frame   0x000015cc       0xe8 Src/main.o
 .debug_frame   0x000016b4       0x64 Src/stm32f1xx_hal_msp.o
 .debug_frame   0x00001718       0xc0 Src/stm32f1xx_it.o
 .debug_frame   0x000017d8       0x30 Src/system_stm32f1xx.o
 .debug_frame   0x00001808      0x330 Src/tm2_stm32_nrf24l01.o
 .debug_frame   0x00001b38       0x28 Src/usb_device.o
 .debug_frame   0x00001b60       0x7c Src/usbd_cdc_if.o
 .debug_frame   0x00001bdc      0x2dc Src/usbd_conf.o
 .debug_frame   0x00001eb8       0xa8 Src/usbd_desc.o
 .debug_frame   0x00001f60       0x2c c:/ac6/systemworkbench/plugins/fr.ac6.mcu.externaltools.arm-none.win32_1.17.0.201812190825/tools/compiler/bin/../lib/gcc/arm-none-eabi/7.3.1/../../../../arm-none-eabi/lib/thumb/v7-m\libc_nano.a(lib_a-init.o)
