Archive member included to satisfy reference by file (symbol)

c:/ac6/systemworkbench/plugins/fr.ac6.mcu.externaltools.arm-none.win32_1.17.0.201812190825/tools/compiler/bin/../lib/gcc/arm-none-eabi/7.3.1/../../../../arm-none-eabi/lib/thumb/v7-m\libc_nano.a(lib_a-exit.o)
                              c:/ac6/systemworkbench/plugins/fr.ac6.mcu.externaltools.arm-none.win32_1.17.0.201812190825/tools/compiler/bin/../lib/gcc/arm-none-eabi/7.3.1/../../../../arm-none-eabi/lib/thumb/v7-m/crt0.o (exit)
c:/ac6/systemworkbench/plugins/fr.ac6.mcu.externaltools.arm-none.win32_1.17.0.201812190825/tools/compiler/bin/../lib/gcc/arm-none-eabi/7.3.1/../../../../arm-none-eabi/lib/thumb/v7-m\libc_nano.a(lib_a-impure.o)
                              c:/ac6/systemworkbench/plugins/fr.ac6.mcu.externaltools.arm-none.win32_1.17.0.201812190825/tools/compiler/bin/../lib/gcc/arm-none-eabi/7.3.1/../../../../arm-none-eabi/lib/thumb/v7-m\libc_nano.a(lib_a-exit.o) (_global_impure_ptr)
c:/ac6/systemworkbench/plugins/fr.ac6.mcu.externaltools.arm-none.win32_1.17.0.201812190825/tools/compiler/bin/../lib/gcc/arm-none-eabi/7.3.1/../../../../arm-none-eabi/lib/thumb/v7-m\libc_nano.a(lib_a-init.o)
                              c:/ac6/systemworkbench/plugins/fr.ac6.mcu.externaltools.arm-none.win32_1.17.0.201812190825/tools/compiler/bin/../lib/gcc/arm-none-eabi/7.3.1/../../../../arm-none-eabi/lib/thumb/v7-m/crt0.o (__libc_init_array)
c:/ac6/systemworkbench/plugins/fr.ac6.mcu.externaltools.arm-none.win32_1.17.0.201812190825/tools/compiler/bin/../lib/gcc/arm-none-eabi/7.3.1/../../../../arm-none-eabi/lib/thumb/v7-m\libc_nano.a(lib_a-memset.o)
                              c:/ac6/systemworkbench/plugins/fr.ac6.mcu.externaltools.arm-none.win32_1.17.0.201812190825/tools/compiler/bin/../lib/gcc/arm-none-eabi/7.3.1/../../../../arm-none-eabi/lib/thumb/v7-m/crt0.o (memset)
c:/ac6/systemworkbench/plugins/fr.ac6.mcu.externaltools.arm-none.win32_1.17.0.201812190825/tools/compiler/bin/../lib/gcc/arm-none-eabi/7.3.1/../../../../arm-none-eabi/lib/thumb/v7-m\libnosys.a(_exit.o)
                              c:/ac6/systemworkbench/plugins/fr.ac6.mcu.externaltools.arm-none.win32_1.17.0.201812190825/tools/compiler/bin/../lib/gcc/arm-none-eabi/7.3.1/../../../../arm-none-eabi/lib/thumb/v7-m\libc_nano.a(lib_a-exit.o) (_exit)

Allocating common symbols
Common symbol       size              file

hUsbDeviceFS        0x224             Src/usb_device.o
nrf_init_result     0x1               Src/main.o
uwTick              0x4               Drivers/STM32F1xx_HAL_Driver/Src/stm32f1xx_hal.o
pFlash              0x20              Drivers/STM32F1xx_HAL_Driver/Src/stm32f1xx_hal_flash.o
UserRxBufferFS      0x3e8             Src/usbd_cdc_if.o
UserTxBufferFS      0x3e8             Src/usbd_cdc_if.o
hspi1               0x58              Src/main.o
hpcd_USB_FS         0x460             Src/usbd_conf.o
USBD_StrDesc        0x200             Src/usbd_desc.o
nrf_tx_cfg          0x24              Src/main.o

Discarded input sections

 .text          0x00000000        0x0 c:/ac6/systemworkbench/plugins/fr.ac6.mcu.externaltools.arm-none.win32_1.17.0.201812190825/tools/compiler/bin/../lib/gcc/arm-none-eabi/7.3.1/thumb/v7-m/crti.o
 .data          0x00000000        0x0 c:/ac6/systemworkbench/plugins/fr.ac6.mcu.externaltools.arm-none.win32_1.17.0.201812190825/tools/compiler/bin/../lib/gcc/arm-none-eabi/7.3.1/thumb/v7-m/crti.o
 .bss           0x00000000        0x0 c:/ac6/systemworkbench/plugins/fr.ac6.mcu.externaltools.arm-none.win32_1.17.0.201812190825/tools/compiler/bin/../lib/gcc/arm-none-eabi/7.3.1/thumb/v7-m/crti.o
 .data          0x00000000        0x4 c:/ac6/systemworkbench/plugins/fr.ac6.mcu.externaltools.arm-none.win32_1.17.0.201812190825/tools/compiler/bin/../lib/gcc/arm-none-eabi/7.3.1/thumb/v7-m/crtbegin.o
 .text          0x00000000       0x74 c:/ac6/systemworkbench/plugins/fr.ac6.mcu.externaltools.arm-none.win32_1.17.0.201812190825/tools/compiler/bin/../lib/gcc/arm-none-eabi/7.3.1/../../../../arm-none-eabi/lib/thumb/v7-m/crt0.o
 .data          0x00000000        0x0 c:/ac6/systemworkbench/plugins/fr.ac6.mcu.externaltools.arm-none.win32_1.17.0.201812190825/tools/compiler/bin/../lib/gcc/arm-none-eabi/7.3.1/../../../../arm-none-eabi/lib/thumb/v7-m/crt0.o
 .bss           0x00000000        0x0 c:/ac6/systemworkbench/plugins/fr.ac6.mcu.externaltools.arm-none.win32_1.17.0.201812190825/tools/compiler/bin/../lib/gcc/arm-none-eabi/7.3.1/../../../../arm-none-eabi/lib/thumb/v7-m/crt0.o
 .ARM.extab     0x00000000        0x0 c:/ac6/systemworkbench/plugins/fr.ac6.mcu.externaltools.arm-none.win32_1.17.0.201812190825/tools/compiler/bin/../lib/gcc/arm-none-eabi/7.3.1/../../../../arm-none-eabi/lib/thumb/v7-m/crt0.o
 .ARM.exidx     0x00000000        0x8 c:/ac6/systemworkbench/plugins/fr.ac6.mcu.externaltools.arm-none.win32_1.17.0.201812190825/tools/compiler/bin/../lib/gcc/arm-none-eabi/7.3.1/../../../../arm-none-eabi/lib/thumb/v7-m/crt0.o
 .ARM.attributes
[...]
Memory Configuration

Name             Origin             Length             Attributes
RAM              0x20000000         0x00005000         xrw
FLASH            0x08000000         0x00010000         xr
*default*        0x00000000         0xffffffff

Linker script and memory map

LOAD c:/ac6/systemworkbench/plugins/fr.ac6.mcu.externaltools.arm-none.win32_1.17.0.201812190825/tools/compiler/bin/../lib/gcc/arm-none-eabi/7.3.1/thumb/v7-m/crti.o
LOAD c:/ac6/systemworkbench/plugins/fr.ac6.mcu.externaltools.arm-none.win32_1.17.0.201812190825/tools/compiler/bin/../lib/gcc/arm-none-eabi/7.3.1/thumb/v7-m/crtbegin.o
LOAD c:/ac6/systemworkbench/plugins/fr.ac6.mcu.externaltools.arm-none.win32_1.17.0.201812190825/tools/compiler/bin/../lib/gcc/arm-none-eabi/7.3.1/../../../../arm-none-eabi/lib/thumb/v7-m/crt0.o
LOAD Drivers/STM32F1xx_HAL_Driver/Src/stm32f1xx_hal.o
LOAD Drivers/STM32F1xx_HAL_Driver/Src/stm32f1xx_hal_cortex.o
LOAD Drivers/STM32F1xx_HAL_Driver/Src/stm32f1xx_hal_dma.o
LOAD Drivers/STM32F1xx_HAL_Driver/Src/stm32f1xx_hal_flash.o
LOAD Drivers/STM32F1xx_HAL_Driver/Src/stm32f1xx_hal_flash_ex.o
LOAD Drivers/STM32F1xx_HAL_Driver/Src/stm32f1xx_hal_gpio.o
LOAD Drivers/STM32F1xx_HAL_Driver/Src/stm32f1xx_hal_gpio_ex.o
LOAD Drivers/STM32F1xx_HAL_Driver/Src/stm32f1xx_hal_pcd.o
LOAD Drivers/STM32F1xx_HAL_Driver/Src/stm32f1xx_hal_pcd_ex.o
LOAD Drivers/STM32F1xx_HAL_Driver/Src/stm32f1xx_hal_pwr.o
LOAD Drivers/STM32F1xx_HAL_Driver/Src/stm32f1xx_hal_rcc.o
LOAD Drivers/STM32F1xx_HAL_Driver/Src/stm32f1xx_hal_rcc_ex.o
LOAD Drivers/STM32F1xx_HAL_Driver/Src/stm32f1xx_hal_spi.o
LOAD Drivers/STM32F1xx_HAL_Driver/Src/stm32f1xx_hal_spi_ex.o
LOAD Drivers/STM32F1xx_HAL_Driver/Src/stm32f1xx_hal_tim.o
LOAD Drivers/STM32F1xx_HAL_Driver/Src/stm32f1xx_hal_tim_ex.o
LOAD Drivers/STM32F1xx_HAL_Driver/Src/stm32f1xx_ll_usb.o
LOAD Middlewares/ST/STM32_USB_Device_Library/Class/CDC/Src/usbd_cdc.o
LOAD Middlewares/ST/STM32_USB_Device_Library/Core/Src/usbd_core.o
LOAD Middlewares/ST/STM32_USB_Device_Library/Core/Src/usbd_ctlreq.o
LOAD Middlewares/ST/STM32_USB_Device_Library/Core/Src/usbd_ioreq.o
LOAD Src/main.o
LOAD Src/stm32f1xx_hal_msp.o
LOAD Src/stm32f1xx_it.o
LOAD Src/system_stm32f1xx.o
LOAD Src/tm2_stm32_nrf24l01.o
LOAD Src/usb_device.o
LOAD Src/usbd_cdc_if.o
LOAD Src/usbd_conf.o
LOAD Src/usbd_desc.o
LOAD startup/startup_stm32f103xb.o
LOAD c:/ac6/systemworkbench/plugins/fr.ac6.mcu.externaltools.arm-none.win32_1.17.0.201812190825/tools/compiler/bin/../lib/gcc/arm-none-eabi/7.3.1/../../../../arm-none-eabi/lib/thumb/v7-m\libm.a
START GROUP
LOAD c:/ac6/systemworkbench/plugins/fr.ac6.mcu.externaltools.arm-none.win32_1.17.0.201812190825/tools/compiler/bin/../lib/gcc/arm-none-eabi/7.3.1/thumb/v7-m\libgcc.a
LOAD c:/ac6/systemworkbench/plugins/fr.ac6.mcu.externaltools.arm-none.win32_1.17.0.201812190825/tools/compiler/bin/../lib/gcc/arm-none-eabi/7.3.1/../../../../arm-none-eabi/lib/thumb/v7-m\libc_nano.a
END GROUP
START GROUP
LOAD c:/ac6/systemworkbench/plugins/fr.ac6.mcu.externaltools.arm-none.win32_1.17.0.201812190825/tools/compiler/bin/../lib/gcc/arm-none-eabi/7.3.1/thumb/v7-m\libgcc.a
LOAD c:/ac6/systemworkbench/plugins/fr.ac6.mcu.externaltools.arm-none.win32_1.17.0.201812190825/tools/compiler/bin/../lib/gcc/arm-none-eabi/7.3.1/../../../../arm-none-eabi/lib/thumb/v7-m\libc_nano.a
LOAD c:/ac6/systemworkbench/plugins/fr.ac6.mcu.externaltools.arm-none.win32_1.17.0.201812190825/tools/compiler/bin/../lib/gcc/arm-none-eabi/7.3.1/../../../../arm-none-eabi/lib/thumb/v7-m\libnosys.a
END GROUP
START GROUP
LOAD c:/ac6/systemworkbench/plugins/fr.ac6.mcu.externaltools.arm-none.win32_1.17.0.201812190825/tools/compiler/bin/../lib/gcc/arm-none-eabi/7.3.1/thumb/v7-m\libgcc.a
LOAD c:/ac6/systemworkbench/plugins/fr.ac6.mcu.externaltools.arm-none.win32_1.17.0.201812190825/tools/compiler/bin/../lib/gcc/arm-none-eabi/7.3.1/../../../../arm-none-eabi/lib/thumb/v7-m\libc_nano.a
LOAD c:/ac6/systemworkbench/plugins/fr.ac6.mcu.externaltools.arm-none.win32_1.17.0.201812190825/tools/compiler/bin/../lib/gcc/arm-none-eabi/7.3.1/../../../../arm-none-eabi/lib/thumb/v7-m\libnosys.a
END GROUP
LOAD c:/ac6/systemworkbench/plugins/fr.ac6.mcu.externaltools.arm-none.win32_1.17.0.201812190825/tools/compiler/bin/../lib/gcc/arm-none-eabi/7.3.1/thumb/v7-m/crtend.o
LOAD c:/ac6/systemworkbench/plugins/fr.ac6.mcu.externaltools.arm-none.win32_1.17.0.201812190825/tools/compiler/bin/../lib/gcc/arm-none-eabi/7.3.1/thumb/v7-m/crtn.o
                0x20005000                _estack = 0x20005000
                0x00000200                _Min_Heap_Size = 0x200
                0x00000400                _Min_Stack_Size = 0x400

.isr_vector     0x08000000      0x10c
                0x08000000                . = ALIGN (0x4)
 *(.isr_vector)
 .isr_vector    0x08000000      0x10c startup/startup_stm32f103xb.o
                0x08000000                g_pfnVectors
                0x0800010c                . = ALIGN (0x4)

.text           0x0800010c     0x3e44
                0x0800010c                . = ALIGN (0x4)
 *(.text)
 .text          0x0800010c       0x40 c:/ac6/systemworkbench/plugins/fr.ac6.mcu.externaltools.arm-none.win32_1.17.0.201812190825/tools/compiler/bin/../lib/gcc/arm-none-eabi/7.3.1/thumb/v7-m/crtbegin.o
 *(.text*)
 .text.HAL_InitTick
                0x0800014c       0x48 Drivers/STM32F1xx_HAL_Driver/Src/stm32f1xx_hal.o
                0x0800014c                HAL_InitTick
 .text.HAL_Init
                0x08000194       0x24 Drivers/STM32F1xx_HAL_Driver/Src/stm32f1xx_hal.o
                0x08000194                HAL_Init
 .text.HAL_IncTick
                0x080001b8       0x18 Drivers/STM32F1xx_HAL_Driver/Src/stm32f1xx_hal.o
                0x080001b8                HAL_IncTick
 .text.HAL_GetTick
                0x080001d0        0xc Drivers/STM32F1xx_HAL_Driver/Src/stm32f1xx_hal.o
                0x080001d0                HAL_GetTick
 .text.HAL_Delay
                0x080001dc       0x28 Drivers/STM32F1xx_HAL_Driver/Src/stm32f1xx_hal.o
                0x080001dc                HAL_Delay
 .text.HAL_NVIC_SetPriorityGrouping
                0x08000204       0x24 Drivers/STM32F1xx_HAL_Driver/Src/stm32f1xx_hal_cortex.o
                0x08000204                HAL_NVIC_SetPriorityGrouping
 .text.HAL_NVIC_SetPriority
                0x08000228       0x68 Drivers/STM32F1xx_HAL_Driver/Src/stm32f1xx_hal_cortex.o
                0x08000228                HAL_NVIC_SetPriority
 .text.HAL_NVIC_EnableIRQ
                0x08000290       0x18 Drivers/STM32F1xx_HAL_Driver/Src/stm32f1xx_hal_cortex.o
                0x08000290                HAL_NVIC_EnableIRQ
 .text.HAL_SYSTICK_Config
                0x080002a8       0x2c Drivers/STM32F1xx_HAL_Driver/Src/stm32f1xx_hal_cortex.o
                0x080002a8                HAL_SYSTICK_Config
 .text.HAL_SYSTICK_CLKSourceConfig
                0x080002d4       0x20 Drivers/STM32F1xx_HAL_Driver/Src/stm32f1xx_hal_cortex.o
                0x080002d4                HAL_SYSTICK_CLKSourceConfig
 .text.HAL_SYSTICK_Callback
                0x080002f4        0x2 Drivers/STM32F1xx_HAL_Driver/Src/stm32f1xx_hal_cortex.o
                0x080002f4                HAL_SYSTICK_Callback
 .text.HAL_SYSTICK_IRQHandler
                0x080002f6        0x8 Drivers/STM32F1xx_HAL_Driver/Src/stm32f1xx_hal_cortex.o
                0x080002f6                HAL_SYSTICK_IRQHandler
 *fill*         0x080002fe        0x2 
 .text.HAL_GPIO_Init
                0x08000300      0x1d4 Drivers/STM32F1xx_HAL_Driver/Src/stm32f1xx_hal_gpio.o
                0x08000300                HAL_GPIO_Init
 .text.HAL_GPIO_ReadPin
                0x080004d4        0xe Drivers/STM32F1xx_HAL_Driver/Src/stm32f1xx_hal_gpio.o
                0x080004d4                HAL_GPIO_ReadPin
 .text.HAL_GPIO_WritePin
                0x080004e2        0xc Drivers/STM32F1xx_HAL_Driver/Src/stm32f1xx_hal_gpio.o
                0x080004e2                HAL_GPIO_WritePin
 .text.HAL_PCD_Init
                0x080004ee       0xd6 Drivers/STM32F1xx_HAL_Driver/Src/stm32f1xx_hal_pcd.o
                0x080004ee                HAL_PCD_Init
 .text.HAL_PCD_Start
                0x080005c4       0x2e Drivers/STM32F1xx_HAL_Driver/Src/stm32f1xx_hal_pcd.o
                0x080005c4                HAL_PCD_Start
 .text.HAL_PCD_SetAddress
                0x080005f2       0x28 Drivers/STM32F1xx_HAL_Driver/Src/stm32f1xx_hal_pcd.o
                0x080005f2                HAL_PCD_SetAddress
 .text.HAL_PCD_EP_Open
                0x0800061a       0x52 Drivers/STM32F1xx_HAL_Driver/Src/stm32f1xx_hal_pcd.o
                0x0800061a                HAL_PCD_EP_Open
 .text.HAL_PCD_EP_Close
                0x0800066c       0x4e Drivers/STM32F1xx_HAL_Driver/Src/stm32f1xx_hal_pcd.o
                0x0800066c                HAL_PCD_EP_Close
 .text.HAL_PCD_EP_Receive
                0x080006ba       0x3e Drivers/STM32F1xx_HAL_Driver/Src/stm32f1xx_hal_pcd.o
                0x080006ba                HAL_PCD_EP_Receive
 .text.HAL_PCD_EP_GetRxCount
                0x080006f8        0xe Drivers/STM32F1xx_HAL_Driver/Src/stm32f1xx_hal_pcd.o
                0x080006f8                HAL_PCD_EP_GetRxCount
 .text.HAL_PCD_EP_Transmit
                0x08000706       0x3c Drivers/STM32F1xx_HAL_Driver/Src/stm32f1xx_hal_pcd.o
                0x08000706                HAL_PCD_EP_Transmit
 .text.PCD_EP_ISR_Handler
                0x08000742      0x444 Drivers/STM32F1xx_HAL_Driver/Src/stm32f1xx_hal_pcd.o
 .text.HAL_PCD_IRQHandler
                0x08000b86      0x160 Drivers/STM32F1xx_HAL_Driver/Src/stm32f1xx_hal_pcd.o
                0x08000b86                HAL_PCD_IRQHandler
 .text.HAL_PCD_EP_SetStall
                0x08000ce6       0x5c Drivers/STM32F1xx_HAL_Driver/Src/stm32f1xx_hal_pcd.o
                0x08000ce6                HAL_PCD_EP_SetStall
 .text.HAL_PCD_EP_ClrStall
                0x08000d42       0x4e Drivers/STM32F1xx_HAL_Driver/Src/stm32f1xx_hal_pcd.o
                0x08000d42                HAL_PCD_EP_ClrStall
 .text.HAL_PCDEx_PMAConfig
                0x08000d90       0x30 Drivers/STM32F1xx_HAL_Driver/Src/stm32f1xx_hal_pcd_ex.o
                0x08000d90                HAL_PCDEx_PMAConfig
 .text.RCC_Delay
                0x08000dc0       0x2c Drivers/STM32F1xx_HAL_Driver/Src/stm32f1xx_hal_rcc.o
 .text.HAL_RCC_OscConfig
                0x08000dec      0x3dc Drivers/STM32F1xx_HAL_Driver/Src/stm32f1xx_hal_rcc.o
                0x08000dec                HAL_RCC_OscConfig
 .text.HAL_RCC_GetSysClockFreq
                0x080011c8       0x70 Drivers/STM32F1xx_HAL_Driver/Src/stm32f1xx_hal_rcc.o
                0x080011c8                HAL_RCC_GetSysClockFreq
 .text.HAL_RCC_ClockConfig
                0x08001238      0x178 Drivers/STM32F1xx_HAL_Driver/Src/stm32f1xx_hal_rcc.o
                0x08001238                HAL_RCC_ClockConfig
 .text.HAL_RCC_GetHCLKFreq
                0x080013b0        0xc Drivers/STM32F1xx_HAL_Driver/Src/stm32f1xx_hal_rcc.o
                0x080013b0                HAL_RCC_GetHCLKFreq
 .text.HAL_RCCEx_PeriphCLKConfig
                0x080013bc      0x114 Drivers/STM32F1xx_HAL_Driver/Src/stm32f1xx_hal_rcc_ex.o
                0x080013bc                HAL_RCCEx_PeriphCLKConfig
 .text.SPI_WaitFlagStateUntilTimeout
                0x080014d0       0x96 Drivers/STM32F1xx_HAL_Driver/Src/stm32f1xx_hal_spi.o
 .text.SPI_CheckFlag_BSY
                0x08001566       0x28 Drivers/STM32F1xx_HAL_Driver/Src/stm32f1xx_hal_spi.o
 .text.HAL_SPI_Transmit
                0x0800158e      0x1a6 Drivers/STM32F1xx_HAL_Driver/Src/stm32f1xx_hal_spi.o
                0x0800158e                HAL_SPI_Transmit
 .text.HAL_SPI_TransmitReceive
                0x08001734      0x238 Drivers/STM32F1xx_HAL_Driver/Src/stm32f1xx_hal_spi.o
                0x08001734                HAL_SPI_TransmitReceive
 .text.HAL_SPI_Init
                0x0800196c       0x82 Drivers/STM32F1xx_HAL_Driver/Src/stm32f1xx_hal_spi_ex.o
                0x0800196c                HAL_SPI_Init
 .text.USB_CoreInit
                0x080019ee        0xe Drivers/STM32F1xx_HAL_Driver/Src/stm32f1xx_ll_usb.o
                0x080019ee                USB_CoreInit
 .text.USB_EnableGlobalInt
                0x080019fc       0x10 Drivers/STM32F1xx_HAL_Driver/Src/stm32f1xx_ll_usb.o
                0x080019fc                USB_EnableGlobalInt
 .text.USB_DisableGlobalInt
                0x08001a0c       0x14 Drivers/STM32F1xx_HAL_Driver/Src/stm32f1xx_ll_usb.o
                0x08001a0c                USB_DisableGlobalInt
 .text.USB_SetCurrentMode
                0x08001a20        0x4 Drivers/STM32F1xx_HAL_Driver/Src/stm32f1xx_ll_usb.o
                0x08001a20                USB_SetCurrentMode
 .text.USB_DevInit
                0x08001a24       0x2c Drivers/STM32F1xx_HAL_Driver/Src/stm32f1xx_ll_usb.o
                0x08001a24                USB_DevInit
 .text.USB_ActivateEndpoint
                0x08001a50      0x328 Drivers/STM32F1xx_HAL_Driver/Src/stm32f1xx_ll_usb.o
                0x08001a50                USB_ActivateEndpoint
 .text.USB_DeactivateEndpoint
                0x08001d78      0x1c4 Drivers/STM32F1xx_HAL_Driver/Src/stm32f1xx_ll_usb.o
                0x08001d78                USB_DeactivateEndpoint
 .text.USB_EPSetStall
                0x08001f3c       0x6e Drivers/STM32F1xx_HAL_Driver/Src/stm32f1xx_ll_usb.o
                0x08001f3c                USB_EPSetStall
 .text.USB_EPClearStall
                0x08001faa       0x92 Drivers/STM32F1xx_HAL_Driver/Src/stm32f1xx_ll_usb.o
                0x08001faa                USB_EPClearStall
 .text.USB_SetDevAddress
                0x0800203c        0xc Drivers/STM32F1xx_HAL_Driver/Src/stm32f1xx_ll_usb.o
                0x0800203c                USB_SetDevAddress
 .text.USB_DevConnect
                0x08002048        0x4 Drivers/STM32F1xx_HAL_Driver/Src/stm32f1xx_ll_usb.o
                0x08002048                USB_DevConnect
 .text.USB_DevDisconnect
                0x0800204c        0x4 Drivers/STM32F1xx_HAL_Driver/Src/stm32f1xx_ll_usb.o
                0x0800204c                USB_DevDisconnect
 .text.USB_ReadInterrupts
                0x08002050        0x6 Drivers/STM32F1xx_HAL_Driver/Src/stm32f1xx_ll_usb.o
                0x08002050                USB_ReadInterrupts
 .text.USB_EP0_OutStart
                0x08002056        0x4 Drivers/STM32F1xx_HAL_Driver/Src/stm32f1xx_ll_usb.o
                0x08002056                USB_EP0_OutStart
 .text.USB_WritePMA
                0x0800205a       0x2a Drivers/STM32F1xx_HAL_Driver/Src/stm32f1xx_ll_usb.o
                0x0800205a                USB_WritePMA
 .text.USB_EPStartXfer
                0x08002084      0x2ba Drivers/STM32F1xx_HAL_Driver/Src/stm32f1xx_ll_usb.o
                0x08002084                USB_EPStartXfer
 .text.USB_ReadPMA
                0x0800233e       0x1e Drivers/STM32F1xx_HAL_Driver/Src/stm32f1xx_ll_usb.o
                0x0800233e                USB_ReadPMA
 .text.USBD_CDC_DataIn
                0x0800235c       0x12 Middlewares/ST/STM32_USB_Device_Library/Class/CDC/Src/usbd_cdc.o
 .text.USBD_CDC_EP0_RxReady
                0x0800236e       0x28 Middlewares/ST/STM32_USB_Device_Library/Class/CDC/Src/usbd_cdc.o
 *fill*         0x08002396        0x2 
 .text.USBD_CDC_GetFSCfgDesc
                0x08002398        0xc Middlewares/ST/STM32_USB_Device_Library/Class/CDC/Src/usbd_cdc.o
 .text.USBD_CDC_GetHSCfgDesc
                0x080023a4        0xc Middlewares/ST/STM32_USB_Device_Library/Class/CDC/Src/usbd_cdc.o
 .text.USBD_CDC_GetOtherSpeedCfgDesc
                0x080023b0        0xc Middlewares/ST/STM32_USB_Device_Library/Class/CDC/Src/usbd_cdc.o
 .text.USBD_CDC_GetDeviceQualifierDescriptor
                0x080023bc        0xc Middlewares/ST/STM32_USB_Device_Library/Class/CDC/Src/usbd_cdc.o
                0x080023bc                USBD_CDC_GetDeviceQualifierDescriptor
 .text.USBD_CDC_DataOut
                0x080023c8       0x2e Middlewares/ST/STM32_USB_Device_Library/Class/CDC/Src/usbd_cdc.o
 *fill*         0x080023f6        0x2 
 .text.USBD_CDC_Setup
                0x080023f8       0x74 Middlewares/ST/STM32_USB_Device_Library/Class/CDC/Src/usbd_cdc.o
 .text.USBD_CDC_DeInit
                0x0800246c       0x3a Middlewares/ST/STM32_USB_Device_Library/Class/CDC/Src/usbd_cdc.o
 .text.USBD_CDC_Init
                0x080024a6       0x96 Middlewares/ST/STM32_USB_Device_Library/Class/CDC/Src/usbd_cdc.o
 .text.USBD_CDC_RegisterInterface
                0x0800253c        0xe Middlewares/ST/STM32_USB_Device_Library/Class/CDC/Src/usbd_cdc.o
                0x0800253c                USBD_CDC_RegisterInterface
 .text.USBD_CDC_SetTxBuffer
                0x0800254a       0x10 Middlewares/ST/STM32_USB_Device_Library/Class/CDC/Src/usbd_cdc.o
                0x0800254a                USBD_CDC_SetTxBuffer
 .text.USBD_CDC_SetRxBuffer
                0x0800255a        0xc Middlewares/ST/STM32_USB_Device_Library/Class/CDC/Src/usbd_cdc.o
                0x0800255a                USBD_CDC_SetRxBuffer
 .text.USBD_CDC_TransmitPacket
                0x08002566       0x2e Middlewares/ST/STM32_USB_Device_Library/Class/CDC/Src/usbd_cdc.o
                0x08002566                USBD_CDC_TransmitPacket
 .text.USBD_CDC_ReceivePacket
                0x08002594       0x32 Middlewares/ST/STM32_USB_Device_Library/Class/CDC/Src/usbd_cdc.o
                0x08002594                USBD_CDC_ReceivePacket
 .text.USBD_Init
                0x080025c6       0x2e Middlewares/ST/STM32_USB_Device_Library/Core/Src/usbd_core.o
                0x080025c6                USBD_Init
 .text.USBD_RegisterClass
                0x080025f4        0xe Middlewares/ST/STM32_USB_Device_Library/Core/Src/usbd_core.o
                0x080025f4                USBD_RegisterClass
 .text.USBD_Start
                0x08002602        0xa Middlewares/ST/STM32_USB_Device_Library/Core/Src/usbd_core.o
                0x08002602                USBD_Start
 .text.USBD_SetClassConfig
                0x0800260c       0x1a Middlewares/ST/STM32_USB_Device_Library/Core/Src/usbd_core.o
                0x0800260c                USBD_SetClassConfig
 .text.USBD_ClrClassConfig
                0x08002626        0xe Middlewares/ST/STM32_USB_Device_Library/Core/Src/usbd_core.o
                0x08002626                USBD_ClrClassConfig
 .text.USBD_LL_SetupStage
                0x08002634       0x5a Middlewares/ST/STM32_USB_Device_Library/Core/Src/usbd_core.o
                0x08002634                USBD_LL_SetupStage
 .text.USBD_LL_DataOutStage
                0x0800268e       0x6a Middlewares/ST/STM32_USB_Device_Library/Core/Src/usbd_core.o
                0x0800268e                USBD_LL_DataOutStage
 .text.USBD_LL_DataInStage
                0x080026f8       0xb0 Middlewares/ST/STM32_USB_Device_Library/Core/Src/usbd_core.o
                0x080026f8                USBD_LL_DataInStage
 .text.USBD_LL_Reset
                0x080027a8       0x3e Middlewares/ST/STM32_USB_Device_Library/Core/Src/usbd_core.o
                0x080027a8                USBD_LL_Reset
 .text.USBD_LL_SetSpeed
                0x080027e6        0x6 Middlewares/ST/STM32_USB_Device_Library/Core/Src/usbd_core.o
                0x080027e6                USBD_LL_SetSpeed
 .text.USBD_LL_Suspend
                0x080027ec       0x12 Middlewares/ST/STM32_USB_Device_Library/Core/Src/usbd_core.o
                0x080027ec                USBD_LL_Suspend
 .text.USBD_LL_Resume
                0x080027fe        0xc Middlewares/ST/STM32_USB_Device_Library/Core/Src/usbd_core.o
                0x080027fe                USBD_LL_Resume
 .text.USBD_LL_SOF
                0x0800280a       0x1c Middlewares/ST/STM32_USB_Device_Library/Core/Src/usbd_core.o
                0x0800280a                USBD_LL_SOF
 .text.USBD_GetLen
                0x08002826       0x14 Middlewares/ST/STM32_USB_Device_Library/Core/Src/usbd_ctlreq.o
 .text.USBD_SetFeature
                0x0800283a       0x20 Middlewares/ST/STM32_USB_Device_Library/Core/Src/usbd_ctlreq.o
 .text.USBD_ParseSetupRequest
                0x0800285a       0x28 Middlewares/ST/STM32_USB_Device_Library/Core/Src/usbd_ctlreq.o
                0x0800285a                USBD_ParseSetupRequest
 .text.USBD_CtlError
                0x08002882       0x14 Middlewares/ST/STM32_USB_Device_Library/Core/Src/usbd_ctlreq.o
                0x08002882                USBD_CtlError
 .text.USBD_GetDescriptor
                0x08002896      0x132 Middlewares/ST/STM32_USB_Device_Library/Core/Src/usbd_ctlreq.o
 .text.USBD_SetAddress
                0x080029c8       0x4a Middlewares/ST/STM32_USB_Device_Library/Core/Src/usbd_ctlreq.o
 *fill*         0x08002a12        0x2 
 .text.USBD_SetConfig
                0x08002a14       0xa4 Middlewares/ST/STM32_USB_Device_Library/Core/Src/usbd_ctlreq.o
 .text.USBD_GetConfig
                0x08002ab8       0x3a Middlewares/ST/STM32_USB_Device_Library/Core/Src/usbd_ctlreq.o
 .text.USBD_GetStatus
                0x08002af2       0x2c Middlewares/ST/STM32_USB_Device_Library/Core/Src/usbd_ctlreq.o
 .text.USBD_ClrFeature
                0x08002b1e       0x30 Middlewares/ST/STM32_USB_Device_Library/Core/Src/usbd_ctlreq.o
 .text.USBD_StdDevReq
                0x08002b4e       0x48 Middlewares/ST/STM32_USB_Device_Library/Core/Src/usbd_ctlreq.o
                0x08002b4e                USBD_StdDevReq
 .text.USBD_StdItfReq
                0x08002b96       0x38 Middlewares/ST/STM32_USB_Device_Library/Core/Src/usbd_ctlreq.o
                0x08002b96                USBD_StdItfReq
 .text.USBD_StdEPReq
                0x08002bce      0x118 Middlewares/ST/STM32_USB_Device_Library/Core/Src/usbd_ctlreq.o
                0x08002bce                USBD_StdEPReq
 .text.USBD_GetString
                0x08002ce6       0x3a Middlewares/ST/STM32_USB_Device_Library/Core/Src/usbd_ctlreq.o
                0x08002ce6                USBD_GetString
 .text.USBD_CtlSendData
                0x08002d20       0x1a Middlewares/ST/STM32_USB_Device_Library/Core/Src/usbd_ioreq.o
                0x08002d20                USBD_CtlSendData
 .text.USBD_CtlContinueSendData
                0x08002d3a       0x10 Middlewares/ST/STM32_USB_Device_Library/Core/Src/usbd_ioreq.o
                0x08002d3a                USBD_CtlContinueSendData
 .text.USBD_CtlPrepareRx
                0x08002d4a       0x1e Middlewares/ST/STM32_USB_Device_Library/Core/Src/usbd_ioreq.o
                0x08002d4a                USBD_CtlPrepareRx
 .text.USBD_CtlContinueRx
                0x08002d68       0x10 Middlewares/ST/STM32_USB_Device_Library/Core/Src/usbd_ioreq.o
                0x08002d68                USBD_CtlContinueRx
 .text.USBD_CtlSendStatus
                0x08002d78       0x16 Middlewares/ST/STM32_USB_Device_Library/Core/Src/usbd_ioreq.o
                0x08002d78                USBD_CtlSendStatus
 .text.USBD_CtlReceiveStatus
                0x08002d8e       0x16 Middlewares/ST/STM32_USB_Device_Library/Core/Src/usbd_ioreq.o
                0x08002d8e                USBD_CtlReceiveStatus
 .text.MX_GPIO_Init
                0x08002da4       0xb8 Src/main.o
 .text.int8_to_bin
                0x08002e5c       0x24 Src/main.o
                0x08002e5c                int8_to_bin
 .text.usb_receive_interrupt
                0x08002e80       0x7c Src/main.o
                0x08002e80                usb_receive_interrupt
 .text._Error_Handler
                0x08002efc        0x2 Src/main.o
                0x08002efc                _Error_Handler
 *fill*         0x08002efe        0x2 
 .text.MX_SPI1_Init
                0x08002f00       0x4c Src/main.o
 .text.SystemClock_Config
                0x08002f4c       0xa8 Src/main.o
                0x08002f4c                SystemClock_Config
 .text.main     0x08002ff4      0x1e8 Src/main.o
                0x08002ff4                main
 .text.HAL_MspInit
                0x080031dc       0x90 Src/stm32f1xx_hal_msp.o
                0x080031dc                HAL_MspInit
 .text.HAL_SPI_MspInit
                0x0800326c       0x58 Src/stm32f1xx_hal_msp.o
                0x0800326c                HAL_SPI_MspInit
 .text.NMI_Handler
                0x080032c4        0x2 Src/stm32f1xx_it.o
                0x080032c4                NMI_Handler
 .text.HardFault_Handler
                0x080032c6        0x2 Src/stm32f1xx_it.o
                0x080032c6                HardFault_Handler
 .text.MemManage_Handler
                0x080032c8        0x2 Src/stm32f1xx_it.o
                0x080032c8                MemManage_Handler
 .text.BusFault_Handler
                0x080032ca        0x2 Src/stm32f1xx_it.o
                0x080032ca                BusFault_Handler
 .text.UsageFault_Handler
                0x080032cc        0x2 Src/stm32f1xx_it.o
                0x080032cc                UsageFault_Handler
 .text.SVC_Handler
                0x080032ce        0x2 Src/stm32f1xx_it.o
                0x080032ce                SVC_Handler
 .text.DebugMon_Handler
                0x080032d0        0x2 Src/stm32f1xx_it.o
                0x080032d0                DebugMon_Handler
 .text.PendSV_Handler
                0x080032d2        0x2 Src/stm32f1xx_it.o
                0x080032d2                PendSV_Handler
 .text.SysTick_Handler
                0x080032d4        0xc Src/stm32f1xx_it.o
                0x080032d4                SysTick_Handler
 .text.USB_LP_CAN1_RX0_IRQHandler
                0x080032e0       0x10 Src/stm32f1xx_it.o
                0x080032e0                USB_LP_CAN1_RX0_IRQHandler
 .text.SystemInit
                0x080032f0       0x4c Src/system_stm32f1xx.o
                0x080032f0                SystemInit
 .text.tm2_NRF24L01_CE_LOW
                0x0800333c        0xe Src/tm2_stm32_nrf24l01.o
                0x0800333c                tm2_NRF24L01_CE_LOW
 .text.tm2_NRF24L01_CE_HIGH
                0x0800334a        0xe Src/tm2_stm32_nrf24l01.o
                0x0800334a                tm2_NRF24L01_CE_HIGH
 .text.tm2_NRF24L01_CSN_LOW
                0x08003358        0xe Src/tm2_stm32_nrf24l01.o
                0x08003358                tm2_NRF24L01_CSN_LOW
 .text.tm2_NRF24L01_CSN_HIGH
                0x08003366        0xe Src/tm2_stm32_nrf24l01.o
                0x08003366                tm2_NRF24L01_CSN_HIGH
 .text.tm2_NRF24L01_FLUSH_TX
                0x08003374       0x26 Src/tm2_stm32_nrf24l01.o
                0x08003374                tm2_NRF24L01_FLUSH_TX
 .text.tm2_NRF24L01_FLUSH_RX
                0x0800339a       0x26 Src/tm2_stm32_nrf24l01.o
                0x0800339a                tm2_NRF24L01_FLUSH_RX
 .text.tm2_NRF24L01_ReadRegister
                0x080033c0       0x48 Src/tm2_stm32_nrf24l01.o
                0x080033c0                tm2_NRF24L01_ReadRegister
 .text.tm2_NRF24L01_ReadRegisterMulti
                0x08003408       0x6a Src/tm2_stm32_nrf24l01.o
                0x08003408                tm2_NRF24L01_ReadRegisterMulti
 .text.tm2_NRF24L01_WriteRegister
                0x08003472       0x40 Src/tm2_stm32_nrf24l01.o
                0x08003472                tm2_NRF24L01_WriteRegister
 .text.tm2_NRF24L01_WriteRegisterMulti
                0x080034b2       0x3e Src/tm2_stm32_nrf24l01.o
                0x080034b2                tm2_NRF24L01_WriteRegisterMulti
 .text.tm2_NRF24L01_GetStatus
                0x080034f0       0x32 Src/tm2_stm32_nrf24l01.o
                0x080034f0                tm2_NRF24L01_GetStatus
 .text.tm2_NRF24L01_GetTransmissionStatus
                0x08003522       0x1e Src/tm2_stm32_nrf24l01.o
                0x08003522                tm2_NRF24L01_GetTransmissionStatus
 .text.tm2_NRF24L01_SoftwareReset
                0x08003540      0x152 Src/tm2_stm32_nrf24l01.o
                0x08003540                tm2_NRF24L01_SoftwareReset
 .text.tm2_NRF24L01_SetChannel
                0x08003692       0x12 Src/tm2_stm32_nrf24l01.o
                0x08003692                tm2_NRF24L01_SetChannel
 .text.tm2_NRF24L01_SetRF
                0x080036a4       0x54 Src/tm2_stm32_nrf24l01.o
                0x080036a4                tm2_NRF24L01_SetRF
 .text.tm2_NRF24L01_Clear_Interrupts
                0x080036f8        0xc Src/tm2_stm32_nrf24l01.o
                0x080036f8                tm2_NRF24L01_Clear_Interrupts
 .text.tm2_NRF24L01_PowerUpTx
                0x08003704       0x14 Src/tm2_stm32_nrf24l01.o
                0x08003704                tm2_NRF24L01_PowerUpTx
 .text.tm2_NRF24L01_Transmit
                0x08003718       0x50 Src/tm2_stm32_nrf24l01.o
                0x08003718                tm2_NRF24L01_Transmit
 .text.tm2_NRF24L01_PowerUpRx
                0x08003768       0x26 Src/tm2_stm32_nrf24l01.o
                0x08003768                tm2_NRF24L01_PowerUpRx
 .text.tm2_NRF24L01_Init
                0x0800378e      0x1a4 Src/tm2_stm32_nrf24l01.o
                0x0800378e                tm2_NRF24L01_Init
 .text.tm2_NRF24L01_ReadConfig
                0x08003932      0x168 Src/tm2_stm32_nrf24l01.o
                0x08003932                tm2_NRF24L01_ReadConfig
 *fill*         0x08003a9a        0x2 
 .text.MX_USB_DEVICE_Init
                0x08003a9c       0x38 Src/usb_device.o
                0x08003a9c                MX_USB_DEVICE_Init
 .text.CDC_DeInit_FS
                0x08003ad4        0x4 Src/usbd_cdc_if.o
 .text.CDC_Control_FS
                0x08003ad8        0x4 Src/usbd_cdc_if.o
 .text.CDC_Receive_FS
                0x08003adc       0x30 Src/usbd_cdc_if.o
 .text.CDC_Init_FS
                0x08003b0c       0x28 Src/usbd_cdc_if.o
 .text.CDC_Transmit_FS
                0x08003b34       0x2c Src/usbd_cdc_if.o
                0x08003b34                CDC_Transmit_FS
 .text.HAL_PCD_MspInit
                0x08003b60       0x40 Src/usbd_conf.o
                0x08003b60                HAL_PCD_MspInit
 .text.HAL_PCD_SetupStageCallback
                0x08003ba0       0x10 Src/usbd_conf.o
                0x08003ba0                HAL_PCD_SetupStageCallback
 .text.HAL_PCD_DataOutStageCallback
                0x08003bb0       0x14 Src/usbd_conf.o
                0x08003bb0                HAL_PCD_DataOutStageCallback
 .text.HAL_PCD_DataInStageCallback
                0x08003bc4       0x12 Src/usbd_conf.o
                0x08003bc4                HAL_PCD_DataInStageCallback
 .text.HAL_PCD_SOFCallback
                0x08003bd6        0xc Src/usbd_conf.o
                0x08003bd6                HAL_PCD_SOFCallback
 .text.HAL_PCD_ResetCallback
                0x08003be2       0x18 Src/usbd_conf.o
                0x08003be2                HAL_PCD_ResetCallback
 *fill*         0x08003bfa        0x2 
 .text.HAL_PCD_SuspendCallback
                0x08003bfc       0x20 Src/usbd_conf.o
                0x08003bfc                HAL_PCD_SuspendCallback
 .text.HAL_PCD_ResumeCallback
                0x08003c1c        0xc Src/usbd_conf.o
                0x08003c1c                HAL_PCD_ResumeCallback
 .text.USBD_LL_Init
                0x08003c28       0x94 Src/usbd_conf.o
                0x08003c28                USBD_LL_Init
 .text.USBD_LL_Start
                0x08003cbc       0x1c Src/usbd_conf.o
                0x08003cbc                USBD_LL_Start
 .text.USBD_LL_OpenEP
                0x08003cd8       0x22 Src/usbd_conf.o
                0x08003cd8                USBD_LL_OpenEP
 .text.USBD_LL_CloseEP
                0x08003cfa       0x1c Src/usbd_conf.o
                0x08003cfa                USBD_LL_CloseEP
 .text.USBD_LL_StallEP
                0x08003d16       0x1c Src/usbd_conf.o
                0x08003d16                USBD_LL_StallEP
 .text.USBD_LL_ClearStallEP
                0x08003d32       0x1c Src/usbd_conf.o
                0x08003d32                USBD_LL_ClearStallEP
 .text.USBD_LL_IsStallEP
                0x08003d4e       0x26 Src/usbd_conf.o
                0x08003d4e                USBD_LL_IsStallEP
 .text.USBD_LL_SetUSBAddress
                0x08003d74       0x1c Src/usbd_conf.o
                0x08003d74                USBD_LL_SetUSBAddress
 .text.USBD_LL_Transmit
                0x08003d90       0x1c Src/usbd_conf.o
                0x08003d90                USBD_LL_Transmit
 .text.USBD_LL_PrepareReceive
                0x08003dac       0x1c Src/usbd_conf.o
                0x08003dac                USBD_LL_PrepareReceive
 .text.USBD_LL_GetRxDataSize
                0x08003dc8        0xc Src/usbd_conf.o
                0x08003dc8                USBD_LL_GetRxDataSize
 .text.USBD_static_malloc
                0x08003dd4        0x8 Src/usbd_conf.o
                0x08003dd4                USBD_static_malloc
 .text.USBD_static_free
                0x08003ddc        0x2 Src/usbd_conf.o
                0x08003ddc                USBD_static_free
 .text.HAL_PCDEx_SetConnectionState
                0x08003dde        0x2 Src/usbd_conf.o
                0x08003dde                HAL_PCDEx_SetConnectionState
 .text.USBD_FS_DeviceDescriptor
                0x08003de0        0xc Src/usbd_desc.o
                0x08003de0                USBD_FS_DeviceDescriptor
 .text.USBD_FS_LangIDStrDescriptor
                0x08003dec        0xc Src/usbd_desc.o
                0x08003dec                USBD_FS_LangIDStrDescriptor
 .text.USBD_FS_ProductStrDescriptor
                0x08003df8       0x24 Src/usbd_desc.o
                0x08003df8                USBD_FS_ProductStrDescriptor
 .text.USBD_FS_ManufacturerStrDescriptor
                0x08003e1c       0x1c Src/usbd_desc.o
                0x08003e1c                USBD_FS_ManufacturerStrDescriptor
 .text.USBD_FS_SerialStrDescriptor
                0x08003e38       0x24 Src/usbd_desc.o
                0x08003e38                USBD_FS_SerialStrDescriptor
 .text.USBD_FS_ConfigStrDescriptor
                0x08003e5c       0x24 Src/usbd_desc.o
                0x08003e5c                USBD_FS_ConfigStrDescriptor
 .text.USBD_FS_InterfaceStrDescriptor
                0x08003e80       0x24 Src/usbd_desc.o
                0x08003e80                USBD_FS_InterfaceStrDescriptor
 .text.Reset_Handler
                0x08003ea4       0x48 startup/startup_stm32f103xb.o
                0x08003ea4                Reset_Handler
 .text.Default_Handler
                0x08003eec        0x2 startup/startup_stm32f103xb.o
                0x08003eec                RTC_Alarm_IRQHandler
                0x08003eec                EXTI2_IRQHandler
                0x08003eec                TIM1_CC_IRQHandler
                0x08003eec                PVD_IRQHandler
                0x08003eec                EXTI3_IRQHandler
                0x08003eec                EXTI0_IRQHandler
                0x08003eec                I2C2_EV_IRQHandler
                0x08003eec                ADC1_2_IRQHandler
                0x08003eec                SPI1_IRQHandler
                0x08003eec                TAMPER_IRQHandler
                0x08003eec                DMA1_Channel4_IRQHandler
                0x08003eec                USART3_IRQHandler
                0x08003eec                RTC_IRQHandler
                0x08003eec                DMA1_Channel7_IRQHandler
                0x08003eec                CAN1_RX1_IRQHandler
                0x08003eec                TIM4_IRQHandler
                0x08003eec                I2C1_EV_IRQHandler
                0x08003eec                DMA1_Channel6_IRQHandler
                0x08003eec                TIM3_IRQHandler
                0x08003eec                RCC_IRQHandler
                0x08003eec                TIM1_TRG_COM_IRQHandler
                0x08003eec                DMA1_Channel1_IRQHandler
                0x08003eec                Default_Handler
                0x08003eec                EXTI15_10_IRQHandler
                0x08003eec                EXTI9_5_IRQHandler
                0x08003eec                SPI2_IRQHandler
                0x08003eec                DMA1_Channel5_IRQHandler
                0x08003eec                EXTI4_IRQHandler
                0x08003eec                USB_HP_CAN1_TX_IRQHandler
                0x08003eec                DMA1_Channel3_IRQHandler
                0x08003eec                TIM1_UP_IRQHandler
                0x08003eec                WWDG_IRQHandler
                0x08003eec                TIM2_IRQHandler
                0x08003eec                TIM1_BRK_IRQHandler
                0x08003eec                EXTI1_IRQHandler
                0x08003eec                USART2_IRQHandler
                0x08003eec                I2C2_ER_IRQHandler
                0x08003eec                DMA1_Channel2_IRQHandler
                0x08003eec                CAN1_SCE_IRQHandler
                0x08003eec                FLASH_IRQHandler
                0x08003eec                USART1_IRQHandler
                0x08003eec                I2C1_ER_IRQHandler
                0x08003eec                USBWakeUp_IRQHandler
 *fill*         0x08003eee        0x2 
 .text.__libc_init_array
                0x08003ef0       0x48 c:/ac6/systemworkbench/plugins/fr.ac6.mcu.externaltools.arm-none.win32_1.17.0.201812190825/tools/compiler/bin/../lib/gcc/arm-none-eabi/7.3.1/../../../../arm-none-eabi/lib/thumb/v7-m\libc_nano.a(lib_a-init.o)
                0x08003ef0                __libc_init_array
 *(.glue_7)
 .glue_7        0x08003f38        0x0 linker stubs
 *(.glue_7t)
 .glue_7t       0x08003f38        0x0 linker stubs
 *(.eh_frame)
 .eh_frame      0x08003f38        0x0 c:/ac6/systemworkbench/plugins/fr.ac6.mcu.externaltools.arm-none.win32_1.17.0.201812190825/tools/compiler/bin/../lib/gcc/arm-none-eabi/7.3.1/thumb/v7-m/crtbegin.o
 *(.init)
 .init          0x08003f38        0x4 c:/ac6/systemworkbench/plugins/fr.ac6.mcu.externaltools.arm-none.win32_1.17.0.201812190825/tools/compiler/bin/../lib/gcc/arm-none-eabi/7.3.1/thumb/v7-m/crti.o
                0x08003f38                _init
 .init          0x08003f3c        0x8 c:/ac6/systemworkbench/plugins/fr.ac6.mcu.externaltools.arm-none.win32_1.17.0.201812190825/tools/compiler/bin/../lib/gcc/arm-none-eabi/7.3.1/thumb/v7-m/crtn.o
 *(.fini)
 .fini          0x08003f44        0x4 c:/ac6/systemworkbench/plugins/fr.ac6.mcu.externaltools.arm-none.win32_1.17.0.201812190825/tools/compiler/bin/../lib/gcc/arm-none-eabi/7.3.1/thumb/v7-m/crti.o
                0x08003f44                _fini
 .fini          0x08003f48        0x8 c:/ac6/systemworkbench/plugins/fr.ac6.mcu.externaltools.arm-none.win32_1.17.0.201812190825/tools/compiler/bin/../lib/gcc/arm-none-eabi/7.3.1/thumb/v7-m/crtn.o
                0x08003f50                . = ALIGN (0x4)
                0x08003f50                _etext = .

.vfp11_veneer   0x08003f50        0x0
 .vfp11_veneer  0x08003f50        0x0 linker stubs

.v4_bx          0x08003f50        0x0
 .v4_bx         0x08003f50        0x0 linker stubs

.iplt           0x08003f50        0x0
 .iplt          0x08003f50        0x0 c:/ac6/systemworkbench/plugins/fr.ac6.mcu.externaltools.arm-none.win32_1.17.0.201812190825/tools/compiler/bin/../lib/gcc/arm-none-eabi/7.3.1/thumb/v7-m/crtbegin.o

.rodata         0x08003f50       0xa8
                0x08003f50                . = ALIGN (0x4)
 *(.rodata)
 .rodata        0x08003f50       0x12 Drivers/STM32F1xx_HAL_Driver/Src/stm32f1xx_hal_rcc.o
 *fill*         0x08003f62        0x2 
 .rodata        0x08003f64       0x18 Src/system_stm32f1xx.o
                0x08003f64                AHBPrescTable
                0x08003f74                APBPrescTable
 *(.rodata*)
 .rodata.str1.4
                0x08003f7c        0xe Src/main.o
 *fill*         0x08003f8a        0x2 
 .rodata.str1.4
                0x08003f8c       0x13 Src/usbd_conf.o
 *fill*         0x08003f9f        0x1 
 .rodata.str1.4
                0x08003fa0       0x58 Src/usbd_desc.o
                                 0x56 (size before relaxing)
                0x08003ff8                . = ALIGN (0x4)

.rel.dyn        0x08003ff8        0x0
 .rel.iplt      0x08003ff8        0x0 c:/ac6/systemworkbench/plugins/fr.ac6.mcu.externaltools.arm-none.win32_1.17.0.201812190825/tools/compiler/bin/../lib/gcc/arm-none-eabi/7.3.1/thumb/v7-m/crtbegin.o

.ARM.extab
 *(.ARM.extab* .gnu.linkonce.armextab.*)

.ARM            0x08003ff8        0x0
                0x08003ff8                __exidx_start = .
 *(.ARM.exidx*)
                0x08003ff8                __exidx_end = .

.preinit_array  0x08003ff8        0x0
                0x08003ff8                PROVIDE (__preinit_array_start = .)
 *(.preinit_array*)
                0x08003ff8                PROVIDE (__preinit_array_end = .)

.init_array     0x08003ff8        0x4
                0x08003ff8                PROVIDE (__init_array_start = .)
 *(SORT_BY_NAME(.init_array.*))
 *(.init_array*)
 .init_array    0x08003ff8        0x4 c:/ac6/systemworkbench/plugins/fr.ac6.mcu.externaltools.arm-none.win32_1.17.0.201812190825/tools/compiler/bin/../lib/gcc/arm-none-eabi/7.3.1/thumb/v7-m/crtbegin.o
                0x08003ffc                PROVIDE (__init_array_end = .)

.fini_array     0x08003ffc        0x4
                [!provide]                PROVIDE (__fini_array_start = .)
 *(SORT_BY_NAME(.fini_array.*))
 *(.fini_array*)
 .fini_array    0x08003ffc        0x4 c:/ac6/systemworkbench/plugins/fr.ac6.mcu.externaltools.arm-none.win32_1.17.0.201812190825/tools/compiler/bin/../lib/gcc/arm-none-eabi/7.3.1/thumb/v7-m/crtbegin.o
                [!provide]                PROVIDE (__fini_array_end = .)
                0x08004000                _sidata = LOADADDR (.data)

.data           0x20000000      0x160 load address 0x08004000
                0x20000000                . = ALIGN (0x4)
                0x20000000                _sdata = .
 *(.data)
 .data          0x20000000        0x8 Drivers/STM32F1xx_HAL_Driver/Src/stm32f1xx_hal.o
                0x20000000                uwTickFreq
                0x20000004                uwTickPrio
 .data          0x20000008      0x110 Middlewares/ST/STM32_USB_Device_Library/Class/CDC/Src/usbd_cdc.o
                0x20000008                USBD_CDC_CfgFSDesc
                0x2000004c                USBD_CDC_CfgHSDesc
                0x20000090                USBD_CDC_OtherSpeedCfgDesc
                0x200000e0                USBD_CDC
 .data          0x20000118        0x4 Src/system_stm32f1xx.o
                0x20000118                SystemCoreClock
 .data          0x2000011c       0x10 Src/usbd_cdc_if.o
                0x2000011c                USBD_Interface_fops_FS
 .data          0x2000012c       0x34 Src/usbd_desc.o
                0x2000012c                USBD_FS_DeviceDesc
                0x20000140                USBD_LangIDDesc
                0x20000144                FS_Desc
 *(.data*)
                0x20000160                . = ALIGN (0x4)
                0x20000160                _edata = .

.igot.plt       0x20000160        0x0 load address 0x08004160
 .igot.plt      0x20000160        0x0 c:/ac6/systemworkbench/plugins/fr.ac6.mcu.externaltools.arm-none.win32_1.17.0.201812190825/tools/compiler/bin/../lib/gcc/arm-none-eabi/7.3.1/thumb/v7-m/crtbegin.o
                0x20000160                . = ALIGN (0x4)

.bss            0x20000160     0x1318 load address 0x08004160
                0x20000160                _sbss = .
                0x20000160                __bss_start__ = _sbss
 *(.bss)
 .bss           0x20000160       0x1c c:/ac6/systemworkbench/plugins/fr.ac6.mcu.externaltools.arm-none.win32_1.17.0.201812190825/tools/compiler/bin/../lib/gcc/arm-none-eabi/7.3.1/thumb/v7-m/crtbegin.o
 .bss           0x2000017c        0x1 Middlewares/ST/STM32_USB_Device_Library/Class/CDC/Src/usbd_cdc.o
 .bss           0x2000017d        0x1 Middlewares/ST/STM32_USB_Device_Library/Core/Src/usbd_ctlreq.o
 *fill*         0x2000017e        0x2 
 .bss           0x20000180      0x220 Src/usbd_conf.o
 *(.bss*)
 *(COMMON)
 COMMON         0x200003a0        0x4 Drivers/STM32F1xx_HAL_Driver/Src/stm32f1xx_hal.o
                0x200003a0                uwTick
 COMMON         0x200003a4       0x80 Src/main.o
                0x200003a4                nrf_init_result
                0x200003a8                hspi1
                0x20000400                nrf_tx_cfg
 COMMON         0x20000424      0x224 Src/usb_device.o
                0x20000424                hUsbDeviceFS
 COMMON         0x20000648      0x7d0 Src/usbd_cdc_if.o
                0x20000648                UserRxBufferFS
                0x20000a30                UserTxBufferFS
 COMMON         0x20000e18      0x460 Src/usbd_conf.o
                0x20000e18                hpcd_USB_FS
 COMMON         0x20001278      0x200 Src/usbd_desc.o
                0x20001278                USBD_StrDesc
                0x20001478                . = ALIGN (0x4)
                0x20001478                _ebss = .
                0x20001478                __bss_end__ = _ebss

._user_heap_stack
                0x20001478      0x600 load address 0x08004160
                0x20001478                . = ALIGN (0x8)
                [!provide]                PROVIDE (end = .)
                [!provide]                PROVIDE (_end = .)
                0x20001678                . = (. + _Min_Heap_Size)
 *fill*         0x20001478      0x200 
                0x20001a78                . = (. + _Min_Stack_Size)
 *fill*         0x20001678      0x400 
                0x20001a78                . = ALIGN (0x8)

/DISCARD/
 libc.a(*)
 libm.a(*)
 libgcc.a(*)

.ARM.attributes
                0x00000000       0x29
 *(.ARM.attributes)
 .ARM.attributes
                0x00000000       0x1d c:/ac6/systemworkbench/plugins/fr.ac6.mcu.externaltools.arm-none.win32_1.17.0.201812190825/tools/compiler/bin/../lib/gcc/arm-none-eabi/7.3.1/thumb/v7-m/crti.o
 .ARM.attributes
                0x0000001d       0x2d c:/ac6/systemworkbench/plugins/fr.ac6.mcu.externaltools.arm-none.win32_1.17.0.201812190825/tools/compiler/bin/../lib/gcc/arm-none-eabi/7.3.1/thumb/v7-m/crtbegin.o
 .ARM.attributes
                0x0000004a       0x33 Drivers/STM32F1xx_HAL_Driver/Src/stm32f1xx_hal.o
 .ARM.attributes
                0x0000007d       0x33 Drivers/STM32F1xx_HAL_Driver/Src/stm32f1xx_hal_cortex.o
 .ARM.attributes
                0x000000b0       0x33 Drivers/STM32F1xx_HAL_Driver/Src/stm32f1xx_hal_gpio.o
 .ARM.attributes
                0x000000e3       0x33 Drivers/STM32F1xx_HAL_Driver/Src/stm32f1xx_hal_pcd.o
 .ARM.attributes
                0x00000116       0x33 Drivers/STM32F1xx_HAL_Driver/Src/stm32f1xx_hal_pcd_ex.o
 .ARM.attributes
                0x00000149       0x33 Drivers/STM32F1xx_HAL_Driver/Src/stm32f1xx_hal_rcc.o
 .ARM.attributes
                0x0000017c       0x33 Drivers/STM32F1xx_HAL_Driver/Src/stm32f1xx_hal_rcc_ex.o
 .ARM.attributes
                0x000001af       0x33 Drivers/STM32F1xx_HAL_Driver/Src/stm32f1xx_hal_spi.o
 .ARM.attributes
                0x000001e2       0x33 Drivers/STM32F1xx_HAL_Driver/Src/stm32f1xx_hal_spi_ex.o
 .ARM.attributes
                0x00000215       0x33 Drivers/STM32F1xx_HAL_Driver/Src/stm32f1xx_ll_usb.o
 .ARM.attributes
                0x00000248       0x33 Middlewares/ST/STM32_USB_Device_Library/Class/CDC/Src/usbd_cdc.o
 .ARM.attributes
                0x0000027b       0x33 Middlewares/ST/STM32_USB_Device_Library/Core/Src/usbd_core.o
 .ARM.attributes
                0x000002ae       0x33 Middlewares/ST/STM32_USB_Device_Library/Core/Src/usbd_ctlreq.o
 .ARM.attributes
                0x000002e1       0x33 Middlewares/ST/STM32_USB_Device_Library/Core/Src/usbd_ioreq.o
 .ARM.attributes
                0x00000314       0x33 Src/main.o
 .ARM.attributes
                0x00000347       0x33 Src/stm32f1xx_hal_msp.o
 .ARM.attributes
                0x0000037a       0x33 Src/stm32f1xx_it.o
 .ARM.attributes
                0x000003ad       0x33 Src/system_stm32f1xx.o
 .ARM.attributes
                0x000003e0       0x33 Src/tm2_stm32_nrf24l01.o
 .ARM.attributes
                0x00000413       0x33 Src/usb_device.o
 .ARM.attributes
                0x00000446       0x33 Src/usbd_cdc_if.o
 .ARM.attributes
                0x00000479       0x33 Src/usbd_conf.o
 .ARM.attributes
                0x000004ac       0x33 Src/usbd_desc.o
 .ARM.attributes
                0x000004df       0x21 startup/startup_stm32f103xb.o
 .ARM.attributes
                0x00000500       0x2d c:/ac6/systemworkbench/plugins/fr.ac6.mcu.externaltools.arm-none.win32_1.17.0.201812190825/tools/compiler/bin/../lib/gcc/arm-none-eabi/7.3.1/../../../../arm-none-eabi/lib/thumb/v7-m\libc_nano.a(lib_a-init.o)
 .ARM.attributes
                0x0000052d       0x1d c:/ac6/systemworkbench/plugins/fr.ac6.mcu.externaltools.arm-none.win32_1.17.0.201812190825/tools/compiler/bin/../lib/gcc/arm-none-eabi/7.3.1/thumb/v7-m/crtn.o
OUTPUT(water_s_joystick.elf elf32-littlearm)

.debug_info     0x00000000    0x1ce83
 .debug_info    0x00000000      0xfa6 Drivers/STM32F1xx_HAL_Driver/Src/stm32f1xx_hal.o
 .debug_info    0x00000fa6     0x1475 Drivers/STM32F1xx_HAL_Driver/Src/stm32f1xx_hal_cortex.o
 .debug_info    0x0000241b      0xe87 Drivers/STM32F1xx_HAL_Driver/Src/stm32f1xx_hal_gpio.o
 .debug_info    0x000032a2     0x19d2 Drivers/STM32F1xx_HAL_Driver/Src/stm32f1xx_hal_pcd.o
 .debug_info    0x00004c74      0xe0d Drivers/STM32F1xx_HAL_Driver/Src/stm32f1xx_hal_pcd_ex.o
 .debug_info    0x00005a81     0x11ef Drivers/STM32F1xx_HAL_Driver/Src/stm32f1xx_hal_rcc.o
 .debug_info    0x00006c70      0xc67 Drivers/STM32F1xx_HAL_Driver/Src/stm32f1xx_hal_rcc_ex.o
 .debug_info    0x000078d7     0x214d Drivers/STM32F1xx_HAL_Driver/Src/stm32f1xx_hal_spi.o
 .debug_info    0x00009a24      0xe25 Drivers/STM32F1xx_HAL_Driver/Src/stm32f1xx_hal_spi_ex.o
 .debug_info    0x0000a849     0x172c Drivers/STM32F1xx_HAL_Driver/Src/stm32f1xx_ll_usb.o
 .debug_info    0x0000bf75     0x1583 Middlewares/ST/STM32_USB_Device_Library/Class/CDC/Src/usbd_cdc.o
 .debug_info    0x0000d4f8     0x14ab Middlewares/ST/STM32_USB_Device_Library/Core/Src/usbd_core.o
 .debug_info    0x0000e9a3     0x166a Middlewares/ST/STM32_USB_Device_Library/Core/Src/usbd_ctlreq.o
 .debug_info    0x0001000d      0xfd4 Middlewares/ST/STM32_USB_Device_Library/Core/Src/usbd_ioreq.o
 .debug_info    0x00010fe1     0x1f47 Src/main.o
 .debug_info    0x00012f28     0x12cd Src/stm32f1xx_hal_msp.o
 .debug_info    0x000141f5      0xe3a Src/stm32f1xx_it.o
 .debug_info    0x0001502f      0xc15 Src/system_stm32f1xx.o
 .debug_info    0x00015c44     0x24e3 Src/tm2_stm32_nrf24l01.o
 .debug_info    0x00018127      0xe8b Src/usb_device.o
 .debug_info    0x00018fb2     0x10da Src/usbd_cdc_if.o
 .debug_info    0x0001a08c     0x2076 Src/usbd_conf.o
 .debug_info    0x0001c102      0xd5f Src/usbd_desc.o
 .debug_info    0x0001ce61       0x22 startup/startup_stm32f103xb.o

.debug_abbrev   0x00000000     0x3f52
 .debug_abbrev  0x00000000      0x2f4 Drivers/STM32F1xx_HAL_Driver/Src/stm32f1xx_hal.o
 .debug_abbrev  0x000002f4      0x3cd Drivers/STM32F1xx_HAL_Driver/Src/stm32f1xx_hal_cortex.o
 .debug_abbrev  0x000006c1      0x2a7 Drivers/STM32F1xx_HAL_Driver/Src/stm32f1xx_hal_gpio.o
 .debug_abbrev  0x00000968      0x357 Drivers/STM32F1xx_HAL_Driver/Src/stm32f1xx_hal_pcd.o
 .debug_abbrev  0x00000cbf      0x232 Drivers/STM32F1xx_HAL_Driver/Src/stm32f1xx_hal_pcd_ex.o
 .debug_abbrev  0x00000ef1      0x335 Drivers/STM32F1xx_HAL_Driver/Src/stm32f1xx_hal_rcc.o
 .debug_abbrev  0x00001226      0x2b4 Drivers/STM32F1xx_HAL_Driver/Src/stm32f1xx_hal_rcc_ex.o
 .debug_abbrev  0x000014da      0x2e1 Drivers/STM32F1xx_HAL_Driver/Src/stm32f1xx_hal_spi.o
 .debug_abbrev  0x000017bb      0x209 Drivers/STM32F1xx_HAL_Driver/Src/stm32f1xx_hal_spi_ex.o
 .debug_abbrev  0x000019c4      0x2c3 Drivers/STM32F1xx_HAL_Driver/Src/stm32f1xx_ll_usb.o
 .debug_abbrev  0x00001c87      0x31d Middlewares/ST/STM32_USB_Device_Library/Class/CDC/Src/usbd_cdc.o
 .debug_abbrev  0x00001fa4      0x2ac Middlewares/ST/STM32_USB_Device_Library/Core/Src/usbd_core.o
 .debug_abbrev  0x00002250      0x329 Middlewares/ST/STM32_USB_Device_Library/Core/Src/usbd_ctlreq.o
 .debug_abbrev  0x00002579      0x215 Middlewares/ST/STM32_USB_Device_Library/Core/Src/usbd_ioreq.o
 .debug_abbrev  0x0000278e      0x359 Src/main.o
 .debug_abbrev  0x00002ae7      0x254 Src/stm32f1xx_hal_msp.o
 .debug_abbrev  0x00002d3b      0x21d Src/stm32f1xx_it.o
 .debug_abbrev  0x00002f58      0x228 Src/system_stm32f1xx.o
 .debug_abbrev  0x00003180      0x336 Src/tm2_stm32_nrf24l01.o
 .debug_abbrev  0x000034b6      0x218 Src/usb_device.o
 .debug_abbrev  0x000036ce      0x2df Src/usbd_cdc_if.o
 .debug_abbrev  0x000039ad      0x31c Src/usbd_conf.o
 .debug_abbrev  0x00003cc9      0x277 Src/usbd_desc.o
 .debug_abbrev  0x00003f40       0x12 startup/startup_stm32f103xb.o

.debug_loc      0x00000000     0x75ad
 .debug_loc     0x00000000       0xfd Drivers/STM32F1xx_HAL_Driver/Src/stm32f1xx_hal.o
 .debug_loc     0x000000fd      0x5ad Drivers/STM32F1xx_HAL_Driver/Src/stm32f1xx_hal_cortex.o
 .debug_loc     0x000006aa      0x44e Drivers/STM32F1xx_HAL_Driver/Src/stm32f1xx_hal_gpio.o
 .debug_loc     0x00000af8      0xa6c Drivers/STM32F1xx_HAL_Driver/Src/stm32f1xx_hal_pcd.o
 .debug_loc     0x00001564       0xf4 Drivers/STM32F1xx_HAL_Driver/Src/stm32f1xx_hal_pcd_ex.o
 .debug_loc     0x00001658      0x4f6 Drivers/STM32F1xx_HAL_Driver/Src/stm32f1xx_hal_rcc.o
 .debug_loc     0x00001b4e      0x2d0 Drivers/STM32F1xx_HAL_Driver/Src/stm32f1xx_hal_rcc_ex.o
 .debug_loc     0x00001e1e     0x1958 Drivers/STM32F1xx_HAL_Driver/Src/stm32f1xx_hal_spi.o
 .debug_loc     0x00003776       0x4d Drivers/STM32F1xx_HAL_Driver/Src/stm32f1xx_hal_spi_ex.o
 .debug_loc     0x000037c3      0xc0d Drivers/STM32F1xx_HAL_Driver/Src/stm32f1xx_ll_usb.o
 .debug_loc     0x000043d0      0x4a4 Middlewares/ST/STM32_USB_Device_Library/Class/CDC/Src/usbd_cdc.o
 .debug_loc     0x00004874      0x6f8 Middlewares/ST/STM32_USB_Device_Library/Core/Src/usbd_core.o
 .debug_loc     0x00004f6c      0xb38 Middlewares/ST/STM32_USB_Device_Library/Core/Src/usbd_ctlreq.o
 .debug_loc     0x00005aa4      0x23c Middlewares/ST/STM32_USB_Device_Library/Core/Src/usbd_ioreq.o
 .debug_loc     0x00005ce0       0xa4 Src/main.o
 .debug_loc     0x00005d84       0x5b Src/stm32f1xx_hal_msp.o
 .debug_loc     0x00005ddf       0xdf Src/system_stm32f1xx.o
 .debug_loc     0x00005ebe      0x7a8 Src/tm2_stm32_nrf24l01.o
 .debug_loc     0x00006666      0x13d Src/usbd_cdc_if.o
 .debug_loc     0x000067a3      0xb53 Src/usbd_conf.o
 .debug_loc     0x000072f6      0x2b7 Src/usbd_desc.o

.debug_aranges  0x00000000      0xcc0
 .debug_aranges
                0x00000000       0xd0 Drivers/STM32F1xx_HAL_Driver/Src/stm32f1xx_hal.o
 .debug_aranges
                0x000000d0       0x90 Drivers/STM32F1xx_HAL_Driver/Src/stm32f1xx_hal_cortex.o
 .debug_aranges
                0x00000160       0x58 Drivers/STM32F1xx_HAL_Driver/Src/stm32f1xx_hal_gpio.o
 .debug_aranges
                0x000001b8      0x120 Drivers/STM32F1xx_HAL_Driver/Src/stm32f1xx_hal_pcd.o
 .debug_aranges
                0x000002d8       0x28 Drivers/STM32F1xx_HAL_Driver/Src/stm32f1xx_hal_pcd_ex.o
 .debug_aranges
                0x00000300       0x90 Drivers/STM32F1xx_HAL_Driver/Src/stm32f1xx_hal_rcc.o
 .debug_aranges
                0x00000390       0x30 Drivers/STM32F1xx_HAL_Driver/Src/stm32f1xx_hal_rcc_ex.o
 .debug_aranges
                0x000003c0      0x1d0 Drivers/STM32F1xx_HAL_Driver/Src/stm32f1xx_hal_spi.o
 .debug_aranges
                0x00000590       0x20 Drivers/STM32F1xx_HAL_Driver/Src/stm32f1xx_hal_spi_ex.o
 .debug_aranges
                0x000005b0      0x100 Drivers/STM32F1xx_HAL_Driver/Src/stm32f1xx_ll_usb.o
 .debug_aranges
                0x000006b0       0x90 Middlewares/ST/STM32_USB_Device_Library/Class/CDC/Src/usbd_cdc.o
 .debug_aranges
                0x00000740       0xb8 Middlewares/ST/STM32_USB_Device_Library/Core/Src/usbd_core.o
 .debug_aranges
                0x000007f8       0x88 Middlewares/ST/STM32_USB_Device_Library/Core/Src/usbd_ctlreq.o
 .debug_aranges
                0x00000880       0x50 Middlewares/ST/STM32_USB_Device_Library/Core/Src/usbd_ioreq.o
 .debug_aranges
                0x000008d0       0x50 Src/main.o
 .debug_aranges
                0x00000920       0x30 Src/stm32f1xx_hal_msp.o
 .debug_aranges
                0x00000950       0x68 Src/stm32f1xx_it.o
 .debug_aranges
                0x000009b8       0x28 Src/system_stm32f1xx.o
 .debug_aranges
                0x000009e0       0xf8 Src/tm2_stm32_nrf24l01.o
 .debug_aranges
                0x00000ad8       0x20 Src/usb_device.o
 .debug_aranges
                0x00000af8       0x40 Src/usbd_cdc_if.o
 .debug_aranges
                0x00000b38      0x110 Src/usbd_conf.o
 .debug_aranges
                0x00000c48       0x50 Src/usbd_desc.o
 .debug_aranges
                0x00000c98       0x28 startup/startup_stm32f103xb.o

.debug_ranges   0x00000000      0xd00
 .debug_ranges  0x00000000       0xc0 Drivers/STM32F1xx_HAL_Driver/Src/stm32f1xx_hal.o
 .debug_ranges  0x000000c0       0xe0 Drivers/STM32F1xx_HAL_Driver/Src/stm32f1xx_hal_cortex.o
 .debug_ranges  0x000001a0       0x48 Drivers/STM32F1xx_HAL_Driver/Src/stm32f1xx_hal_gpio.o
 .debug_ranges  0x000001e8      0x140 Drivers/STM32F1xx_HAL_Driver/Src/stm32f1xx_hal_pcd.o
 .debug_ranges  0x00000328       0x18 Drivers/STM32F1xx_HAL_Driver/Src/stm32f1xx_hal_pcd_ex.o
 .debug_ranges  0x00000340       0xa0 Drivers/STM32F1xx_HAL_Driver/Src/stm32f1xx_hal_rcc.o
 .debug_ranges  0x000003e0       0x38 Drivers/STM32F1xx_HAL_Driver/Src/stm32f1xx_hal_rcc_ex.o
 .debug_ranges  0x00000418      0x1c0 Drivers/STM32F1xx_HAL_Driver/Src/stm32f1xx_hal_spi.o
 .debug_ranges  0x000005d8       0x10 Drivers/STM32F1xx_HAL_Driver/Src/stm32f1xx_hal_spi_ex.o
 .debug_ranges  0x000005e8      0x1e0 Drivers/STM32F1xx_HAL_Driver/Src/stm32f1xx_ll_usb.o
 .debug_ranges  0x000007c8       0x80 Middlewares/ST/STM32_USB_Device_Library/Class/CDC/Src/usbd_cdc.o
 .debug_ranges  0x00000848       0xa8 Middlewares/ST/STM32_USB_Device_Library/Core/Src/usbd_core.o
 .debug_ranges  0x000008f0       0x78 Middlewares/ST/STM32_USB_Device_Library/Core/Src/usbd_ctlreq.o
 .debug_ranges  0x00000968       0x40 Middlewares/ST/STM32_USB_Device_Library/Core/Src/usbd_ioreq.o
 .debug_ranges  0x000009a8       0x40 Src/main.o
 .debug_ranges  0x000009e8       0x20 Src/stm32f1xx_hal_msp.o
 .debug_ranges  0x00000a08       0x58 Src/stm32f1xx_it.o
 .debug_ranges  0x00000a60       0x18 Src/system_stm32f1xx.o
 .debug_ranges  0x00000a78       0xe8 Src/tm2_stm32_nrf24l01.o
 .debug_ranges  0x00000b60       0x10 Src/usb_device.o
 .debug_ranges  0x00000b70       0x30 Src/usbd_cdc_if.o
 .debug_ranges  0x00000ba0      0x100 Src/usbd_conf.o
 .debug_ranges  0x00000ca0       0x40 Src/usbd_desc.o
 .debug_ranges  0x00000ce0       0x20 startup/startup_stm32f103xb.o

.debug_macro    0x00000000    0x17f96
 .debug_macro   0x00000000      0x327 Drivers/STM32F1xx_HAL_Driver/Src/stm32f1xx_hal.o
 .debug_macro   0x00000327      0xa60 Drivers/STM32F1xx_HAL_Driver/Src/stm32f1xx_hal.o
 .debug_macro   0x00000d87       0x64 Drivers/STM32F1xx_HAL_Driver/Src/stm32f1xx_hal.o
 .debug_macro   0x00000deb      0x169 Drivers/STM32F1xx_HAL_Driver/Src/stm32f1xx_hal.o
 .debug_macro   0x00000f54       0x2e Drivers/STM32F1xx_HAL_Driver/Src/stm32f1xx_hal.o
 .debug_macro   0x00000f82       0x22 Drivers/STM32F1xx_HAL_Driver/Src/stm32f1xx_hal.o
 .debug_macro   0x00000fa4       0x22 Drivers/STM32F1xx_HAL_Driver/Src/stm32f1xx_hal.o
 .debug_macro   0x00000fc6       0x8e Drivers/STM32F1xx_HAL_Driver/Src/stm32f1xx_hal.o
 .debug_macro   0x00001054       0x51 Drivers/STM32F1xx_HAL_Driver/Src/stm32f1xx_hal.o
 .debug_macro   0x000010a5       0xef Drivers/STM32F1xx_HAL_Driver/Src/stm32f1xx_hal.o
 .debug_macro   0x00001194       0x6a Drivers/STM32F1xx_HAL_Driver/Src/stm32f1xx_hal.o
 .debug_macro   0x000011fe      0x1df Drivers/STM32F1xx_HAL_Driver/Src/stm32f1xx_hal.o
 .debug_macro   0x000013dd       0x34 Drivers/STM32F1xx_HAL_Driver/Src/stm32f1xx_hal.o
 .debug_macro   0x00001411       0x34 Drivers/STM32F1xx_HAL_Driver/Src/stm32f1xx_hal.o
 .debug_macro   0x00001445      0xb8e Drivers/STM32F1xx_HAL_Driver/Src/stm32f1xx_hal.o
 .debug_macro   0x00001fd3     0xe90a Drivers/STM32F1xx_HAL_Driver/Src/stm32f1xx_hal.o
 .debug_macro   0x000108dd       0x43 Drivers/STM32F1xx_HAL_Driver/Src/stm32f1xx_hal.o
 .debug_macro   0x00010920       0x5e Drivers/STM32F1xx_HAL_Driver/Src/stm32f1xx_hal.o
 .debug_macro   0x0001097e       0x18 Drivers/STM32F1xx_HAL_Driver/Src/stm32f1xx_hal.o
 .debug_macro   0x00010996       0x35 Drivers/STM32F1xx_HAL_Driver/Src/stm32f1xx_hal.o
 .debug_macro   0x000109cb       0x34 Drivers/STM32F1xx_HAL_Driver/Src/stm32f1xx_hal.o
 .debug_macro   0x000109ff       0x16 Drivers/STM32F1xx_HAL_Driver/Src/stm32f1xx_hal.o
 .debug_macro   0x00010a15       0x97 Drivers/STM32F1xx_HAL_Driver/Src/stm32f1xx_hal.o
 .debug_macro   0x00010aac      0x330 Drivers/STM32F1xx_HAL_Driver/Src/stm32f1xx_hal.o
 .debug_macro   0x00010ddc       0xfd Drivers/STM32F1xx_HAL_Driver/Src/stm32f1xx_hal.o
 .debug_macro   0x00010ed9       0x10 Drivers/STM32F1xx_HAL_Driver/Src/stm32f1xx_hal.o
 .debug_macro   0x00010ee9       0x58 Drivers/STM32F1xx_HAL_Driver/Src/stm32f1xx_hal.o
 .debug_macro   0x00010f41       0x1f Drivers/STM32F1xx_HAL_Driver/Src/stm32f1xx_hal.o
 .debug_macro   0x00010f60       0x43 Drivers/STM32F1xx_HAL_Driver/Src/stm32f1xx_hal.o
 .debug_macro   0x00010fa3       0x20 Drivers/STM32F1xx_HAL_Driver/Src/stm32f1xx_hal.o
 .debug_macro   0x00010fc3      0x18e Drivers/STM32F1xx_HAL_Driver/Src/stm32f1xx_hal.o
 .debug_macro   0x00011151       0x10 Drivers/STM32F1xx_HAL_Driver/Src/stm32f1xx_hal.o
 .debug_macro   0x00011161       0x1c Drivers/STM32F1xx_HAL_Driver/Src/stm32f1xx_hal.o
 .debug_macro   0x0001117d       0x52 Drivers/STM32F1xx_HAL_Driver/Src/stm32f1xx_hal.o
 .debug_macro   0x000111cf       0x40 Drivers/STM32F1xx_HAL_Driver/Src/stm32f1xx_hal.o
 .debug_macro   0x0001120f       0x10 Drivers/STM32F1xx_HAL_Driver/Src/stm32f1xx_hal.o
 .debug_macro   0x0001121f       0x40 Drivers/STM32F1xx_HAL_Driver/Src/stm32f1xx_hal.o
 .debug_macro   0x0001125f       0xd7 Drivers/STM32F1xx_HAL_Driver/Src/stm32f1xx_hal.o
 .debug_macro   0x00011336       0x1c Drivers/STM32F1xx_HAL_Driver/Src/stm32f1xx_hal.o
 .debug_macro   0x00011352       0x3d Drivers/STM32F1xx_HAL_Driver/Src/stm32f1xx_hal.o
 .debug_macro   0x0001138f       0x16 Drivers/STM32F1xx_HAL_Driver/Src/stm32f1xx_hal.o
 .debug_macro   0x000113a5      0x16f Drivers/STM32F1xx_HAL_Driver/Src/stm32f1xx_hal.o
 .debug_macro   0x00011514       0x50 Drivers/STM32F1xx_HAL_Driver/Src/stm32f1xx_hal.o
 .debug_macro   0x00011564      0x5c2 Drivers/STM32F1xx_HAL_Driver/Src/stm32f1xx_hal.o
 .debug_macro   0x00011b26      0x28a Drivers/STM32F1xx_HAL_Driver/Src/stm32f1xx_hal.o
 .debug_macro   0x00011db0      0x1cb Drivers/STM32F1xx_HAL_Driver/Src/stm32f1xx_hal.o
 .debug_macro   0x00011f7b      0x11e Drivers/STM32F1xx_HAL_Driver/Src/stm32f1xx_hal.o
 .debug_macro   0x00012099      0x1b3 Drivers/STM32F1xx_HAL_Driver/Src/stm32f1xx_hal.o
 .debug_macro   0x0001224c       0x27 Drivers/STM32F1xx_HAL_Driver/Src/stm32f1xx_hal.o
 .debug_macro   0x00012273      0x1bc Drivers/STM32F1xx_HAL_Driver/Src/stm32f1xx_hal.o
 .debug_macro   0x0001242f       0x34 Drivers/STM32F1xx_HAL_Driver/Src/stm32f1xx_hal.o
 .debug_macro   0x00012463       0x3c Drivers/STM32F1xx_HAL_Driver/Src/stm32f1xx_hal.o
 .debug_macro   0x0001249f       0x57 Drivers/STM32F1xx_HAL_Driver/Src/stm32f1xx_hal.o
 .debug_macro   0x000124f6       0x8c Drivers/STM32F1xx_HAL_Driver/Src/stm32f1xx_hal.o
 .debug_macro   0x00012582      0x242 Drivers/STM32F1xx_HAL_Driver/Src/stm32f1xx_hal.o
 .debug_macro   0x000127c4      0x143 Drivers/STM32F1xx_HAL_Driver/Src/stm32f1xx_hal.o
 .debug_macro   0x00012907      0x1f4 Drivers/STM32F1xx_HAL_Driver/Src/stm32f1xx_hal.o
 .debug_macro   0x00012afb       0x50 Drivers/STM32F1xx_HAL_Driver/Src/stm32f1xx_hal.o
 .debug_macro   0x00012b4b      0x26c Drivers/STM32F1xx_HAL_Driver/Src/stm32f1xx_hal.o
 .debug_macro   0x00012db7       0x83 Drivers/STM32F1xx_HAL_Driver/Src/stm32f1xx_hal.o
 .debug_macro   0x00012e3a      0x303 Drivers/STM32F1xx_HAL_Driver/Src/stm32f1xx_hal_cortex.o
 .debug_macro   0x0001313d      0x373 Drivers/STM32F1xx_HAL_Driver/Src/stm32f1xx_hal_gpio.o
 .debug_macro   0x000134b0      0x30f Drivers/STM32F1xx_HAL_Driver/Src/stm32f1xx_hal_pcd.o
 .debug_macro   0x000137bf      0x303 Drivers/STM32F1xx_HAL_Driver/Src/stm32f1xx_hal_pcd_ex.o
 .debug_macro   0x00013ac2      0x315 Drivers/STM32F1xx_HAL_Driver/Src/stm32f1xx_hal_rcc.o
 .debug_macro   0x00013dd7      0x303 Drivers/STM32F1xx_HAL_Driver/Src/stm32f1xx_hal_rcc_ex.o
 .debug_macro   0x000140da      0x30b Drivers/STM32F1xx_HAL_Driver/Src/stm32f1xx_hal_spi.o
 .debug_macro   0x000143e5      0x303 Drivers/STM32F1xx_HAL_Driver/Src/stm32f1xx_hal_spi_ex.o
 .debug_macro   0x000146e8      0x303 Drivers/STM32F1xx_HAL_Driver/Src/stm32f1xx_ll_usb.o
 .debug_macro   0x000149eb      0x3c3 Middlewares/ST/STM32_USB_Device_Library/Class/CDC/Src/usbd_cdc.o
 .debug_macro   0x00014dae       0x58 Middlewares/ST/STM32_USB_Device_Library/Class/CDC/Src/usbd_cdc.o
 .debug_macro   0x00014e06       0x94 Middlewares/ST/STM32_USB_Device_Library/Class/CDC/Src/usbd_cdc.o
 .debug_macro   0x00014e9a       0x57 Middlewares/ST/STM32_USB_Device_Library/Class/CDC/Src/usbd_cdc.o
 .debug_macro   0x00014ef1       0x16 Middlewares/ST/STM32_USB_Device_Library/Class/CDC/Src/usbd_cdc.o
 .debug_macro   0x00014f07       0x35 Middlewares/ST/STM32_USB_Device_Library/Class/CDC/Src/usbd_cdc.o
 .debug_macro   0x00014f3c       0x16 Middlewares/ST/STM32_USB_Device_Library/Class/CDC/Src/usbd_cdc.o
 .debug_macro   0x00014f52       0x29 Middlewares/ST/STM32_USB_Device_Library/Class/CDC/Src/usbd_cdc.o
 .debug_macro   0x00014f7b       0x16 Middlewares/ST/STM32_USB_Device_Library/Class/CDC/Src/usbd_cdc.o
 .debug_macro   0x00014f91       0x6a Middlewares/ST/STM32_USB_Device_Library/Class/CDC/Src/usbd_cdc.o
 .debug_macro   0x00014ffb      0x1c3 Middlewares/ST/STM32_USB_Device_Library/Class/CDC/Src/usbd_cdc.o
 .debug_macro   0x000151be       0x83 Middlewares/ST/STM32_USB_Device_Library/Class/CDC/Src/usbd_cdc.o
 .debug_macro   0x00015241      0x3aa Middlewares/ST/STM32_USB_Device_Library/Core/Src/usbd_core.o
 .debug_macro   0x000155eb      0x3aa Middlewares/ST/STM32_USB_Device_Library/Core/Src/usbd_ctlreq.o
 .debug_macro   0x00015995      0x3a6 Middlewares/ST/STM32_USB_Device_Library/Core/Src/usbd_ioreq.o
 .debug_macro   0x00015d3b      0x39b Src/main.o
 .debug_macro   0x000160d6      0x344 Src/main.o
 .debug_macro   0x0001641a      0x303 Src/stm32f1xx_hal_msp.o
 .debug_macro   0x0001671d      0x30d Src/stm32f1xx_it.o
 .debug_macro   0x00016a2a      0x309 Src/system_stm32f1xx.o
 .debug_macro   0x00016d33      0x310 Src/tm2_stm32_nrf24l01.o
 .debug_macro   0x00017043      0x3e1 Src/usb_device.o
 .debug_macro   0x00017424      0x3cb Src/usbd_cdc_if.o
 .debug_macro   0x000177ef      0x3c3 Src/usbd_conf.o
 .debug_macro   0x00017bb2      0x3e4 Src/usbd_desc.o

.debug_line     0x00000000     0xde41
 .debug_line    0x00000000      0x8ff Drivers/STM32F1xx_HAL_Driver/Src/stm32f1xx_hal.o
 .debug_line    0x000008ff      0x917 Drivers/STM32F1xx_HAL_Driver/Src/stm32f1xx_hal_cortex.o
 .debug_line    0x00001216      0x8fc Drivers/STM32F1xx_HAL_Driver/Src/stm32f1xx_hal_gpio.o
 .debug_line    0x00001b12      0xc2c Drivers/STM32F1xx_HAL_Driver/Src/stm32f1xx_hal_pcd.o
 .debug_line    0x0000273e      0x77b Drivers/STM32F1xx_HAL_Driver/Src/stm32f1xx_hal_pcd_ex.o
 .debug_line    0x00002eb9      0xa19 Drivers/STM32F1xx_HAL_Driver/Src/stm32f1xx_hal_rcc.o
 .debug_line    0x000038d2      0x805 Drivers/STM32F1xx_HAL_Driver/Src/stm32f1xx_hal_rcc_ex.o
 .debug_line    0x000040d7     0x1146 Drivers/STM32F1xx_HAL_Driver/Src/stm32f1xx_hal_spi.o
 .debug_line    0x0000521d      0x778 Drivers/STM32F1xx_HAL_Driver/Src/stm32f1xx_hal_spi_ex.o
 .debug_line    0x00005995      0xb76 Drivers/STM32F1xx_HAL_Driver/Src/stm32f1xx_ll_usb.o
 .debug_line    0x0000650b      0xa65 Middlewares/ST/STM32_USB_Device_Library/Class/CDC/Src/usbd_cdc.o
 .debug_line    0x00006f70      0xa5b Middlewares/ST/STM32_USB_Device_Library/Core/Src/usbd_core.o
 .debug_line    0x000079cb      0xa79 Middlewares/ST/STM32_USB_Device_Library/Core/Src/usbd_ctlreq.o
 .debug_line    0x00008444      0x8de Middlewares/ST/STM32_USB_Device_Library/Core/Src/usbd_ioreq.o
 .debug_line    0x00008d22      0x96b Src/main.o
 .debug_line    0x0000968d      0x77d Src/stm32f1xx_hal_msp.o
 .debug_line    0x00009e0a      0x7e1 Src/stm32f1xx_it.o
 .debug_line    0x0000a5eb      0x77c Src/system_stm32f1xx.o
 .debug_line    0x0000ad67      0xa31 Src/tm2_stm32_nrf24l01.o
 .debug_line    0x0000b798      0x8e6 Src/usb_device.o
 .debug_line    0x0000c07e      0x929 Src/usbd_cdc_if.o
 .debug_line    0x0000c9a7      0xb56 Src/usbd_conf.o
 .debug_line    0x0000d4fd      0x8c7 Src/usbd_desc.o
 .debug_line    0x0000ddc4       0x7d startup/startup_stm32f103xb.o

.debug_str      0x00000000    0x6ffbf
 .debug_str     0x00000000    0x6b17a Drivers/STM32F1xx_HAL_Driver/Src/stm32f1xx_hal.o
                              0x6b553 (size before relaxing)
 .debug_str     0x0006b17a      0x2e1 Drivers/STM32F1xx_HAL_Driver/Src/stm32f1xx_hal_cortex.o
                              0x6b4a8 (size before relaxing)
 .debug_str     0x0006b45b      0x3a3 Drivers/STM32F1xx_HAL_Driver/Src/stm32f1xx_hal_gpio.o
                              0x6b1ef (size before relaxing)
 .debug_str     0x0006b7fe      0x811 Drivers/STM32F1xx_HAL_Driver/Src/stm32f1xx_hal_pcd.o
                              0x6b65d (size before relaxing)
 .debug_str     0x0006c00f       0x57 Drivers/STM32F1xx_HAL_Driver/Src/stm32f1xx_hal_pcd_ex.o
                              0x6b13a (size before relaxing)
 .debug_str     0x0006c066      0x368 Drivers/STM32F1xx_HAL_Driver/Src/stm32f1xx_hal_rcc.o
                              0x6b244 (size before relaxing)
 .debug_str     0x0006c3ce      0x12b Drivers/STM32F1xx_HAL_Driver/Src/stm32f1xx_hal_rcc_ex.o
                              0x6afd0 (size before relaxing)
 .debug_str     0x0006c4f9      0x86f Drivers/STM32F1xx_HAL_Driver/Src/stm32f1xx_hal_spi.o
                              0x6b701 (size before relaxing)
 .debug_str     0x0006cd68       0x3b Drivers/STM32F1xx_HAL_Driver/Src/stm32f1xx_hal_spi_ex.o
                              0x6b1d0 (size before relaxing)
 .debug_str     0x0006cda3      0x151 Drivers/STM32F1xx_HAL_Driver/Src/stm32f1xx_ll_usb.o
                              0x6b30d (size before relaxing)
 .debug_str     0x0006cef4     0x12b3 Middlewares/ST/STM32_USB_Device_Library/Class/CDC/Src/usbd_cdc.o
                              0x6c190 (size before relaxing)
 .debug_str     0x0006e1a7      0x294 Middlewares/ST/STM32_USB_Device_Library/Core/Src/usbd_core.o
                              0x6be51 (size before relaxing)
 .debug_str     0x0006e43b      0x12e Middlewares/ST/STM32_USB_Device_Library/Core/Src/usbd_ctlreq.o
                              0x6bd6b (size before relaxing)
 .debug_str     0x0006e569       0x51 Middlewares/ST/STM32_USB_Device_Library/Core/Src/usbd_ioreq.o
                              0x6bc98 (size before relaxing)
 .debug_str     0x0006e5ba     0x12e1 Src/main.o
                              0x6d7e9 (size before relaxing)
 .debug_str     0x0006f89b       0x1b Src/stm32f1xx_hal_msp.o
                              0x6b565 (size before relaxing)
 .debug_str     0x0006f8b6       0xc4 Src/stm32f1xx_it.o
                              0x6b190 (size before relaxing)
 .debug_str     0x0006f97a       0x69 Src/system_stm32f1xx.o
                              0x6ae9a (size before relaxing)
 .debug_str     0x0006f9e3      0x266 Src/tm2_stm32_nrf24l01.o
                              0x6c635 (size before relaxing)
 .debug_str     0x0006fc49       0x3e Src/usb_device.o
                              0x6bf08 (size before relaxing)
 .debug_str     0x0006fc87       0x97 Src/usbd_cdc_if.o
                              0x6c024 (size before relaxing)
 .debug_str     0x0006fd1e       0x51 Src/usbd_conf.o
                              0x6c9d1 (size before relaxing)
 .debug_str     0x0006fd6f      0x221 Src/usbd_desc.o
                              0x6bb31 (size before relaxing)
 .debug_str     0x0006ff90       0x2f startup/startup_stm32f103xb.o
                                 0x67 (size before relaxing)

.comment        0x00000000       0x7f
 .comment       0x00000000       0x7f Drivers/STM32F1xx_HAL_Driver/Src/stm32f1xx_hal.o
                                 0x80 (size before relaxing)
 .comment       0x0000007f       0x80 Drivers/STM32F1xx_HAL_Driver/Src/stm32f1xx_hal_cortex.o
 .comment       0x0000007f       0x80 Drivers/STM32F1xx_HAL_Driver/Src/stm32f1xx_hal_gpio.o
 .comment       0x0000007f       0x80 Drivers/STM32F1xx_HAL_Driver/Src/stm32f1xx_hal_pcd.o
 .comment       0x0000007f       0x80 Drivers/STM32F1xx_HAL_Driver/Src/stm32f1xx_hal_pcd_ex.o
 .comment       0x0000007f       0x80 Drivers/STM32F1xx_HAL_Driver/Src/stm32f1xx_hal_rcc.o
 .comment       0x0000007f       0x80 Drivers/STM32F1xx_HAL_Driver/Src/stm32f1xx_hal_rcc_ex.o
 .comment       0x0000007f       0x80 Drivers/STM32F1xx_HAL_Driver/Src/stm32f1xx_hal_spi.o
 .comment       0x0000007f       0x80 Drivers/STM32F1xx_HAL_Driver/Src/stm32f1xx_hal_spi_ex.o
 .comment       0x0000007f       0x80 Drivers/STM32F1xx_HAL_Driver/Src/stm32f1xx_ll_usb.o
 .comment       0x0000007f       0x80 Middlewares/ST/STM32_USB_Device_Library/Class/CDC/Src/usbd_cdc.o
 .comment       0x0000007f       0x80 Middlewares/ST/STM32_USB_Device_Library/Core/Src/usbd_core.o
 .comment       0x0000007f       0x80 Middlewares/ST/STM32_USB_Device_Library/Core/Src/usbd_ctlreq.o
 .comment       0x0000007f       0x80 Middlewares/ST/STM32_USB_Device_Library/Core/Src/usbd_ioreq.o
 .comment       0x0000007f       0x80 Src/main.o
 .comment       0x0000007f       0x80 Src/stm32f1xx_hal_msp.o
 .comment       0x0000007f       0x80 Src/stm32f1xx_it.o
 .comment       0x0000007f       0x80 Src/system_stm32f1xx.o
 .comment       0x0000007f       0x80 Src/tm2_stm32_nrf24l01.o
 .comment       0x0000007f       0x80 Src/usb_device.o
 .comment       0x0000007f       0x80 Src/usbd_cdc_if.o
 .comment       0x0000007f       0x80 Src/usbd_conf.o
 .comment       0x0000007f       0x80 Src/usbd_desc.o

.debug_frame    0x00000000     0x1f70
 .debug_frame   0x00000000      0x1ac Drivers/STM32F1xx_HAL_Driver/Src/stm32f1xx_hal.o
 .debug_frame   0x000001ac      0x12c Drivers/STM32F1xx_HAL_Driver/Src/stm32f1xx_hal_cortex.o
 .debug_frame   0x000002d8       0xd4 Drivers/STM32F1xx_HAL_Driver/Src/stm32f1xx_hal_gpio.o
 .debug_frame   0x000003ac      0x300 Drivers/STM32F1xx_HAL_Driver/Src/stm32f1xx_hal_pcd.o
 .debug_frame   0x000006ac       0x30 Drivers/STM32F1xx_HAL_Driver/Src/stm32f1xx_hal_pcd_ex.o
 .debug_frame   0x000006dc      0x174 Drivers/STM32F1xx_HAL_Driver/Src/stm32f1xx_hal_rcc.o
 .debug_frame   0x00000850       0x6c Drivers/STM32F1xx_HAL_Driver/Src/stm32f1xx_hal_rcc_ex.o
 .debug_frame   0x000008bc      0x56c Drivers/STM32F1xx_HAL_Driver/Src/stm32f1xx_hal_spi.o
 .debug_frame   0x00000e28       0x2c Drivers/STM32F1xx_HAL_Driver/Src/stm32f1xx_hal_spi_ex.o
 .debug_frame   0x00000e54      0x23c Drivers/STM32F1xx_HAL_Driver/Src/stm32f1xx_ll_usb.o
 .debug_frame   0x00001090      0x14c Middlewares/ST/STM32_USB_Device_Library/Class/CDC/Src/usbd_cdc.o
 .debug_frame   0x000011dc      0x1bc Middlewares/ST/STM32_USB_Device_Library/Core/Src/usbd_core.o
 .debug_frame   0x00001398      0x17c Middlewares/ST/STM32_USB_Device_Library/Core/Src/usbd_ctlreq.o
 .debug_frame   0x00001514       0xb8 Middlewares/ST/STM32_USB_Device_Library/Core/Src/usbd_ioreq.o
 .debug_frame   0x000015cc       0xcc Src/main.o
 .debug_frame   0x00001698       0x64 Src/stm32f1xx_hal_msp.o
 .debug_frame   0x000016fc       0xc0 Src/stm32f1xx_it.o
 .debug_frame   0x000017bc       0x30 Src/system_stm32f1xx.o
 .debug_frame   0x000017ec      0x330 Src/tm2_stm32_nrf24l01.o
 .debug_frame   0x00001b1c       0x28 Src/usb_device.o
 .debug_frame   0x00001b44       0x7c Src/usbd_cdc_if.o
 .debug_frame   0x00001bc0      0x2dc Src/usbd_conf.o
 .debug_frame   0x00001e9c       0xa8 Src/usbd_desc.o
 .debug_frame   0x00001f44       0x2c c:/ac6/systemworkbench/plugins/fr.ac6.mcu.externaltools.arm-none.win32_1.17.0.201812190825/tools/compiler/bin/../lib/gcc/arm-none-eabi/7.3.1/../../../../arm-none-eabi/lib/thumb/v7-m\libc_nano.a(lib_a-init.o)
